[2022-09-07T15:47:10.247+0000][7][gc,init] CardTable entry size: 512
[2022-09-07T15:47:10.247+0000][7][gc     ] Using G1
[2022-09-07T15:47:11.389+0000][7][gc,init] Version: 18.0.2+9-61 (release)
[2022-09-07T15:47:11.389+0000][7][gc,init] CPUs: 8 total, 8 available
[2022-09-07T15:47:11.389+0000][7][gc,init] Memory: 64312M
[2022-09-07T15:47:11.389+0000][7][gc,init] Large Page Support: Disabled
[2022-09-07T15:47:11.389+0000][7][gc,init] NUMA Support: Disabled
[2022-09-07T15:47:11.389+0000][7][gc,init] Compressed Oops: Enabled (Non-zero disjoint base)
[2022-09-07T15:47:11.389+0000][7][gc,init] Heap Region Size: 16M
[2022-09-07T15:47:11.389+0000][7][gc,init] Heap Min Capacity: 31G
[2022-09-07T15:47:11.389+0000][7][gc,init] Heap Initial Capacity: 31G
[2022-09-07T15:47:11.389+0000][7][gc,init] Heap Max Capacity: 31G
[2022-09-07T15:47:11.389+0000][7][gc,init] Pre-touch: Enabled
[2022-09-07T15:47:11.389+0000][7][gc,init] Parallel Workers: 8
[2022-09-07T15:47:11.389+0000][7][gc,init] Concurrent Workers: 2
[2022-09-07T15:47:11.389+0000][7][gc,init] Concurrent Refinement Workers: 8
[2022-09-07T15:47:11.389+0000][7][gc,init] Periodic GC: Disabled
[2022-09-07T15:47:11.389+0000][7][gc,metaspace] CDS archive(s) mapped at: [0x0000000800000000-0x0000000800bae000-0x0000000800bae000), size 12247040, SharedBaseAddress: 0x0000000800000000, ArchiveRelocationMode: 0.
[2022-09-07T15:47:11.389+0000][7][gc,metaspace] Compressed class space mapped at: 0x0000000800c00000-0x0000000840c00000, reserved size: 1073741824
[2022-09-07T15:47:11.389+0000][7][gc,metaspace] Narrow klass base: 0x0000000800000000, Narrow klass shift: 0, Narrow klass range: 0x100000000
[2022-09-07T15:47:11.804+0000][7][safepoint   ] Safepoint "ICBufferFull", Time since last: 410066632 ns, Reaching safepoint: 163174 ns, At safepoint: 4808 ns, Total: 167982 ns
[2022-09-07T15:47:12.183+0000][7][safepoint   ] Safepoint "ICBufferFull", Time since last: 379096736 ns, Reaching safepoint: 94723 ns, At safepoint: 4761 ns, Total: 99484 ns
[2022-09-07T15:47:12.494+0000][7][safepoint   ] Safepoint "ICBufferFull", Time since last: 310257660 ns, Reaching safepoint: 187169 ns, At safepoint: 9106 ns, Total: 196275 ns
[2022-09-07T15:47:12.948+0000][7][safepoint   ] Safepoint "ICBufferFull", Time since last: 454388651 ns, Reaching safepoint: 124493 ns, At safepoint: 7488 ns, Total: 131981 ns
[2022-09-07T15:47:13.590+0000][7][safepoint   ] Safepoint "ICBufferFull", Time since last: 641486200 ns, Reaching safepoint: 129454 ns, At safepoint: 9758 ns, Total: 139212 ns
[2022-09-07T15:47:14.174+0000][7][gc,start    ] GC(0) Pause Young (Concurrent Start) (Metadata GC Threshold)
[2022-09-07T15:47:14.174+0000][7][gc,task     ] GC(0) Using 8 workers of 8 for evacuation
[2022-09-07T15:47:14.174+0000][7][gc,age      ] GC(0) Desired survivor size 109051904 bytes, new threshold 15 (max threshold 15)
[2022-09-07T15:47:14.183+0000][7][gc,phases   ] GC(0)   Pre Evacuate Collection Set: 0.5ms
[2022-09-07T15:47:14.183+0000][7][gc,phases   ] GC(0)   Merge Heap Roots: 0.2ms
[2022-09-07T15:47:14.183+0000][7][gc,phases   ] GC(0)   Evacuate Collection Set: 7.0ms
[2022-09-07T15:47:14.183+0000][7][gc,phases   ] GC(0)   Post Evacuate Collection Set: 1.0ms
[2022-09-07T15:47:14.183+0000][7][gc,phases   ] GC(0)   Other: 0.1ms
[2022-09-07T15:47:14.183+0000][7][gc,age      ] GC(0) Age table with threshold 15 (max threshold 15)
[2022-09-07T15:47:14.183+0000][7][gc,age      ] GC(0) - age   1:   18190824 bytes,   18190824 total
[2022-09-07T15:47:14.183+0000][7][gc,heap     ] GC(0) Eden regions: 87->0(97)
[2022-09-07T15:47:14.183+0000][7][gc,heap     ] GC(0) Survivor regions: 0->2(13)
[2022-09-07T15:47:14.183+0000][7][gc,heap     ] GC(0) Old regions: 0->0
[2022-09-07T15:47:14.183+0000][7][gc,heap     ] GC(0) Archive regions: 2->2
[2022-09-07T15:47:14.183+0000][7][gc,heap     ] GC(0) Humongous regions: 0->0
[2022-09-07T15:47:14.183+0000][7][gc,metaspace] GC(0) Metaspace: 20997K(21504K)->20997K(21504K) NonClass: 18489K(18816K)->18489K(18816K) Class: 2508K(2688K)->2508K(2688K)
[2022-09-07T15:47:14.183+0000][7][gc          ] GC(0) Pause Young (Concurrent Start) (Metadata GC Threshold) 1407M->33M(31744M) 9.177ms
[2022-09-07T15:47:14.183+0000][7][gc,cpu      ] GC(0) User=0.05s Sys=0.01s Real=0.01s
[2022-09-07T15:47:14.183+0000][7][gc          ] GC(1) Concurrent Mark Cycle
[2022-09-07T15:47:14.183+0000][7][safepoint   ] Safepoint "CollectForMetadataAllocation", Time since last: 583950818 ns, Reaching safepoint: 80024 ns, At safepoint: 9306822 ns, Total: 9386846 ns
[2022-09-07T15:47:14.183+0000][7][gc,marking  ] GC(1) Concurrent Clear Claimed Marks
[2022-09-07T15:47:14.183+0000][7][gc,marking  ] GC(1) Concurrent Clear Claimed Marks 0.096ms
[2022-09-07T15:47:14.184+0000][7][gc,marking  ] GC(1) Concurrent Scan Root Regions
[2022-09-07T15:47:14.191+0000][7][gc,marking  ] GC(1) Concurrent Scan Root Regions 7.521ms
[2022-09-07T15:47:14.191+0000][7][gc,marking  ] GC(1) Concurrent Mark
[2022-09-07T15:47:14.191+0000][7][gc,marking  ] GC(1) Concurrent Mark From Roots
[2022-09-07T15:47:14.191+0000][7][gc,task     ] GC(1) Using 2 workers of 2 for marking
[2022-09-07T15:47:14.194+0000][7][gc,marking  ] GC(1) Concurrent Mark From Roots 3.038ms
[2022-09-07T15:47:14.194+0000][7][gc,marking  ] GC(1) Concurrent Preclean
[2022-09-07T15:47:14.194+0000][7][gc,marking  ] GC(1) Concurrent Preclean 0.007ms
[2022-09-07T15:47:14.194+0000][7][gc,start    ] GC(1) Pause Remark
[2022-09-07T15:47:14.196+0000][7][gc          ] GC(1) Pause Remark 49M->49M(31744M) 1.889ms
[2022-09-07T15:47:14.196+0000][7][gc,cpu      ] GC(1) User=0.01s Sys=0.01s Real=0.00s
[2022-09-07T15:47:14.196+0000][7][safepoint   ] Safepoint "G1Concurrent", Time since last: 10812165 ns, Reaching safepoint: 100675 ns, At safepoint: 1935171 ns, Total: 2035846 ns
[2022-09-07T15:47:14.196+0000][7][gc,marking  ] GC(1) Concurrent Mark 5.162ms
[2022-09-07T15:47:14.196+0000][7][gc,marking  ] GC(1) Concurrent Rebuild Remembered Sets
[2022-09-07T15:47:14.196+0000][7][gc,marking  ] GC(1) Concurrent Rebuild Remembered Sets 0.005ms
[2022-09-07T15:47:14.197+0000][7][gc,start    ] GC(1) Pause Cleanup
[2022-09-07T15:47:14.197+0000][7][gc          ] GC(1) Pause Cleanup 49M->49M(31744M) 0.010ms
[2022-09-07T15:47:14.197+0000][7][gc,cpu      ] GC(1) User=0.00s Sys=0.00s Real=0.00s
[2022-09-07T15:47:14.197+0000][7][safepoint   ] Safepoint "G1Concurrent", Time since last: 54545 ns, Reaching safepoint: 233564 ns, At safepoint: 32743 ns, Total: 266307 ns
[2022-09-07T15:47:14.197+0000][7][gc,marking  ] GC(1) Concurrent Cleanup for Next Mark
[2022-09-07T15:47:14.216+0000][7][gc,marking  ] GC(1) Concurrent Cleanup for Next Mark 19.664ms
[2022-09-07T15:47:14.216+0000][7][gc          ] GC(1) Concurrent Mark Cycle 32.940ms
[2022-09-07T15:47:14.738+0000][7][safepoint   ] Safepoint "ICBufferFull", Time since last: 540791363 ns, Reaching safepoint: 215271 ns, At safepoint: 5711 ns, Total: 220982 ns
[2022-09-07T15:47:15.146+0000][7][safepoint   ] Safepoint "ICBufferFull", Time since last: 408522386 ns, Reaching safepoint: 134416 ns, At safepoint: 4441 ns, Total: 138857 ns
[2022-09-07T15:47:16.131+0000][7][safepoint   ] Safepoint "ICBufferFull", Time since last: 984268258 ns, Reaching safepoint: 128843 ns, At safepoint: 4511 ns, Total: 133354 ns
[2022-09-07T15:47:16.164+0000][7][gc,start    ] GC(2) Pause Young (Concurrent Start) (Metadata GC Threshold)
[2022-09-07T15:47:16.164+0000][7][gc,task     ] GC(2) Using 8 workers of 8 for evacuation
[2022-09-07T15:47:16.164+0000][7][gc,age      ] GC(2) Desired survivor size 109051904 bytes, new threshold 15 (max threshold 15)
[2022-09-07T15:47:16.180+0000][7][gc,phases   ] GC(2)   Pre Evacuate Collection Set: 0.2ms
[2022-09-07T15:47:16.180+0000][7][gc,phases   ] GC(2)   Merge Heap Roots: 0.1ms
[2022-09-07T15:47:16.180+0000][7][gc,phases   ] GC(2)   Evacuate Collection Set: 14.2ms
[2022-09-07T15:47:16.180+0000][7][gc,phases   ] GC(2)   Post Evacuate Collection Set: 1.1ms
[2022-09-07T15:47:16.180+0000][7][gc,phases   ] GC(2)   Other: 0.0ms
[2022-09-07T15:47:16.180+0000][7][gc,age      ] GC(2) Age table with threshold 15 (max threshold 15)
[2022-09-07T15:47:16.180+0000][7][gc,age      ] GC(2) - age   1:   28015904 bytes,   28015904 total
[2022-09-07T15:47:16.180+0000][7][gc,age      ] GC(2) - age   2:   17844848 bytes,   45860752 total
[2022-09-07T15:47:16.180+0000][7][gc,heap     ] GC(2) Eden regions: 31->0(96)
[2022-09-07T15:47:16.180+0000][7][gc,heap     ] GC(2) Survivor regions: 2->3(13)
[2022-09-07T15:47:16.180+0000][7][gc,heap     ] GC(2) Old regions: 0->0
[2022-09-07T15:47:16.180+0000][7][gc,heap     ] GC(2) Archive regions: 2->2
[2022-09-07T15:47:16.180+0000][7][gc,heap     ] GC(2) Humongous regions: 0->0
[2022-09-07T15:47:16.180+0000][7][gc,metaspace] GC(2) Metaspace: 34942K(35968K)->34942K(35968K) NonClass: 30464K(31040K)->30464K(31040K) Class: 4478K(4928K)->4478K(4928K)
[2022-09-07T15:47:16.180+0000][7][gc          ] GC(2) Pause Young (Concurrent Start) (Metadata GC Threshold) 529M->60M(31744M) 15.841ms
[2022-09-07T15:47:16.180+0000][7][gc,cpu      ] GC(2) User=0.12s Sys=0.00s Real=0.01s
[2022-09-07T15:47:16.180+0000][7][gc          ] GC(3) Concurrent Mark Cycle
[2022-09-07T15:47:16.180+0000][7][gc,marking  ] GC(3) Concurrent Clear Claimed Marks
[2022-09-07T15:47:16.180+0000][7][safepoint   ] Safepoint "CollectForMetadataAllocation", Time since last: 33542289 ns, Reaching safepoint: 59649 ns, At safepoint: 15938703 ns, Total: 15998352 ns
[2022-09-07T15:47:16.180+0000][7][gc,marking  ] GC(3) Concurrent Clear Claimed Marks 0.049ms
[2022-09-07T15:47:16.180+0000][7][gc,marking  ] GC(3) Concurrent Scan Root Regions
[2022-09-07T15:47:16.191+0000][7][safepoint   ] Safepoint "CollectForMetadataAllocation", Time since last: 11034667 ns, Reaching safepoint: 40920 ns, At safepoint: 39201 ns, Total: 80121 ns
[2022-09-07T15:47:16.192+0000][7][gc,marking  ] GC(3) Concurrent Scan Root Regions 12.277ms
[2022-09-07T15:47:16.192+0000][7][gc,marking  ] GC(3) Concurrent Mark
[2022-09-07T15:47:16.192+0000][7][gc,marking  ] GC(3) Concurrent Mark From Roots
[2022-09-07T15:47:16.193+0000][7][gc,task     ] GC(3) Using 2 workers of 2 for marking
[2022-09-07T15:47:16.196+0000][7][gc,marking  ] GC(3) Concurrent Mark From Roots 3.066ms
[2022-09-07T15:47:16.196+0000][7][gc,marking  ] GC(3) Concurrent Preclean
[2022-09-07T15:47:16.196+0000][7][gc,marking  ] GC(3) Concurrent Preclean 0.010ms
[2022-09-07T15:47:16.196+0000][7][gc,start    ] GC(3) Pause Remark
[2022-09-07T15:47:16.197+0000][7][gc          ] GC(3) Pause Remark 68M->68M(31744M) 1.658ms
[2022-09-07T15:47:16.197+0000][7][gc,cpu      ] GC(3) User=0.01s Sys=0.01s Real=0.00s
[2022-09-07T15:47:16.197+0000][7][safepoint   ] Safepoint "G1Concurrent", Time since last: 4359953 ns, Reaching safepoint: 104787 ns, At safepoint: 1708141 ns, Total: 1812928 ns
[2022-09-07T15:47:16.197+0000][7][gc,marking  ] GC(3) Concurrent Mark 4.968ms
[2022-09-07T15:47:16.197+0000][7][gc,marking  ] GC(3) Concurrent Rebuild Remembered Sets
[2022-09-07T15:47:16.197+0000][7][gc,marking  ] GC(3) Concurrent Rebuild Remembered Sets 0.006ms
[2022-09-07T15:47:16.201+0000][7][gc,start    ] GC(3) Pause Cleanup
[2022-09-07T15:47:16.201+0000][7][gc          ] GC(3) Pause Cleanup 68M->68M(31744M) 0.013ms
[2022-09-07T15:47:16.201+0000][7][gc,cpu      ] GC(3) User=0.00s Sys=0.00s Real=0.00s
[2022-09-07T15:47:16.201+0000][7][safepoint   ] Safepoint "G1Concurrent", Time since last: 56774 ns, Reaching safepoint: 3147493 ns, At safepoint: 37170 ns, Total: 3184663 ns
[2022-09-07T15:47:16.201+0000][7][gc,marking  ] GC(3) Concurrent Cleanup for Next Mark
[2022-09-07T15:47:16.220+0000][7][gc,marking  ] GC(3) Concurrent Cleanup for Next Mark 19.453ms
[2022-09-07T15:47:16.220+0000][7][gc          ] GC(3) Concurrent Mark Cycle 40.096ms
[2022-09-07T15:47:17.105+0000][7][safepoint   ] Safepoint "ICBufferFull", Time since last: 904696903 ns, Reaching safepoint: 110839 ns, At safepoint: 5784 ns, Total: 116623 ns
[2022-09-07T15:47:18.106+0000][7][safepoint   ] Safepoint "Cleanup", Time since last: 1000142866 ns, Reaching safepoint: 170949 ns, At safepoint: 9160 ns, Total: 180109 ns
[2022-09-07T15:47:19.085+0000][7][safepoint   ] Safepoint "ICBufferFull", Time since last: 978420382 ns, Reaching safepoint: 727017 ns, At safepoint: 8320 ns, Total: 735337 ns
[2022-09-07T15:47:19.338+0000][7][gc,start    ] GC(4) Pause Young (Concurrent Start) (Metadata GC Threshold)
[2022-09-07T15:47:19.338+0000][7][gc,task     ] GC(4) Using 8 workers of 8 for evacuation
[2022-09-07T15:47:19.338+0000][7][gc,age      ] GC(4) Desired survivor size 109051904 bytes, new threshold 15 (max threshold 15)
[2022-09-07T15:47:19.360+0000][7][gc,phases   ] GC(4)   Pre Evacuate Collection Set: 0.3ms
[2022-09-07T15:47:19.360+0000][7][gc,phases   ] GC(4)   Merge Heap Roots: 0.1ms
[2022-09-07T15:47:19.360+0000][7][gc,phases   ] GC(4)   Evacuate Collection Set: 20.9ms
[2022-09-07T15:47:19.360+0000][7][gc,phases   ] GC(4)   Post Evacuate Collection Set: 1.4ms
[2022-09-07T15:47:19.360+0000][7][gc,phases   ] GC(4)   Other: 0.0ms
[2022-09-07T15:47:19.360+0000][7][gc,age      ] GC(4) Age table with threshold 15 (max threshold 15)
[2022-09-07T15:47:19.360+0000][7][gc,age      ] GC(4) - age   1:   10209544 bytes,   10209544 total
[2022-09-07T15:47:19.360+0000][7][gc,age      ] GC(4) - age   2:   27574096 bytes,   37783640 total
[2022-09-07T15:47:19.360+0000][7][gc,age      ] GC(4) - age   3:   17758000 bytes,   55541640 total
[2022-09-07T15:47:19.361+0000][7][gc,heap     ] GC(4) Eden regions: 25->0(95)
[2022-09-07T15:47:19.361+0000][7][gc,heap     ] GC(4) Survivor regions: 3->4(13)
[2022-09-07T15:47:19.361+0000][7][gc,heap     ] GC(4) Old regions: 0->0
[2022-09-07T15:47:19.361+0000][7][gc,heap     ] GC(4) Archive regions: 2->2
[2022-09-07T15:47:19.361+0000][7][gc,heap     ] GC(4) Humongous regions: 0->0
[2022-09-07T15:47:19.361+0000][7][gc,metaspace] GC(4) Metaspace: 59442K(60800K)->59442K(60800K) NonClass: 51641K(52480K)->51641K(52480K) Class: 7800K(8320K)->7800K(8320K)
[2022-09-07T15:47:19.361+0000][7][gc          ] GC(4) Pause Young (Concurrent Start) (Metadata GC Threshold) 460M->72M(31744M) 22.953ms
[2022-09-07T15:47:19.361+0000][7][gc,cpu      ] GC(4) User=0.16s Sys=0.00s Real=0.02s
[2022-09-07T15:47:19.361+0000][7][gc          ] GC(5) Concurrent Mark Cycle
[2022-09-07T15:47:19.361+0000][7][gc,marking  ] GC(5) Concurrent Clear Claimed Marks
[2022-09-07T15:47:19.361+0000][7][safepoint   ] Safepoint "CollectForMetadataAllocation", Time since last: 252562292 ns, Reaching safepoint: 49852 ns, At safepoint: 23055647 ns, Total: 23105499 ns
[2022-09-07T15:47:19.361+0000][7][gc,marking  ] GC(5) Concurrent Clear Claimed Marks 0.065ms
[2022-09-07T15:47:19.361+0000][7][gc,marking  ] GC(5) Concurrent Scan Root Regions
[2022-09-07T15:47:19.377+0000][7][gc,marking  ] GC(5) Concurrent Scan Root Regions 15.906ms
[2022-09-07T15:47:19.377+0000][7][gc,marking  ] GC(5) Concurrent Mark
[2022-09-07T15:47:19.377+0000][7][gc,marking  ] GC(5) Concurrent Mark From Roots
[2022-09-07T15:47:19.377+0000][7][gc,task     ] GC(5) Using 2 workers of 2 for marking
[2022-09-07T15:47:19.380+0000][7][gc,marking  ] GC(5) Concurrent Mark From Roots 3.227ms
[2022-09-07T15:47:19.380+0000][7][gc,marking  ] GC(5) Concurrent Preclean
[2022-09-07T15:47:19.380+0000][7][gc,marking  ] GC(5) Concurrent Preclean 0.008ms
[2022-09-07T15:47:19.380+0000][7][gc,start    ] GC(5) Pause Remark
[2022-09-07T15:47:19.382+0000][7][gc          ] GC(5) Pause Remark 80M->80M(31744M) 2.267ms
[2022-09-07T15:47:19.382+0000][7][gc,cpu      ] GC(5) User=0.01s Sys=0.00s Real=0.01s
[2022-09-07T15:47:19.382+0000][7][safepoint   ] Safepoint "G1Concurrent", Time since last: 19283755 ns, Reaching safepoint: 120813 ns, At safepoint: 2325751 ns, Total: 2446564 ns
[2022-09-07T15:47:19.382+0000][7][gc,marking  ] GC(5) Concurrent Mark 5.763ms
[2022-09-07T15:47:19.382+0000][7][gc,marking  ] GC(5) Concurrent Rebuild Remembered Sets
[2022-09-07T15:47:19.382+0000][7][gc,marking  ] GC(5) Concurrent Rebuild Remembered Sets 0.005ms
[2022-09-07T15:47:19.383+0000][7][gc,start    ] GC(5) Pause Cleanup
[2022-09-07T15:47:19.383+0000][7][gc          ] GC(5) Pause Cleanup 80M->80M(31744M) 0.010ms
[2022-09-07T15:47:19.383+0000][7][gc,cpu      ] GC(5) User=0.00s Sys=0.00s Real=0.00s
[2022-09-07T15:47:19.383+0000][7][safepoint   ] Safepoint "G1Concurrent", Time since last: 54807 ns, Reaching safepoint: 100837 ns, At safepoint: 34457 ns, Total: 135294 ns
[2022-09-07T15:47:19.383+0000][7][gc,marking  ] GC(5) Concurrent Cleanup for Next Mark
[2022-09-07T15:47:19.403+0000][7][gc,marking  ] GC(5) Concurrent Cleanup for Next Mark 20.800ms
[2022-09-07T15:47:19.403+0000][7][gc          ] GC(5) Concurrent Mark Cycle 42.858ms
[2022-09-07T15:47:20.701+0000][7][safepoint   ] Safepoint "Cleanup", Time since last: 1318187256 ns, Reaching safepoint: 399041 ns, At safepoint: 14540 ns, Total: 413581 ns
[2022-09-07T15:47:21.181+0000][7][safepoint   ] Safepoint "ICBufferFull", Time since last: 479279147 ns, Reaching safepoint: 186636 ns, At safepoint: 10001 ns, Total: 196637 ns
[2022-09-07T15:47:21.867+0000][7][safepoint   ] Safepoint "ICBufferFull", Time since last: 686407192 ns, Reaching safepoint: 255565 ns, At safepoint: 5945 ns, Total: 261510 ns
[2022-09-07T15:47:22.477+0000][7][safepoint   ] Safepoint "ICBufferFull", Time since last: 609408350 ns, Reaching safepoint: 128002 ns, At safepoint: 7230 ns, Total: 135232 ns
[2022-09-07T15:47:23.213+0000][7][safepoint   ] Safepoint "ICBufferFull", Time since last: 736402610 ns, Reaching safepoint: 122754 ns, At safepoint: 7168 ns, Total: 129922 ns
[2022-09-07T15:47:23.674+0000][7][gc,start    ] GC(6) Pause Young (Concurrent Start) (Metadata GC Threshold)
[2022-09-07T15:47:23.674+0000][7][gc,task     ] GC(6) Using 8 workers of 8 for evacuation
[2022-09-07T15:47:23.674+0000][7][gc,age      ] GC(6) Desired survivor size 109051904 bytes, new threshold 15 (max threshold 15)
[2022-09-07T15:47:23.702+0000][7][gc,phases   ] GC(6)   Pre Evacuate Collection Set: 0.4ms
[2022-09-07T15:47:23.702+0000][7][gc,phases   ] GC(6)   Merge Heap Roots: 0.1ms
[2022-09-07T15:47:23.702+0000][7][gc,phases   ] GC(6)   Evacuate Collection Set: 25.5ms
[2022-09-07T15:47:23.702+0000][7][gc,phases   ] GC(6)   Post Evacuate Collection Set: 1.9ms
[2022-09-07T15:47:23.702+0000][7][gc,phases   ] GC(6)   Other: 0.0ms
[2022-09-07T15:47:23.702+0000][7][gc,age      ] GC(6) Age table with threshold 15 (max threshold 15)
[2022-09-07T15:47:23.702+0000][7][gc,age      ] GC(6) - age   1:   23444264 bytes,   23444264 total
[2022-09-07T15:47:23.702+0000][7][gc,age      ] GC(6) - age   2:    9469624 bytes,   32913888 total
[2022-09-07T15:47:23.702+0000][7][gc,age      ] GC(6) - age   3:   27469344 bytes,   60383232 total
[2022-09-07T15:47:23.702+0000][7][gc,age      ] GC(6) - age   4:   17655712 bytes,   78038944 total
[2022-09-07T15:47:23.702+0000][7][gc,heap     ] GC(6) Eden regions: 30->0(94)
[2022-09-07T15:47:23.702+0000][7][gc,heap     ] GC(6) Survivor regions: 4->5(13)
[2022-09-07T15:47:23.702+0000][7][gc,heap     ] GC(6) Old regions: 0->0
[2022-09-07T15:47:23.702+0000][7][gc,heap     ] GC(6) Archive regions: 2->2
[2022-09-07T15:47:23.702+0000][7][gc,heap     ] GC(6) Humongous regions: 0->0
[2022-09-07T15:47:23.702+0000][7][gc,metaspace] GC(6) Metaspace: 98710K(101440K)->98710K(101440K) NonClass: 85041K(86464K)->85041K(86464K) Class: 13668K(14976K)->13668K(14976K)
[2022-09-07T15:47:23.702+0000][7][gc          ] GC(6) Pause Young (Concurrent Start) (Metadata GC Threshold) 552M->95M(31744M) 28.016ms
[2022-09-07T15:47:23.702+0000][7][gc          ] GC(7) Concurrent Mark Cycle
[2022-09-07T15:47:23.702+0000][7][gc,cpu      ] GC(6) User=0.20s Sys=0.00s Real=0.03s
[2022-09-07T15:47:23.702+0000][7][gc,marking  ] GC(7) Concurrent Clear Claimed Marks
[2022-09-07T15:47:23.702+0000][7][safepoint   ] Safepoint "CollectForMetadataAllocation", Time since last: 460840645 ns, Reaching safepoint: 120344 ns, At safepoint: 28147118 ns, Total: 28267462 ns
[2022-09-07T15:47:23.703+0000][7][gc,marking  ] GC(7) Concurrent Clear Claimed Marks 0.184ms
[2022-09-07T15:47:23.703+0000][7][gc,marking  ] GC(7) Concurrent Scan Root Regions
[2022-09-07T15:47:23.724+0000][7][gc,marking  ] GC(7) Concurrent Scan Root Regions 21.387ms
[2022-09-07T15:47:23.724+0000][7][gc,marking  ] GC(7) Concurrent Mark
[2022-09-07T15:47:23.724+0000][7][gc,marking  ] GC(7) Concurrent Mark From Roots
[2022-09-07T15:47:23.724+0000][7][gc,task     ] GC(7) Using 2 workers of 2 for marking
[2022-09-07T15:47:23.727+0000][7][gc,marking  ] GC(7) Concurrent Mark From Roots 3.110ms
[2022-09-07T15:47:23.727+0000][7][gc,marking  ] GC(7) Concurrent Preclean
[2022-09-07T15:47:23.727+0000][7][gc,marking  ] GC(7) Concurrent Preclean 0.007ms
[2022-09-07T15:47:23.727+0000][7][gc,start    ] GC(7) Pause Remark
[2022-09-07T15:47:23.730+0000][7][gc          ] GC(7) Pause Remark 111M->111M(31744M) 2.814ms
[2022-09-07T15:47:23.730+0000][7][gc,cpu      ] GC(7) User=0.02s Sys=0.00s Real=0.01s
[2022-09-07T15:47:23.730+0000][7][safepoint   ] Safepoint "G1Concurrent", Time since last: 24734551 ns, Reaching safepoint: 45396 ns, At safepoint: 2890058 ns, Total: 2935454 ns
[2022-09-07T15:47:23.730+0000][7][gc,marking  ] GC(7) Concurrent Mark 6.133ms
[2022-09-07T15:47:23.730+0000][7][gc,marking  ] GC(7) Concurrent Rebuild Remembered Sets
[2022-09-07T15:47:23.730+0000][7][gc,marking  ] GC(7) Concurrent Rebuild Remembered Sets 0.006ms
[2022-09-07T15:47:23.730+0000][7][gc,start    ] GC(7) Pause Cleanup
[2022-09-07T15:47:23.730+0000][7][gc          ] GC(7) Pause Cleanup 111M->111M(31744M) 0.016ms
[2022-09-07T15:47:23.730+0000][7][gc,cpu      ] GC(7) User=0.00s Sys=0.00s Real=0.00s
[2022-09-07T15:47:23.730+0000][7][safepoint   ] Safepoint "G1Concurrent", Time since last: 65188 ns, Reaching safepoint: 38819 ns, At safepoint: 56773 ns, Total: 95592 ns
[2022-09-07T15:47:23.730+0000][7][gc,marking  ] GC(7) Concurrent Cleanup for Next Mark
[2022-09-07T15:47:23.749+0000][7][gc,marking  ] GC(7) Concurrent Cleanup for Next Mark 19.023ms
[2022-09-07T15:47:23.749+0000][7][gc          ] GC(7) Concurrent Mark Cycle 47.014ms
[2022-09-07T15:47:24.491+0000][7][safepoint   ] Safepoint "ICBufferFull", Time since last: 760149105 ns, Reaching safepoint: 274733 ns, At safepoint: 13967 ns, Total: 288700 ns
[2022-09-07T15:47:25.268+0000][7][safepoint   ] Safepoint "ICBufferFull", Time since last: 775000412 ns, Reaching safepoint: 2233003 ns, At safepoint: 22565 ns, Total: 2255568 ns
[2022-09-07T15:47:26.512+0000][7][safepoint   ] Safepoint "ICBufferFull", Time since last: 1243203677 ns, Reaching safepoint: 337516 ns, At safepoint: 12975 ns, Total: 350491 ns
[2022-09-07T15:47:27.512+0000][7][safepoint   ] Safepoint "Cleanup", Time since last: 1000216510 ns, Reaching safepoint: 174399 ns, At safepoint: 14986 ns, Total: 189385 ns
[2022-09-07T15:47:28.512+0000][7][safepoint   ] Safepoint "Cleanup", Time since last: 1000187537 ns, Reaching safepoint: 105917 ns, At safepoint: 13707 ns, Total: 119624 ns
[2022-09-07T15:47:29.513+0000][7][safepoint   ] Safepoint "Cleanup", Time since last: 1000183549 ns, Reaching safepoint: 111111 ns, At safepoint: 13910 ns, Total: 125021 ns
[2022-09-07T15:47:34.513+0000][7][safepoint   ] Safepoint "Cleanup", Time since last: 5000651876 ns, Reaching safepoint: 111388 ns, At safepoint: 14553 ns, Total: 125941 ns
[2022-09-07T15:47:35.699+0000][7][safepoint   ] Safepoint "Cleanup", Time since last: 1185318860 ns, Reaching safepoint: 117109 ns, At safepoint: 5785 ns, Total: 122894 ns
[2022-09-07T15:47:36.699+0000][7][safepoint   ] Safepoint "Cleanup", Time since last: 1000143642 ns, Reaching safepoint: 193572 ns, At safepoint: 9038 ns, Total: 202610 ns
[2022-09-07T15:47:37.699+0000][7][safepoint   ] Safepoint "Cleanup", Time since last: 1000165892 ns, Reaching safepoint: 107781 ns, At safepoint: 19994 ns, Total: 127775 ns
[2022-09-07T15:47:39.700+0000][7][safepoint   ] Safepoint "Cleanup", Time since last: 2000300709 ns, Reaching safepoint: 105577 ns, At safepoint: 20530 ns, Total: 126107 ns
[2022-09-07T15:47:44.701+0000][7][safepoint   ] Safepoint "Cleanup", Time since last: 5000642201 ns, Reaching safepoint: 223519 ns, At safepoint: 22170 ns, Total: 245689 ns
[2022-09-07T15:47:46.701+0000][7][safepoint   ] Safepoint "Cleanup", Time since last: 2000301373 ns, Reaching safepoint: 189499 ns, At safepoint: 19440 ns, Total: 208939 ns
[2022-09-07T15:47:47.702+0000][7][safepoint   ] Safepoint "Cleanup", Time since last: 1000210461 ns, Reaching safepoint: 136988 ns, At safepoint: 19410 ns, Total: 156398 ns
[2022-09-07T15:47:53.703+0000][7][safepoint   ] Safepoint "Cleanup", Time since last: 6000775429 ns, Reaching safepoint: 123684 ns, At safepoint: 13844 ns, Total: 137528 ns
[2022-09-07T15:47:54.703+0000][7][safepoint   ] Safepoint "Cleanup", Time since last: 1000208385 ns, Reaching safepoint: 119428 ns, At safepoint: 14367 ns, Total: 133795 ns
[2022-09-07T15:48:00.704+0000][7][safepoint   ] Safepoint "Cleanup", Time since last: 6000759812 ns, Reaching safepoint: 118288 ns, At safepoint: 14570 ns, Total: 132858 ns
[2022-09-07T15:48:04.704+0000][7][safepoint   ] Safepoint "Cleanup", Time since last: 4000511377 ns, Reaching safepoint: 122554 ns, At safepoint: 15034 ns, Total: 137588 ns
[2022-09-07T15:48:05.705+0000][7][safepoint   ] Safepoint "Cleanup", Time since last: 1000192920 ns, Reaching safepoint: 115058 ns, At safepoint: 14361 ns, Total: 129419 ns
[2022-09-07T15:48:07.705+0000][7][safepoint   ] Safepoint "Cleanup", Time since last: 2000273994 ns, Reaching safepoint: 117894 ns, At safepoint: 13367 ns, Total: 131261 ns
[2022-09-07T15:48:14.706+0000][7][safepoint   ] Safepoint "Cleanup", Time since last: 7000792141 ns, Reaching safepoint: 120747 ns, At safepoint: 14504 ns, Total: 135251 ns
[2022-09-07T15:48:15.706+0000][7][safepoint   ] Safepoint "Cleanup", Time since last: 1000202709 ns, Reaching safepoint: 125308 ns, At safepoint: 14161 ns, Total: 139469 ns
[2022-09-07T15:48:19.707+0000][7][safepoint   ] Safepoint "Cleanup", Time since last: 4000508047 ns, Reaching safepoint: 118141 ns, At safepoint: 14326 ns, Total: 132467 ns
[2022-09-07T15:48:20.707+0000][7][safepoint   ] Safepoint "Cleanup", Time since last: 1000184637 ns, Reaching safepoint: 109514 ns, At safepoint: 14103 ns, Total: 123617 ns
[2022-09-07T15:48:21.708+0000][7][safepoint   ] Safepoint "Cleanup", Time since last: 1000170861 ns, Reaching safepoint: 124682 ns, At safepoint: 14384 ns, Total: 139066 ns
[2022-09-07T15:48:22.708+0000][7][safepoint   ] Safepoint "Cleanup", Time since last: 1000188932 ns, Reaching safepoint: 114544 ns, At safepoint: 14367 ns, Total: 128911 ns
[2022-09-07T15:48:23.708+0000][7][safepoint   ] Safepoint "Cleanup", Time since last: 1000195106 ns, Reaching safepoint: 117881 ns, At safepoint: 14391 ns, Total: 132272 ns
[2022-09-07T15:48:24.709+0000][7][safepoint   ] Safepoint "Cleanup", Time since last: 1000184917 ns, Reaching safepoint: 119048 ns, At safepoint: 15033 ns, Total: 134081 ns
[2022-09-07T15:48:28.709+0000][7][safepoint   ] Safepoint "Cleanup", Time since last: 4000523174 ns, Reaching safepoint: 131652 ns, At safepoint: 13884 ns, Total: 145536 ns
[2022-09-07T15:48:29.710+0000][7][safepoint   ] Safepoint "Cleanup", Time since last: 1000217589 ns, Reaching safepoint: 119128 ns, At safepoint: 14620 ns, Total: 133748 ns
[2022-09-07T15:48:39.711+0000][7][safepoint   ] Safepoint "Cleanup", Time since last: 10001305626 ns, Reaching safepoint: 117508 ns, At safepoint: 14750 ns, Total: 132258 ns
[2022-09-07T15:48:45.712+0000][7][safepoint   ] Safepoint "Cleanup", Time since last: 6000690782 ns, Reaching safepoint: 134438 ns, At safepoint: 22471 ns, Total: 156909 ns
[2022-09-07T15:48:53.713+0000][7][safepoint   ] Safepoint "Cleanup", Time since last: 8000956551 ns, Reaching safepoint: 125698 ns, At safepoint: 15777 ns, Total: 141475 ns
[2022-09-07T15:48:54.713+0000][7][safepoint   ] Safepoint "Cleanup", Time since last: 1000199666 ns, Reaching safepoint: 114648 ns, At safepoint: 14890 ns, Total: 129538 ns
[2022-09-07T15:49:00.714+0000][7][safepoint   ] Safepoint "Cleanup", Time since last: 6000751117 ns, Reaching safepoint: 121525 ns, At safepoint: 14677 ns, Total: 136202 ns
[2022-09-07T15:49:05.715+0000][7][safepoint   ] Safepoint "Cleanup", Time since last: 5000642746 ns, Reaching safepoint: 127028 ns, At safepoint: 14800 ns, Total: 141828 ns
[2022-09-07T15:49:06.715+0000][7][safepoint   ] Safepoint "Cleanup", Time since last: 1000190954 ns, Reaching safepoint: 124808 ns, At safepoint: 13033 ns, Total: 137841 ns
[2022-09-07T15:49:09.716+0000][7][safepoint   ] Safepoint "Cleanup", Time since last: 3000447024 ns, Reaching safepoint: 117076 ns, At safepoint: 13600 ns, Total: 130676 ns
[2022-09-07T15:49:19.717+0000][7][safepoint   ] Safepoint "Cleanup", Time since last: 10001290370 ns, Reaching safepoint: 101635 ns, At safepoint: 8885 ns, Total: 110520 ns
[2022-09-07T15:49:23.718+0000][7][safepoint   ] Safepoint "Cleanup", Time since last: 4000552022 ns, Reaching safepoint: 125611 ns, At safepoint: 15064 ns, Total: 140675 ns
[2022-09-07T15:49:27.867+0000][7][safepoint   ] Safepoint "Cleanup", Time since last: 4149032223 ns, Reaching safepoint: 199502 ns, At safepoint: 14893 ns, Total: 214395 ns
[2022-09-07T15:49:28.868+0000][7][safepoint   ] Safepoint "Cleanup", Time since last: 1000209154 ns, Reaching safepoint: 134008 ns, At safepoint: 14724 ns, Total: 148732 ns
[2022-09-07T15:49:29.868+0000][7][safepoint   ] Safepoint "Cleanup", Time since last: 1000198079 ns, Reaching safepoint: 120572 ns, At safepoint: 14593 ns, Total: 135165 ns
[2022-09-07T15:49:33.869+0000][7][safepoint   ] Safepoint "Cleanup", Time since last: 4000530298 ns, Reaching safepoint: 122972 ns, At safepoint: 14947 ns, Total: 137919 ns
[2022-09-07T15:49:53.871+0000][7][safepoint   ] Safepoint "Cleanup", Time since last: 20002445624 ns, Reaching safepoint: 137131 ns, At safepoint: 14566 ns, Total: 151697 ns
[2022-09-07T15:49:54.872+0000][7][safepoint   ] Safepoint "Cleanup", Time since last: 1000179236 ns, Reaching safepoint: 120548 ns, At safepoint: 14930 ns, Total: 135478 ns
[2022-09-07T15:49:59.872+0000][7][safepoint   ] Safepoint "Cleanup", Time since last: 5000639209 ns, Reaching safepoint: 121272 ns, At safepoint: 14860 ns, Total: 136132 ns
[2022-09-07T15:50:01.873+0000][7][safepoint   ] Safepoint "Cleanup", Time since last: 2000297515 ns, Reaching safepoint: 119661 ns, At safepoint: 14741 ns, Total: 134402 ns
[2022-09-07T15:50:21.875+0000][7][safepoint   ] Safepoint "Cleanup", Time since last: 20002360169 ns, Reaching safepoint: 140378 ns, At safepoint: 14833 ns, Total: 155211 ns
[2022-09-07T15:50:23.876+0000][7][safepoint   ] Safepoint "Cleanup", Time since last: 2000300515 ns, Reaching safepoint: 122451 ns, At safepoint: 15460 ns, Total: 137911 ns
[2022-09-07T15:50:26.876+0000][7][safepoint   ] Safepoint "Cleanup", Time since last: 3000413063 ns, Reaching safepoint: 126432 ns, At safepoint: 15710 ns, Total: 142142 ns
[2022-09-07T15:50:28.877+0000][7][safepoint   ] Safepoint "Cleanup", Time since last: 2000299417 ns, Reaching safepoint: 117468 ns, At safepoint: 14703 ns, Total: 132171 ns
[2022-09-07T15:50:44.879+0000][7][safepoint   ] Safepoint "Cleanup", Time since last: 16001953967 ns, Reaching safepoint: 122991 ns, At safepoint: 15204 ns, Total: 138195 ns
[2022-09-07T15:50:49.880+0000][7][safepoint   ] Safepoint "Cleanup", Time since last: 5000675806 ns, Reaching safepoint: 134586 ns, At safepoint: 15213 ns, Total: 149799 ns
[2022-09-07T15:50:53.880+0000][7][safepoint   ] Safepoint "Cleanup", Time since last: 4000537634 ns, Reaching safepoint: 136231 ns, At safepoint: 14027 ns, Total: 150258 ns
[2022-09-07T15:51:20.884+0000][7][safepoint   ] Safepoint "Cleanup", Time since last: 27003281554 ns, Reaching safepoint: 136971 ns, At safepoint: 14190 ns, Total: 151161 ns
[2022-09-07T15:51:23.884+0000][7][safepoint   ] Safepoint "Cleanup", Time since last: 3000404316 ns, Reaching safepoint: 120671 ns, At safepoint: 14794 ns, Total: 135465 ns
[2022-09-07T15:51:29.885+0000][7][safepoint   ] Safepoint "Cleanup", Time since last: 6000748656 ns, Reaching safepoint: 123097 ns, At safepoint: 15024 ns, Total: 138121 ns
[2022-09-07T15:52:28.892+0000][7][safepoint   ] Safepoint "Cleanup", Time since last: 59006530007 ns, Reaching safepoint: 117838 ns, At safepoint: 14930 ns, Total: 132768 ns
[2022-09-07T15:52:29.892+0000][7][safepoint   ] Safepoint "Cleanup", Time since last: 1000181515 ns, Reaching safepoint: 196229 ns, At safepoint: 18560 ns, Total: 214789 ns
[2022-09-07T15:52:39.894+0000][7][safepoint   ] Safepoint "Cleanup", Time since last: 10001170027 ns, Reaching safepoint: 148384 ns, At safepoint: 14544 ns, Total: 162928 ns
[2022-09-07T15:52:49.895+0000][7][safepoint   ] Safepoint "Cleanup", Time since last: 10001237742 ns, Reaching safepoint: 131981 ns, At safepoint: 14676 ns, Total: 146657 ns
[2022-09-07T15:52:53.896+0000][7][safepoint   ] Safepoint "Cleanup", Time since last: 4000620402 ns, Reaching safepoint: 149785 ns, At safepoint: 14443 ns, Total: 164228 ns
[2022-09-07T15:52:57.896+0000][7][safepoint   ] Safepoint "Cleanup", Time since last: 4000522497 ns, Reaching safepoint: 125405 ns, At safepoint: 14553 ns, Total: 139958 ns
[2022-09-07T15:53:13.899+0000][7][safepoint   ] Safepoint "Cleanup", Time since last: 16001945223 ns, Reaching safepoint: 133202 ns, At safepoint: 15790 ns, Total: 148992 ns
[2022-09-07T15:53:19.899+0000][7][safepoint   ] Safepoint "Cleanup", Time since last: 6000799955 ns, Reaching safepoint: 131531 ns, At safepoint: 14700 ns, Total: 146231 ns
[2022-09-07T15:53:23.900+0000][7][safepoint   ] Safepoint "Cleanup", Time since last: 4000528234 ns, Reaching safepoint: 150449 ns, At safepoint: 15353 ns, Total: 165802 ns
[2022-09-07T15:53:53.904+0000][7][safepoint   ] Safepoint "Cleanup", Time since last: 30003581250 ns, Reaching safepoint: 156379 ns, At safepoint: 14257 ns, Total: 170636 ns
[2022-09-07T15:54:08.906+0000][7][safepoint   ] Safepoint "Cleanup", Time since last: 15001819600 ns, Reaching safepoint: 132935 ns, At safepoint: 15650 ns, Total: 148585 ns
[2022-09-07T15:54:09.906+0000][7][safepoint   ] Safepoint "Cleanup", Time since last: 1000188226 ns, Reaching safepoint: 120605 ns, At safepoint: 14897 ns, Total: 135502 ns
[2022-09-07T15:54:23.908+0000][7][safepoint   ] Safepoint "Cleanup", Time since last: 14001690163 ns, Reaching safepoint: 135264 ns, At safepoint: 15030 ns, Total: 150294 ns
[2022-09-07T15:54:40.910+0000][7][safepoint   ] Safepoint "Cleanup", Time since last: 17002053583 ns, Reaching safepoint: 126338 ns, At safepoint: 15970 ns, Total: 142308 ns
[2022-09-07T15:55:10.914+0000][7][safepoint   ] Safepoint "Cleanup", Time since last: 30003686218 ns, Reaching safepoint: 150381 ns, At safepoint: 15683 ns, Total: 166064 ns
[2022-09-07T15:55:43.918+0000][7][safepoint   ] Safepoint "Cleanup", Time since last: 33003992440 ns, Reaching safepoint: 143202 ns, At safepoint: 14177 ns, Total: 157379 ns
[2022-09-07T15:56:15.922+0000][7][safepoint   ] Safepoint "Cleanup", Time since last: 32003900037 ns, Reaching safepoint: 152348 ns, At safepoint: 15417 ns, Total: 167765 ns
[2022-09-07T15:56:18.923+0000][7][safepoint   ] Safepoint "Cleanup", Time since last: 3000410925 ns, Reaching safepoint: 118521 ns, At safepoint: 14504 ns, Total: 133025 ns
[2022-09-07T15:56:23.924+0000][7][safepoint   ] Safepoint "Cleanup", Time since last: 5000658423 ns, Reaching safepoint: 127722 ns, At safepoint: 13326 ns, Total: 141048 ns
[2022-09-07T15:57:00.928+0000][7][safepoint   ] Safepoint "Cleanup", Time since last: 37004524687 ns, Reaching safepoint: 149978 ns, At safepoint: 15060 ns, Total: 165038 ns
[2022-09-07T15:57:23.931+0000][7][safepoint   ] Safepoint "Cleanup", Time since last: 23002982198 ns, Reaching safepoint: 124771 ns, At safepoint: 15160 ns, Total: 139931 ns
[2022-09-07T15:57:29.932+0000][7][safepoint   ] Safepoint "Cleanup", Time since last: 6000744612 ns, Reaching safepoint: 117564 ns, At safepoint: 14381 ns, Total: 131945 ns
[2022-09-07T15:57:53.935+0000][7][safepoint   ] Safepoint "Cleanup", Time since last: 24002883197 ns, Reaching safepoint: 130191 ns, At safepoint: 15061 ns, Total: 145252 ns
[2022-09-07T15:58:25.940+0000][7][safepoint   ] Safepoint "Cleanup", Time since last: 32003974099 ns, Reaching safepoint: 146831 ns, At safepoint: 14337 ns, Total: 161168 ns
[2022-09-07T15:58:48.943+0000][7][safepoint   ] Safepoint "Cleanup", Time since last: 23002845697 ns, Reaching safepoint: 144671 ns, At safepoint: 15210 ns, Total: 159881 ns
[2022-09-07T15:59:33.948+0000][7][safepoint   ] Safepoint "Cleanup", Time since last: 45005508993 ns, Reaching safepoint: 146668 ns, At safepoint: 14756 ns, Total: 161424 ns
[2022-09-07T15:59:34.949+0000][7][safepoint   ] Safepoint "Cleanup", Time since last: 1000192943 ns, Reaching safepoint: 130198 ns, At safepoint: 13430 ns, Total: 143628 ns
[2022-09-07T16:00:17.954+0000][7][safepoint   ] Safepoint "Cleanup", Time since last: 43005209449 ns, Reaching safepoint: 157322 ns, At safepoint: 15230 ns, Total: 172552 ns
[2022-09-07T16:00:53.958+0000][7][safepoint   ] Safepoint "Cleanup", Time since last: 36004422135 ns, Reaching safepoint: 149428 ns, At safepoint: 15254 ns, Total: 164682 ns
[2022-09-07T16:01:23.962+0000][7][safepoint   ] Safepoint "Cleanup", Time since last: 30003624291 ns, Reaching safepoint: 153522 ns, At safepoint: 15280 ns, Total: 168802 ns
[2022-09-07T16:01:53.966+0000][7][safepoint   ] Safepoint "Cleanup", Time since last: 30003702868 ns, Reaching safepoint: 153825 ns, At safepoint: 15923 ns, Total: 169748 ns
[2022-09-07T16:02:22.970+0000][7][safepoint   ] Safepoint "Cleanup", Time since last: 29003566407 ns, Reaching safepoint: 131802 ns, At safepoint: 33703 ns, Total: 165505 ns
[2022-09-07T16:02:23.970+0000][7][safepoint   ] Safepoint "Cleanup", Time since last: 1000193199 ns, Reaching safepoint: 125704 ns, At safepoint: 15037 ns, Total: 140741 ns
[2022-09-07T16:02:53.974+0000][7][safepoint   ] Safepoint "Cleanup", Time since last: 30003724445 ns, Reaching safepoint: 154622 ns, At safepoint: 14756 ns, Total: 169378 ns
[2022-09-07T16:02:54.974+0000][7][safepoint   ] Safepoint "Cleanup", Time since last: 1000195008 ns, Reaching safepoint: 118418 ns, At safepoint: 14637 ns, Total: 133055 ns
[2022-09-07T16:02:57.975+0000][7][safepoint   ] Safepoint "Cleanup", Time since last: 3000420417 ns, Reaching safepoint: 122421 ns, At safepoint: 13704 ns, Total: 136125 ns
[2022-09-07T16:03:23.978+0000][7][safepoint   ] Safepoint "Cleanup", Time since last: 26002959907 ns, Reaching safepoint: 149434 ns, At safepoint: 13380 ns, Total: 162814 ns
[2022-09-07T16:03:53.982+0000][7][safepoint   ] Safepoint "Cleanup", Time since last: 30003366608 ns, Reaching safepoint: 168168 ns, At safepoint: 15824 ns, Total: 183992 ns
[2022-09-07T16:04:23.986+0000][7][safepoint   ] Safepoint "Cleanup", Time since last: 30004147850 ns, Reaching safepoint: 150165 ns, At safepoint: 14883 ns, Total: 165048 ns
[2022-09-07T16:04:44.989+0000][7][safepoint   ] Safepoint "Cleanup", Time since last: 21002555009 ns, Reaching safepoint: 110704 ns, At safepoint: 13183 ns, Total: 123887 ns
[2022-09-07T16:04:45.989+0000][7][safepoint   ] Safepoint "Cleanup", Time since last: 1000212062 ns, Reaching safepoint: 122289 ns, At safepoint: 13966 ns, Total: 136255 ns
[2022-09-07T16:04:46.201+0000][7][gc,heap,exit] Heap
[2022-09-07T16:04:46.201+0000][7][gc,heap,exit]  garbage-first heap   total 32505856K, used 901038K [0x0000001001000000, 0x00000017c1000000)
[2022-09-07T16:04:46.201+0000][7][gc,heap,exit]   region size 16384K, 55 young (901120K), 5 survivors (81920K)
[2022-09-07T16:04:46.201+0000][7][gc,heap,exit]  Metaspace       used 107634K, committed 110528K, reserved 1179648K
[2022-09-07T16:04:46.201+0000][7][gc,heap,exit]   class space    used 14908K, committed 16320K, reserved 1048576K
