[2022-09-07T16:30:51.887+0000][7][gc,init] CardTable entry size: 512
[2022-09-07T16:30:51.887+0000][7][gc     ] Using G1
[2022-09-07T16:30:53.014+0000][7][gc,init] Version: 18.0.2+9-61 (release)
[2022-09-07T16:30:53.014+0000][7][gc,init] CPUs: 8 total, 8 available
[2022-09-07T16:30:53.014+0000][7][gc,init] Memory: 64312M
[2022-09-07T16:30:53.014+0000][7][gc,init] Large Page Support: Disabled
[2022-09-07T16:30:53.014+0000][7][gc,init] NUMA Support: Disabled
[2022-09-07T16:30:53.014+0000][7][gc,init] Compressed Oops: Enabled (Non-zero disjoint base)
[2022-09-07T16:30:53.014+0000][7][gc,init] Heap Region Size: 16M
[2022-09-07T16:30:53.014+0000][7][gc,init] Heap Min Capacity: 31G
[2022-09-07T16:30:53.014+0000][7][gc,init] Heap Initial Capacity: 31G
[2022-09-07T16:30:53.014+0000][7][gc,init] Heap Max Capacity: 31G
[2022-09-07T16:30:53.014+0000][7][gc,init] Pre-touch: Enabled
[2022-09-07T16:30:53.014+0000][7][gc,init] Parallel Workers: 8
[2022-09-07T16:30:53.014+0000][7][gc,init] Concurrent Workers: 2
[2022-09-07T16:30:53.014+0000][7][gc,init] Concurrent Refinement Workers: 8
[2022-09-07T16:30:53.014+0000][7][gc,init] Periodic GC: Disabled
[2022-09-07T16:30:53.014+0000][7][gc,metaspace] CDS archive(s) mapped at: [0x0000000800000000-0x0000000800bae000-0x0000000800bae000), size 12247040, SharedBaseAddress: 0x0000000800000000, ArchiveRelocationMode: 0.
[2022-09-07T16:30:53.014+0000][7][gc,metaspace] Compressed class space mapped at: 0x0000000800c00000-0x0000000840c00000, reserved size: 1073741824
[2022-09-07T16:30:53.014+0000][7][gc,metaspace] Narrow klass base: 0x0000000800000000, Narrow klass shift: 0, Narrow klass range: 0x100000000
[2022-09-07T16:30:53.468+0000][7][safepoint   ] Safepoint "ICBufferFull", Time since last: 447567063 ns, Reaching safepoint: 189656 ns, At safepoint: 4798 ns, Total: 194454 ns
[2022-09-07T16:30:53.811+0000][7][safepoint   ] Safepoint "ICBufferFull", Time since last: 342910528 ns, Reaching safepoint: 246380 ns, At safepoint: 6720 ns, Total: 253100 ns
[2022-09-07T16:30:54.221+0000][7][safepoint   ] Safepoint "ICBufferFull", Time since last: 410023148 ns, Reaching safepoint: 112329 ns, At safepoint: 8103 ns, Total: 120432 ns
[2022-09-07T16:30:54.648+0000][7][safepoint   ] Safepoint "ICBufferFull", Time since last: 427458830 ns, Reaching safepoint: 143722 ns, At safepoint: 5240 ns, Total: 148962 ns
[2022-09-07T16:30:55.395+0000][7][safepoint   ] Safepoint "ICBufferFull", Time since last: 746597845 ns, Reaching safepoint: 178684 ns, At safepoint: 9141 ns, Total: 187825 ns
[2022-09-07T16:30:55.804+0000][7][gc,start    ] GC(0) Pause Young (Concurrent Start) (Metadata GC Threshold)
[2022-09-07T16:30:55.804+0000][7][gc,task     ] GC(0) Using 8 workers of 8 for evacuation
[2022-09-07T16:30:55.804+0000][7][gc,age      ] GC(0) Desired survivor size 109051904 bytes, new threshold 15 (max threshold 15)
[2022-09-07T16:30:55.813+0000][7][gc,phases   ] GC(0)   Pre Evacuate Collection Set: 0.5ms
[2022-09-07T16:30:55.813+0000][7][gc,phases   ] GC(0)   Merge Heap Roots: 0.2ms
[2022-09-07T16:30:55.813+0000][7][gc,phases   ] GC(0)   Evacuate Collection Set: 7.0ms
[2022-09-07T16:30:55.813+0000][7][gc,phases   ] GC(0)   Post Evacuate Collection Set: 0.9ms
[2022-09-07T16:30:55.813+0000][7][gc,phases   ] GC(0)   Other: 0.0ms
[2022-09-07T16:30:55.813+0000][7][gc,age      ] GC(0) Age table with threshold 15 (max threshold 15)
[2022-09-07T16:30:55.813+0000][7][gc,age      ] GC(0) - age   1:   18354984 bytes,   18354984 total
[2022-09-07T16:30:55.813+0000][7][gc,heap     ] GC(0) Eden regions: 75->0(97)
[2022-09-07T16:30:55.813+0000][7][gc,heap     ] GC(0) Survivor regions: 0->2(13)
[2022-09-07T16:30:55.813+0000][7][gc,heap     ] GC(0) Old regions: 0->0
[2022-09-07T16:30:55.813+0000][7][gc,heap     ] GC(0) Archive regions: 2->2
[2022-09-07T16:30:55.813+0000][7][gc,heap     ] GC(0) Humongous regions: 0->0
[2022-09-07T16:30:55.813+0000][7][gc,metaspace] GC(0) Metaspace: 20930K(21504K)->20930K(21504K) NonClass: 18425K(18752K)->18425K(18752K) Class: 2504K(2752K)->2504K(2752K)
[2022-09-07T16:30:55.813+0000][7][gc          ] GC(0) Pause Young (Concurrent Start) (Metadata GC Threshold) 1215M->33M(31744M) 8.982ms
[2022-09-07T16:30:55.813+0000][7][gc,cpu      ] GC(0) User=0.06s Sys=0.00s Real=0.01s
[2022-09-07T16:30:55.813+0000][7][gc          ] GC(1) Concurrent Mark Cycle
[2022-09-07T16:30:55.813+0000][7][safepoint   ] Safepoint "CollectForMetadataAllocation", Time since last: 408492654 ns, Reaching safepoint: 115446 ns, At safepoint: 9097935 ns, Total: 9213381 ns
[2022-09-07T16:30:55.813+0000][7][gc,marking  ] GC(1) Concurrent Clear Claimed Marks
[2022-09-07T16:30:55.813+0000][7][gc,marking  ] GC(1) Concurrent Clear Claimed Marks 0.052ms
[2022-09-07T16:30:55.813+0000][7][gc,marking  ] GC(1) Concurrent Scan Root Regions
[2022-09-07T16:30:55.819+0000][7][gc,marking  ] GC(1) Concurrent Scan Root Regions 5.952ms
[2022-09-07T16:30:55.819+0000][7][gc,marking  ] GC(1) Concurrent Mark
[2022-09-07T16:30:55.819+0000][7][gc,marking  ] GC(1) Concurrent Mark From Roots
[2022-09-07T16:30:55.819+0000][7][gc,task     ] GC(1) Using 2 workers of 2 for marking
[2022-09-07T16:30:55.822+0000][7][gc,marking  ] GC(1) Concurrent Mark From Roots 3.078ms
[2022-09-07T16:30:55.822+0000][7][gc,marking  ] GC(1) Concurrent Preclean
[2022-09-07T16:30:55.822+0000][7][gc,marking  ] GC(1) Concurrent Preclean 0.012ms
[2022-09-07T16:30:55.822+0000][7][gc,start    ] GC(1) Pause Remark
[2022-09-07T16:30:55.824+0000][7][gc          ] GC(1) Pause Remark 45M->45M(31744M) 1.723ms
[2022-09-07T16:30:55.824+0000][7][gc,cpu      ] GC(1) User=0.01s Sys=0.00s Real=0.00s
[2022-09-07T16:30:55.824+0000][7][safepoint   ] Safepoint "G1Concurrent", Time since last: 9232936 ns, Reaching safepoint: 107680 ns, At safepoint: 1777363 ns, Total: 1885043 ns
[2022-09-07T16:30:55.824+0000][7][gc,marking  ] GC(1) Concurrent Mark 5.073ms
[2022-09-07T16:30:55.824+0000][7][gc,marking  ] GC(1) Concurrent Rebuild Remembered Sets
[2022-09-07T16:30:55.824+0000][7][gc,marking  ] GC(1) Concurrent Rebuild Remembered Sets 0.009ms
[2022-09-07T16:30:55.824+0000][7][gc,start    ] GC(1) Pause Cleanup
[2022-09-07T16:30:55.824+0000][7][gc          ] GC(1) Pause Cleanup 45M->45M(31744M) 0.016ms
[2022-09-07T16:30:55.824+0000][7][gc,cpu      ] GC(1) User=0.00s Sys=0.00s Real=0.00s
[2022-09-07T16:30:55.824+0000][7][safepoint   ] Safepoint "G1Concurrent", Time since last: 72622 ns, Reaching safepoint: 105626 ns, At safepoint: 54109 ns, Total: 159735 ns
[2022-09-07T16:30:55.824+0000][7][gc,marking  ] GC(1) Concurrent Cleanup for Next Mark
[2022-09-07T16:30:55.843+0000][7][gc,marking  ] GC(1) Concurrent Cleanup for Next Mark 19.157ms
[2022-09-07T16:30:55.844+0000][7][gc          ] GC(1) Concurrent Mark Cycle 30.641ms
[2022-09-07T16:30:56.288+0000][7][safepoint   ] Safepoint "ICBufferFull", Time since last: 463275452 ns, Reaching safepoint: 135488 ns, At safepoint: 4542 ns, Total: 140030 ns
[2022-09-07T16:30:56.777+0000][7][safepoint   ] Safepoint "ICBufferFull", Time since last: 489105300 ns, Reaching safepoint: 134706 ns, At safepoint: 5893 ns, Total: 140599 ns
[2022-09-07T16:30:57.783+0000][7][gc,start    ] GC(2) Pause Young (Concurrent Start) (Metadata GC Threshold)
[2022-09-07T16:30:57.783+0000][7][gc,task     ] GC(2) Using 8 workers of 8 for evacuation
[2022-09-07T16:30:57.783+0000][7][gc,age      ] GC(2) Desired survivor size 109051904 bytes, new threshold 15 (max threshold 15)
[2022-09-07T16:30:57.800+0000][7][gc,phases   ] GC(2)   Pre Evacuate Collection Set: 0.3ms
[2022-09-07T16:30:57.800+0000][7][gc,phases   ] GC(2)   Merge Heap Roots: 0.1ms
[2022-09-07T16:30:57.800+0000][7][gc,phases   ] GC(2)   Evacuate Collection Set: 15.1ms
[2022-09-07T16:30:57.800+0000][7][gc,phases   ] GC(2)   Post Evacuate Collection Set: 1.1ms
[2022-09-07T16:30:57.800+0000][7][gc,phases   ] GC(2)   Other: 0.0ms
[2022-09-07T16:30:57.800+0000][7][gc,age      ] GC(2) Age table with threshold 15 (max threshold 15)
[2022-09-07T16:30:57.800+0000][7][gc,age      ] GC(2) - age   1:   27820416 bytes,   27820416 total
[2022-09-07T16:30:57.800+0000][7][gc,age      ] GC(2) - age   2:   17984944 bytes,   45805360 total
[2022-09-07T16:30:57.800+0000][7][gc,heap     ] GC(2) Eden regions: 27->0(96)
[2022-09-07T16:30:57.800+0000][7][gc,heap     ] GC(2) Survivor regions: 2->3(13)
[2022-09-07T16:30:57.800+0000][7][gc,heap     ] GC(2) Old regions: 0->0
[2022-09-07T16:30:57.800+0000][7][gc,heap     ] GC(2) Archive regions: 2->2
[2022-09-07T16:30:57.800+0000][7][gc,heap     ] GC(2) Humongous regions: 0->0
[2022-09-07T16:30:57.800+0000][7][gc,metaspace] GC(2) Metaspace: 35033K(35968K)->35033K(35968K) NonClass: 30551K(31104K)->30551K(31104K) Class: 4482K(4864K)->4482K(4864K)
[2022-09-07T16:30:57.800+0000][7][gc          ] GC(2) Pause Young (Concurrent Start) (Metadata GC Threshold) 457M->61M(31744M) 16.803ms
[2022-09-07T16:30:57.800+0000][7][gc,cpu      ] GC(2) User=0.13s Sys=0.00s Real=0.01s
[2022-09-07T16:30:57.800+0000][7][gc          ] GC(3) Concurrent Mark Cycle
[2022-09-07T16:30:57.800+0000][7][gc,marking  ] GC(3) Concurrent Clear Claimed Marks
[2022-09-07T16:30:57.800+0000][7][safepoint   ] Safepoint "CollectForMetadataAllocation", Time since last: 1006333632 ns, Reaching safepoint: 116554 ns, At safepoint: 16898990 ns, Total: 17015544 ns
[2022-09-07T16:30:57.800+0000][7][gc,marking  ] GC(3) Concurrent Clear Claimed Marks 0.055ms
[2022-09-07T16:30:57.800+0000][7][gc,marking  ] GC(3) Concurrent Scan Root Regions
[2022-09-07T16:30:57.813+0000][7][gc,marking  ] GC(3) Concurrent Scan Root Regions 13.151ms
[2022-09-07T16:30:57.814+0000][7][gc,marking  ] GC(3) Concurrent Mark
[2022-09-07T16:30:57.814+0000][7][gc,marking  ] GC(3) Concurrent Mark From Roots
[2022-09-07T16:30:57.814+0000][7][gc,task     ] GC(3) Using 2 workers of 2 for marking
[2022-09-07T16:30:57.816+0000][7][gc,marking  ] GC(3) Concurrent Mark From Roots 2.942ms
[2022-09-07T16:30:57.817+0000][7][gc,marking  ] GC(3) Concurrent Preclean
[2022-09-07T16:30:57.817+0000][7][gc,marking  ] GC(3) Concurrent Preclean 0.007ms
[2022-09-07T16:30:57.817+0000][7][gc,start    ] GC(3) Pause Remark
[2022-09-07T16:30:57.819+0000][7][gc          ] GC(3) Pause Remark 69M->69M(31744M) 2.412ms
[2022-09-07T16:30:57.819+0000][7][gc,cpu      ] GC(3) User=0.01s Sys=0.00s Real=0.00s
[2022-09-07T16:30:57.819+0000][7][safepoint   ] Safepoint "G1Concurrent", Time since last: 16224222 ns, Reaching safepoint: 108779 ns, At safepoint: 2462826 ns, Total: 2571605 ns
[2022-09-07T16:30:57.819+0000][7][gc,marking  ] GC(3) Concurrent Mark 5.591ms
[2022-09-07T16:30:57.819+0000][7][gc,marking  ] GC(3) Concurrent Rebuild Remembered Sets
[2022-09-07T16:30:57.819+0000][7][gc,marking  ] GC(3) Concurrent Rebuild Remembered Sets 0.005ms
[2022-09-07T16:30:57.822+0000][7][gc,start    ] GC(3) Pause Cleanup
[2022-09-07T16:30:57.822+0000][7][gc          ] GC(3) Pause Cleanup 69M->69M(31744M) 0.038ms
[2022-09-07T16:30:57.822+0000][7][gc,cpu      ] GC(3) User=0.00s Sys=0.00s Real=0.00s
[2022-09-07T16:30:57.823+0000][7][safepoint   ] Safepoint "G1Concurrent", Time since last: 70147 ns, Reaching safepoint: 3237725 ns, At safepoint: 114594 ns, Total: 3352319 ns
[2022-09-07T16:30:57.823+0000][7][gc,marking  ] GC(3) Concurrent Cleanup for Next Mark
[2022-09-07T16:30:57.843+0000][7][gc,marking  ] GC(3) Concurrent Cleanup for Next Mark 19.945ms
[2022-09-07T16:30:57.843+0000][7][gc          ] GC(3) Concurrent Mark Cycle 42.309ms
[2022-09-07T16:30:58.689+0000][7][safepoint   ] Safepoint "ICBufferFull", Time since last: 866298244 ns, Reaching safepoint: 182377 ns, At safepoint: 7736 ns, Total: 190113 ns
[2022-09-07T16:30:59.602+0000][7][safepoint   ] Safepoint "ICBufferFull", Time since last: 912785791 ns, Reaching safepoint: 175354 ns, At safepoint: 8093 ns, Total: 183447 ns
[2022-09-07T16:31:00.111+0000][7][safepoint   ] Safepoint "ICBufferFull", Time since last: 508440500 ns, Reaching safepoint: 690243 ns, At safepoint: 4576 ns, Total: 694819 ns
[2022-09-07T16:31:00.133+0000][7][gc,start    ] GC(4) Pause Young (Concurrent Start) (Metadata GC Threshold)
[2022-09-07T16:31:00.133+0000][7][gc,task     ] GC(4) Using 8 workers of 8 for evacuation
[2022-09-07T16:31:00.133+0000][7][gc,age      ] GC(4) Desired survivor size 109051904 bytes, new threshold 15 (max threshold 15)
[2022-09-07T16:31:00.157+0000][7][gc,phases   ] GC(4)   Pre Evacuate Collection Set: 0.4ms
[2022-09-07T16:31:00.157+0000][7][gc,phases   ] GC(4)   Merge Heap Roots: 0.1ms
[2022-09-07T16:31:00.157+0000][7][gc,phases   ] GC(4)   Evacuate Collection Set: 19.7ms
[2022-09-07T16:31:00.157+0000][7][gc,phases   ] GC(4)   Post Evacuate Collection Set: 3.2ms
[2022-09-07T16:31:00.157+0000][7][gc,phases   ] GC(4)   Other: 0.0ms
[2022-09-07T16:31:00.157+0000][7][gc,age      ] GC(4) Age table with threshold 15 (max threshold 15)
[2022-09-07T16:31:00.157+0000][7][gc,age      ] GC(4) - age   1:   10103344 bytes,   10103344 total
[2022-09-07T16:31:00.157+0000][7][gc,age      ] GC(4) - age   2:   27448512 bytes,   37551856 total
[2022-09-07T16:31:00.157+0000][7][gc,age      ] GC(4) - age   3:   17898288 bytes,   55450144 total
[2022-09-07T16:31:00.157+0000][7][gc,heap     ] GC(4) Eden regions: 25->0(95)
[2022-09-07T16:31:00.157+0000][7][gc,heap     ] GC(4) Survivor regions: 3->4(13)
[2022-09-07T16:31:00.157+0000][7][gc,heap     ] GC(4) Old regions: 0->0
[2022-09-07T16:31:00.157+0000][7][gc,heap     ] GC(4) Archive regions: 2->2
[2022-09-07T16:31:00.157+0000][7][gc,heap     ] GC(4) Humongous regions: 0->0
[2022-09-07T16:31:00.157+0000][7][gc,metaspace] GC(4) Metaspace: 59121K(60416K)->59121K(60416K) NonClass: 51356K(52096K)->51356K(52096K) Class: 7765K(8320K)->7765K(8320K)
[2022-09-07T16:31:00.157+0000][7][gc          ] GC(4) Pause Young (Concurrent Start) (Metadata GC Threshold) 461M->71M(31744M) 23.543ms
[2022-09-07T16:31:00.157+0000][7][gc,cpu      ] GC(4) User=0.15s Sys=0.00s Real=0.02s
[2022-09-07T16:31:00.157+0000][7][gc          ] GC(5) Concurrent Mark Cycle
[2022-09-07T16:31:00.157+0000][7][gc,marking  ] GC(5) Concurrent Clear Claimed Marks
[2022-09-07T16:31:00.157+0000][7][safepoint   ] Safepoint "CollectForMetadataAllocation", Time since last: 22197286 ns, Reaching safepoint: 51469 ns, At safepoint: 23662466 ns, Total: 23713935 ns
[2022-09-07T16:31:00.157+0000][7][gc,marking  ] GC(5) Concurrent Clear Claimed Marks 0.058ms
[2022-09-07T16:31:00.157+0000][7][gc,marking  ] GC(5) Concurrent Scan Root Regions
[2022-09-07T16:31:00.179+0000][7][gc,marking  ] GC(5) Concurrent Scan Root Regions 22.003ms
[2022-09-07T16:31:00.179+0000][7][gc,marking  ] GC(5) Concurrent Mark
[2022-09-07T16:31:00.179+0000][7][gc,marking  ] GC(5) Concurrent Mark From Roots
[2022-09-07T16:31:00.179+0000][7][gc,task     ] GC(5) Using 2 workers of 2 for marking
[2022-09-07T16:31:00.183+0000][7][gc,marking  ] GC(5) Concurrent Mark From Roots 3.576ms
[2022-09-07T16:31:00.183+0000][7][gc,marking  ] GC(5) Concurrent Preclean
[2022-09-07T16:31:00.183+0000][7][gc,marking  ] GC(5) Concurrent Preclean 0.014ms
[2022-09-07T16:31:00.183+0000][7][gc,start    ] GC(5) Pause Remark
[2022-09-07T16:31:00.186+0000][7][gc          ] GC(5) Pause Remark 79M->79M(31744M) 2.847ms
[2022-09-07T16:31:00.186+0000][7][gc,cpu      ] GC(5) User=0.02s Sys=0.00s Real=0.00s
[2022-09-07T16:31:00.186+0000][7][safepoint   ] Safepoint "G1Concurrent", Time since last: 25772948 ns, Reaching safepoint: 114178 ns, At safepoint: 2912874 ns, Total: 3027052 ns
[2022-09-07T16:31:00.186+0000][7][gc,marking  ] GC(5) Concurrent Mark 6.740ms
[2022-09-07T16:31:00.186+0000][7][gc,marking  ] GC(5) Concurrent Rebuild Remembered Sets
[2022-09-07T16:31:00.186+0000][7][gc,marking  ] GC(5) Concurrent Rebuild Remembered Sets 0.009ms
[2022-09-07T16:31:00.186+0000][7][gc,start    ] GC(5) Pause Cleanup
[2022-09-07T16:31:00.186+0000][7][gc          ] GC(5) Pause Cleanup 79M->79M(31744M) 0.015ms
[2022-09-07T16:31:00.186+0000][7][gc,cpu      ] GC(5) User=0.00s Sys=0.00s Real=0.00s
[2022-09-07T16:31:00.186+0000][7][safepoint   ] Safepoint "G1Concurrent", Time since last: 99713 ns, Reaching safepoint: 106727 ns, At safepoint: 38924 ns, Total: 145651 ns
[2022-09-07T16:31:00.186+0000][7][gc,marking  ] GC(5) Concurrent Cleanup for Next Mark
[2022-09-07T16:31:00.208+0000][7][gc,marking  ] GC(5) Concurrent Cleanup for Next Mark 22.097ms
[2022-09-07T16:31:00.208+0000][7][gc          ] GC(5) Concurrent Mark Cycle 51.318ms
[2022-09-07T16:31:01.359+0000][7][safepoint   ] Safepoint "ICBufferFull", Time since last: 1172368951 ns, Reaching safepoint: 223257 ns, At safepoint: 4755 ns, Total: 228012 ns
[2022-09-07T16:31:01.800+0000][7][safepoint   ] Safepoint "ICBufferFull", Time since last: 441091912 ns, Reaching safepoint: 165169 ns, At safepoint: 8527 ns, Total: 173696 ns
[2022-09-07T16:31:02.571+0000][7][safepoint   ] Safepoint "ICBufferFull", Time since last: 770420848 ns, Reaching safepoint: 477941 ns, At safepoint: 19567 ns, Total: 497508 ns
[2022-09-07T16:31:03.237+0000][7][safepoint   ] Safepoint "ICBufferFull", Time since last: 666284662 ns, Reaching safepoint: 114313 ns, At safepoint: 6168 ns, Total: 120481 ns
[2022-09-07T16:31:03.793+0000][7][safepoint   ] Safepoint "ICBufferFull", Time since last: 555839617 ns, Reaching safepoint: 119337 ns, At safepoint: 19991 ns, Total: 139328 ns
[2022-09-07T16:31:04.120+0000][7][gc,start    ] GC(6) Pause Young (Concurrent Start) (Metadata GC Threshold)
[2022-09-07T16:31:04.121+0000][7][gc,task     ] GC(6) Using 8 workers of 8 for evacuation
[2022-09-07T16:31:04.121+0000][7][gc,age      ] GC(6) Desired survivor size 109051904 bytes, new threshold 15 (max threshold 15)
[2022-09-07T16:31:04.154+0000][7][gc,phases   ] GC(6)   Pre Evacuate Collection Set: 0.6ms
[2022-09-07T16:31:04.154+0000][7][gc,phases   ] GC(6)   Merge Heap Roots: 0.1ms
[2022-09-07T16:31:04.154+0000][7][gc,phases   ] GC(6)   Evacuate Collection Set: 30.9ms
[2022-09-07T16:31:04.154+0000][7][gc,phases   ] GC(6)   Post Evacuate Collection Set: 1.9ms
[2022-09-07T16:31:04.154+0000][7][gc,phases   ] GC(6)   Other: 0.0ms
[2022-09-07T16:31:04.154+0000][7][gc,age      ] GC(6) Age table with threshold 15 (max threshold 15)
[2022-09-07T16:31:04.154+0000][7][gc,age      ] GC(6) - age   1:   17428680 bytes,   17428680 total
[2022-09-07T16:31:04.154+0000][7][gc,age      ] GC(6) - age   2:    9384240 bytes,   26812920 total
[2022-09-07T16:31:04.154+0000][7][gc,age      ] GC(6) - age   3:   27344224 bytes,   54157144 total
[2022-09-07T16:31:04.154+0000][7][gc,age      ] GC(6) - age   4:   17796232 bytes,   71953376 total
[2022-09-07T16:31:04.154+0000][7][gc,heap     ] GC(6) Eden regions: 34->0(94)
[2022-09-07T16:31:04.154+0000][7][gc,heap     ] GC(6) Survivor regions: 4->5(13)
[2022-09-07T16:31:04.154+0000][7][gc,heap     ] GC(6) Old regions: 0->0
[2022-09-07T16:31:04.154+0000][7][gc,heap     ] GC(6) Archive regions: 2->2
[2022-09-07T16:31:04.154+0000][7][gc,heap     ] GC(6) Humongous regions: 0->0
[2022-09-07T16:31:04.154+0000][7][gc,metaspace] GC(6) Metaspace: 98365K(101120K)->98365K(101120K) NonClass: 84748K(86144K)->84748K(86144K) Class: 13617K(14976K)->13617K(14976K)
[2022-09-07T16:31:04.154+0000][7][gc          ] GC(6) Pause Young (Concurrent Start) (Metadata GC Threshold) 607M->89M(31744M) 33.690ms
[2022-09-07T16:31:04.154+0000][7][gc,cpu      ] GC(6) User=0.26s Sys=0.00s Real=0.04s
[2022-09-07T16:31:04.154+0000][7][gc          ] GC(7) Concurrent Mark Cycle
[2022-09-07T16:31:04.154+0000][7][gc,marking  ] GC(7) Concurrent Clear Claimed Marks
[2022-09-07T16:31:04.154+0000][7][safepoint   ] Safepoint "CollectForMetadataAllocation", Time since last: 327136761 ns, Reaching safepoint: 92577 ns, At safepoint: 33809265 ns, Total: 33901842 ns
[2022-09-07T16:31:04.154+0000][7][gc,marking  ] GC(7) Concurrent Clear Claimed Marks 0.177ms
[2022-09-07T16:31:04.154+0000][7][gc,marking  ] GC(7) Concurrent Scan Root Regions
[2022-09-07T16:31:04.176+0000][7][safepoint   ] Safepoint "CollectForMetadataAllocation", Time since last: 21407944 ns, Reaching safepoint: 56403 ns, At safepoint: 54236 ns, Total: 110639 ns
[2022-09-07T16:31:04.180+0000][7][gc,marking  ] GC(7) Concurrent Scan Root Regions 25.786ms
[2022-09-07T16:31:04.180+0000][7][gc,marking  ] GC(7) Concurrent Mark
[2022-09-07T16:31:04.180+0000][7][gc,marking  ] GC(7) Concurrent Mark From Roots
[2022-09-07T16:31:04.180+0000][7][gc,task     ] GC(7) Using 2 workers of 2 for marking
[2022-09-07T16:31:04.183+0000][7][gc,marking  ] GC(7) Concurrent Mark From Roots 3.190ms
[2022-09-07T16:31:04.184+0000][7][gc,marking  ] GC(7) Concurrent Preclean
[2022-09-07T16:31:04.184+0000][7][gc,marking  ] GC(7) Concurrent Preclean 0.024ms
[2022-09-07T16:31:04.184+0000][7][gc,start    ] GC(7) Pause Remark
[2022-09-07T16:31:04.186+0000][7][gc          ] GC(7) Pause Remark 105M->105M(31744M) 2.722ms
[2022-09-07T16:31:04.186+0000][7][gc,cpu      ] GC(7) User=0.02s Sys=0.00s Real=0.00s
[2022-09-07T16:31:04.186+0000][7][safepoint   ] Safepoint "G1Concurrent", Time since last: 7759843 ns, Reaching safepoint: 113150 ns, At safepoint: 2806189 ns, Total: 2919339 ns
[2022-09-07T16:31:04.187+0000][7][gc,marking  ] GC(7) Concurrent Mark 6.241ms
[2022-09-07T16:31:04.187+0000][7][gc,marking  ] GC(7) Concurrent Rebuild Remembered Sets
[2022-09-07T16:31:04.187+0000][7][gc,marking  ] GC(7) Concurrent Rebuild Remembered Sets 0.009ms
[2022-09-07T16:31:04.187+0000][7][gc,start    ] GC(7) Pause Cleanup
[2022-09-07T16:31:04.187+0000][7][gc          ] GC(7) Pause Cleanup 105M->105M(31744M) 0.017ms
[2022-09-07T16:31:04.187+0000][7][gc,cpu      ] GC(7) User=0.00s Sys=0.00s Real=0.00s
[2022-09-07T16:31:04.187+0000][7][safepoint   ] Safepoint "G1Concurrent", Time since last: 78580 ns, Reaching safepoint: 107822 ns, At safepoint: 58828 ns, Total: 166650 ns
[2022-09-07T16:31:04.187+0000][7][gc,marking  ] GC(7) Concurrent Cleanup for Next Mark
[2022-09-07T16:31:04.206+0000][7][gc,marking  ] GC(7) Concurrent Cleanup for Next Mark 19.318ms
[2022-09-07T16:31:04.206+0000][7][gc          ] GC(7) Concurrent Mark Cycle 51.922ms
[2022-09-07T16:31:04.915+0000][7][safepoint   ] Safepoint "ICBufferFull", Time since last: 727705432 ns, Reaching safepoint: 261956 ns, At safepoint: 17472 ns, Total: 279428 ns
[2022-09-07T16:31:05.621+0000][7][safepoint   ] Safepoint "ICBufferFull", Time since last: 705733488 ns, Reaching safepoint: 235468 ns, At safepoint: 11310 ns, Total: 246778 ns
[2022-09-07T16:31:06.317+0000][7][safepoint   ] Safepoint "ICBufferFull", Time since last: 695976841 ns, Reaching safepoint: 161800 ns, At safepoint: 6083 ns, Total: 167883 ns
[2022-09-07T16:31:07.706+0000][7][safepoint   ] Safepoint "Cleanup", Time since last: 1388912257 ns, Reaching safepoint: 169695 ns, At safepoint: 6445 ns, Total: 176140 ns
[2022-09-07T16:31:09.706+0000][7][safepoint   ] Safepoint "Cleanup", Time since last: 2000299860 ns, Reaching safepoint: 109581 ns, At safepoint: 13947 ns, Total: 123528 ns
[2022-09-07T16:31:13.707+0000][7][safepoint   ] Safepoint "Cleanup", Time since last: 4000545403 ns, Reaching safepoint: 113615 ns, At safepoint: 14657 ns, Total: 128272 ns
[2022-09-07T16:31:17.708+0000][7][safepoint   ] Safepoint "Cleanup", Time since last: 4000555824 ns, Reaching safepoint: 121428 ns, At safepoint: 14543 ns, Total: 135971 ns
[2022-09-07T16:31:20.708+0000][7][safepoint   ] Safepoint "Cleanup", Time since last: 3000429248 ns, Reaching safepoint: 111621 ns, At safepoint: 14860 ns, Total: 126481 ns
[2022-09-07T16:31:21.709+0000][7][safepoint   ] Safepoint "Cleanup", Time since last: 1000209309 ns, Reaching safepoint: 112088 ns, At safepoint: 14354 ns, Total: 126442 ns
[2022-09-07T16:31:23.709+0000][7][safepoint   ] Safepoint "Cleanup", Time since last: 2000299943 ns, Reaching safepoint: 116928 ns, At safepoint: 14440 ns, Total: 131368 ns
[2022-09-07T16:31:24.709+0000][7][safepoint   ] Safepoint "Cleanup", Time since last: 1000193091 ns, Reaching safepoint: 108108 ns, At safepoint: 14416 ns, Total: 122524 ns
[2022-09-07T16:31:26.710+0000][7][safepoint   ] Safepoint "Cleanup", Time since last: 2000292645 ns, Reaching safepoint: 129248 ns, At safepoint: 14514 ns, Total: 143762 ns
[2022-09-07T16:31:28.710+0000][7][safepoint   ] Safepoint "Cleanup", Time since last: 2000342621 ns, Reaching safepoint: 121145 ns, At safepoint: 13980 ns, Total: 135125 ns
[2022-09-07T16:31:32.711+0000][7][safepoint   ] Safepoint "Cleanup", Time since last: 4000542278 ns, Reaching safepoint: 117608 ns, At safepoint: 13747 ns, Total: 131355 ns
[2022-09-07T16:31:33.711+0000][7][safepoint   ] Safepoint "Cleanup", Time since last: 1000197687 ns, Reaching safepoint: 118284 ns, At safepoint: 19740 ns, Total: 138024 ns
[2022-09-07T16:31:34.712+0000][7][safepoint   ] Safepoint "Cleanup", Time since last: 1000197504 ns, Reaching safepoint: 120667 ns, At safepoint: 14914 ns, Total: 135581 ns
[2022-09-07T16:31:39.712+0000][7][safepoint   ] Safepoint "Cleanup", Time since last: 5000654141 ns, Reaching safepoint: 118711 ns, At safepoint: 15007 ns, Total: 133718 ns
[2022-09-07T16:31:40.713+0000][7][safepoint   ] Safepoint "Cleanup", Time since last: 1000217465 ns, Reaching safepoint: 118694 ns, At safepoint: 13940 ns, Total: 132634 ns
[2022-09-07T16:31:42.713+0000][7][safepoint   ] Safepoint "Cleanup", Time since last: 2000299949 ns, Reaching safepoint: 114367 ns, At safepoint: 14820 ns, Total: 129187 ns
[2022-09-07T16:31:45.714+0000][7][safepoint   ] Safepoint "Cleanup", Time since last: 3000457276 ns, Reaching safepoint: 120614 ns, At safepoint: 14610 ns, Total: 135224 ns
[2022-09-07T16:31:49.714+0000][7][safepoint   ] Safepoint "Cleanup", Time since last: 4000545912 ns, Reaching safepoint: 137231 ns, At safepoint: 14691 ns, Total: 151922 ns
[2022-09-07T16:31:50.715+0000][7][safepoint   ] Safepoint "Cleanup", Time since last: 1000181422 ns, Reaching safepoint: 125918 ns, At safepoint: 15340 ns, Total: 141258 ns
[2022-09-07T16:31:56.716+0000][7][safepoint   ] Safepoint "Cleanup", Time since last: 6000812564 ns, Reaching safepoint: 124751 ns, At safepoint: 14557 ns, Total: 139308 ns
[2022-09-07T16:32:01.717+0000][7][safepoint   ] Safepoint "Cleanup", Time since last: 5000644500 ns, Reaching safepoint: 123358 ns, At safepoint: 14467 ns, Total: 137825 ns
[2022-09-07T16:32:02.717+0000][7][safepoint   ] Safepoint "Cleanup", Time since last: 1000191566 ns, Reaching safepoint: 130635 ns, At safepoint: 12440 ns, Total: 143075 ns
[2022-09-07T16:32:03.717+0000][7][safepoint   ] Safepoint "Cleanup", Time since last: 1000173643 ns, Reaching safepoint: 122638 ns, At safepoint: 15074 ns, Total: 137712 ns
[2022-09-07T16:32:04.717+0000][7][safepoint   ] Safepoint "Cleanup", Time since last: 1000180829 ns, Reaching safepoint: 129185 ns, At safepoint: 15310 ns, Total: 144495 ns
[2022-09-07T16:32:05.718+0000][7][safepoint   ] Safepoint "Cleanup", Time since last: 1000209766 ns, Reaching safepoint: 121427 ns, At safepoint: 14417 ns, Total: 135844 ns
[2022-09-07T16:32:07.718+0000][7][safepoint   ] Safepoint "Cleanup", Time since last: 2000298865 ns, Reaching safepoint: 125181 ns, At safepoint: 14656 ns, Total: 139837 ns
[2022-09-07T16:32:09.719+0000][7][safepoint   ] Safepoint "Cleanup", Time since last: 2000359556 ns, Reaching safepoint: 128901 ns, At safepoint: 15130 ns, Total: 144031 ns
[2022-09-07T16:32:21.720+0000][7][safepoint   ] Safepoint "Cleanup", Time since last: 12001476610 ns, Reaching safepoint: 145712 ns, At safepoint: 14763 ns, Total: 160475 ns
[2022-09-07T16:32:24.721+0000][7][safepoint   ] Safepoint "Cleanup", Time since last: 3000415853 ns, Reaching safepoint: 127138 ns, At safepoint: 15030 ns, Total: 142168 ns
[2022-09-07T16:32:33.722+0000][7][safepoint   ] Safepoint "Cleanup", Time since last: 9001129719 ns, Reaching safepoint: 124902 ns, At safepoint: 13116 ns, Total: 138018 ns
[2022-09-07T16:32:34.723+0000][7][safepoint   ] Safepoint "Cleanup", Time since last: 1000204731 ns, Reaching safepoint: 113325 ns, At safepoint: 14136 ns, Total: 127461 ns
[2022-09-07T16:32:36.723+0000][7][safepoint   ] Safepoint "Cleanup", Time since last: 2000289669 ns, Reaching safepoint: 121398 ns, At safepoint: 14680 ns, Total: 136078 ns
[2022-09-07T16:32:39.724+0000][7][safepoint   ] Safepoint "Cleanup", Time since last: 3000419246 ns, Reaching safepoint: 112788 ns, At safepoint: 14010 ns, Total: 126798 ns
[2022-09-07T16:32:41.724+0000][7][safepoint   ] Safepoint "Cleanup", Time since last: 2000315267 ns, Reaching safepoint: 117028 ns, At safepoint: 14096 ns, Total: 131124 ns
[2022-09-07T16:32:50.725+0000][7][safepoint   ] Safepoint "Cleanup", Time since last: 9001075700 ns, Reaching safepoint: 146304 ns, At safepoint: 14851 ns, Total: 161155 ns
[2022-09-07T16:32:54.726+0000][7][safepoint   ] Safepoint "Cleanup", Time since last: 4000493615 ns, Reaching safepoint: 120274 ns, At safepoint: 13790 ns, Total: 134064 ns
[2022-09-07T16:32:59.727+0000][7][safepoint   ] Safepoint "Cleanup", Time since last: 5000707132 ns, Reaching safepoint: 119955 ns, At safepoint: 14407 ns, Total: 134362 ns
[2022-09-07T16:33:03.727+0000][7][safepoint   ] Safepoint "Cleanup", Time since last: 4000616319 ns, Reaching safepoint: 132834 ns, At safepoint: 14540 ns, Total: 147374 ns
[2022-09-07T16:33:04.728+0000][7][safepoint   ] Safepoint "Cleanup", Time since last: 1000183566 ns, Reaching safepoint: 112512 ns, At safepoint: 14540 ns, Total: 127052 ns
[2022-09-07T16:33:08.728+0000][7][safepoint   ] Safepoint "Cleanup", Time since last: 4000559739 ns, Reaching safepoint: 136138 ns, At safepoint: 13080 ns, Total: 149218 ns
[2022-09-07T16:33:09.729+0000][7][safepoint   ] Safepoint "Cleanup", Time since last: 1000191966 ns, Reaching safepoint: 110832 ns, At safepoint: 14230 ns, Total: 125062 ns
[2022-09-07T16:33:11.729+0000][7][safepoint   ] Safepoint "Cleanup", Time since last: 2000306086 ns, Reaching safepoint: 128744 ns, At safepoint: 12840 ns, Total: 141584 ns
[2022-09-07T16:33:14.730+0000][7][safepoint   ] Safepoint "Cleanup", Time since last: 3000443844 ns, Reaching safepoint: 114971 ns, At safepoint: 14621 ns, Total: 129592 ns
[2022-09-07T16:33:34.732+0000][7][safepoint   ] Safepoint "Cleanup", Time since last: 20002446506 ns, Reaching safepoint: 140669 ns, At safepoint: 14773 ns, Total: 155442 ns
[2022-09-07T16:33:36.733+0000][7][safepoint   ] Safepoint "Cleanup", Time since last: 2000306305 ns, Reaching safepoint: 117331 ns, At safepoint: 14514 ns, Total: 131845 ns
[2022-09-07T16:33:39.733+0000][7][safepoint   ] Safepoint "Cleanup", Time since last: 3000408551 ns, Reaching safepoint: 114555 ns, At safepoint: 14400 ns, Total: 128955 ns
[2022-09-07T16:33:42.734+0000][7][safepoint   ] Safepoint "Cleanup", Time since last: 3000426052 ns, Reaching safepoint: 129561 ns, At safepoint: 14851 ns, Total: 144412 ns
[2022-09-07T16:34:02.737+0000][7][safepoint   ] Safepoint "Cleanup", Time since last: 20002425958 ns, Reaching safepoint: 137207 ns, At safepoint: 15334 ns, Total: 152541 ns
[2022-09-07T16:34:03.737+0000][7][safepoint   ] Safepoint "Cleanup", Time since last: 1000182377 ns, Reaching safepoint: 125268 ns, At safepoint: 14563 ns, Total: 139831 ns
[2022-09-07T16:34:06.737+0000][7][safepoint   ] Safepoint "Cleanup", Time since last: 3000438533 ns, Reaching safepoint: 132028 ns, At safepoint: 15047 ns, Total: 147075 ns
[2022-09-07T16:34:14.739+0000][7][safepoint   ] Safepoint "Cleanup", Time since last: 8001042057 ns, Reaching safepoint: 123951 ns, At safepoint: 15184 ns, Total: 139135 ns
[2022-09-07T16:34:26.740+0000][7][safepoint   ] Safepoint "Cleanup", Time since last: 12001471997 ns, Reaching safepoint: 131705 ns, At safepoint: 11755 ns, Total: 143460 ns
[2022-09-07T16:34:33.741+0000][7][safepoint   ] Safepoint "Cleanup", Time since last: 7000927819 ns, Reaching safepoint: 126004 ns, At safepoint: 14980 ns, Total: 140984 ns
[2022-09-07T16:35:04.745+0000][7][safepoint   ] Safepoint "Cleanup", Time since last: 31003668723 ns, Reaching safepoint: 146822 ns, At safepoint: 14514 ns, Total: 161336 ns
[2022-09-07T16:35:06.746+0000][7][safepoint   ] Safepoint "Cleanup", Time since last: 2000314106 ns, Reaching safepoint: 130238 ns, At safepoint: 13767 ns, Total: 144005 ns
[2022-09-07T16:35:26.748+0000][7][safepoint   ] Safepoint "Cleanup", Time since last: 20002293759 ns, Reaching safepoint: 137928 ns, At safepoint: 15520 ns, Total: 153448 ns
[2022-09-07T16:35:34.749+0000][7][safepoint   ] Safepoint "Cleanup", Time since last: 8000998217 ns, Reaching safepoint: 118694 ns, At safepoint: 13434 ns, Total: 132128 ns
[2022-09-07T16:36:01.752+0000][7][safepoint   ] Safepoint "Cleanup", Time since last: 27003110371 ns, Reaching safepoint: 138014 ns, At safepoint: 15051 ns, Total: 153065 ns
[2022-09-07T16:36:03.753+0000][7][safepoint   ] Safepoint "Cleanup", Time since last: 2000337626 ns, Reaching safepoint: 126385 ns, At safepoint: 14247 ns, Total: 140632 ns
[2022-09-07T16:36:09.754+0000][7][safepoint   ] Safepoint "Cleanup", Time since last: 6000792744 ns, Reaching safepoint: 121688 ns, At safepoint: 13553 ns, Total: 135241 ns
[2022-09-07T16:36:10.754+0000][7][safepoint   ] Safepoint "Cleanup", Time since last: 1000203891 ns, Reaching safepoint: 128295 ns, At safepoint: 15000 ns, Total: 143295 ns
[2022-09-07T16:36:28.757+0000][7][safepoint   ] Safepoint "Cleanup", Time since last: 18002217252 ns, Reaching safepoint: 154379 ns, At safepoint: 14260 ns, Total: 168639 ns
[2022-09-07T16:36:34.758+0000][7][safepoint   ] Safepoint "Cleanup", Time since last: 6000782952 ns, Reaching safepoint: 123054 ns, At safepoint: 13680 ns, Total: 136734 ns
[2022-09-07T16:37:03.761+0000][7][safepoint   ] Safepoint "Cleanup", Time since last: 29003527838 ns, Reaching safepoint: 149061 ns, At safepoint: 15131 ns, Total: 164192 ns
[2022-09-07T16:37:29.765+0000][7][safepoint   ] Safepoint "Cleanup", Time since last: 26003197121 ns, Reaching safepoint: 142731 ns, At safepoint: 13726 ns, Total: 156457 ns
[2022-09-07T16:37:33.765+0000][7][safepoint   ] Safepoint "Cleanup", Time since last: 4000547819 ns, Reaching safepoint: 129364 ns, At safepoint: 15201 ns, Total: 144565 ns
[2022-09-07T16:37:44.767+0000][7][safepoint   ] Safepoint "Cleanup", Time since last: 11001410141 ns, Reaching safepoint: 117794 ns, At safepoint: 14637 ns, Total: 132431 ns
[2022-09-07T16:37:45.767+0000][7][safepoint   ] Safepoint "Cleanup", Time since last: 1000193624 ns, Reaching safepoint: 120575 ns, At safepoint: 14683 ns, Total: 135258 ns
[2022-09-07T16:37:46.767+0000][7][safepoint   ] Safepoint "Cleanup", Time since last: 1000190281 ns, Reaching safepoint: 117455 ns, At safepoint: 12590 ns, Total: 130045 ns
[2022-09-07T16:38:03.770+0000][7][safepoint   ] Safepoint "Cleanup", Time since last: 17002011214 ns, Reaching safepoint: 170721 ns, At safepoint: 14691 ns, Total: 185412 ns
[2022-09-07T16:39:09.778+0000][7][safepoint   ] Safepoint "Cleanup", Time since last: 66007770090 ns, Reaching safepoint: 181922 ns, At safepoint: 14800 ns, Total: 196722 ns
[2022-09-07T16:39:33.781+0000][7][safepoint   ] Safepoint "Cleanup", Time since last: 24002973022 ns, Reaching safepoint: 147205 ns, At safepoint: 15020 ns, Total: 162225 ns
[2022-09-07T16:39:51.783+0000][7][safepoint   ] Safepoint "Cleanup", Time since last: 18002089873 ns, Reaching safepoint: 128111 ns, At safepoint: 13987 ns, Total: 142098 ns
[2022-09-07T16:40:04.785+0000][7][safepoint   ] Safepoint "Cleanup", Time since last: 13001577430 ns, Reaching safepoint: 145738 ns, At safepoint: 14540 ns, Total: 160278 ns
[2022-09-07T16:40:33.788+0000][7][safepoint   ] Safepoint "Cleanup", Time since last: 29003461112 ns, Reaching safepoint: 146709 ns, At safepoint: 15530 ns, Total: 162239 ns
[2022-09-07T16:40:41.789+0000][7][safepoint   ] Safepoint "Cleanup", Time since last: 8001011291 ns, Reaching safepoint: 120475 ns, At safepoint: 14040 ns, Total: 134515 ns
[2022-09-07T16:40:54.791+0000][7][safepoint   ] Safepoint "Cleanup", Time since last: 13001574520 ns, Reaching safepoint: 126615 ns, At safepoint: 14773 ns, Total: 141388 ns
[2022-09-07T16:41:03.792+0000][7][safepoint   ] Safepoint "Cleanup", Time since last: 9001119820 ns, Reaching safepoint: 139282 ns, At safepoint: 14127 ns, Total: 153409 ns
[2022-09-07T16:41:04.793+0000][7][safepoint   ] Safepoint "Cleanup", Time since last: 1000180206 ns, Reaching safepoint: 123888 ns, At safepoint: 13604 ns, Total: 137492 ns
[2022-09-07T16:41:29.796+0000][7][safepoint   ] Safepoint "Cleanup", Time since last: 25002750959 ns, Reaching safepoint: 116028 ns, At safepoint: 14737 ns, Total: 130765 ns
[2022-09-07T16:41:49.798+0000][7][safepoint   ] Safepoint "Cleanup", Time since last: 20002443795 ns, Reaching safepoint: 147745 ns, At safepoint: 15770 ns, Total: 163515 ns
[2022-09-07T16:42:37.804+0000][7][safepoint   ] Safepoint "Cleanup", Time since last: 48005757886 ns, Reaching safepoint: 142639 ns, At safepoint: 15423 ns, Total: 158062 ns
[2022-09-07T16:42:43.805+0000][7][safepoint   ] Safepoint "Cleanup", Time since last: 6000931697 ns, Reaching safepoint: 129191 ns, At safepoint: 15453 ns, Total: 144644 ns
[2022-09-07T16:42:55.807+0000][7][safepoint   ] Safepoint "Cleanup", Time since last: 12001516336 ns, Reaching safepoint: 126725 ns, At safepoint: 14827 ns, Total: 141552 ns
[2022-09-07T16:43:44.813+0000][7][safepoint   ] Safepoint "Cleanup", Time since last: 49005828200 ns, Reaching safepoint: 144314 ns, At safepoint: 14504 ns, Total: 158818 ns
[2022-09-07T16:43:58.815+0000][7][safepoint   ] Safepoint "Cleanup", Time since last: 14001724635 ns, Reaching safepoint: 131888 ns, At safepoint: 13083 ns, Total: 144971 ns
[2022-09-07T16:44:33.819+0000][7][safepoint   ] Safepoint "Cleanup", Time since last: 35004151648 ns, Reaching safepoint: 149138 ns, At safepoint: 15503 ns, Total: 164641 ns
[2022-09-07T16:44:34.819+0000][7][safepoint   ] Safepoint "Cleanup", Time since last: 1000187893 ns, Reaching safepoint: 110904 ns, At safepoint: 14574 ns, Total: 125478 ns
[2022-09-07T16:45:03.823+0000][7][safepoint   ] Safepoint "Cleanup", Time since last: 29003486760 ns, Reaching safepoint: 140441 ns, At safepoint: 15577 ns, Total: 156018 ns
[2022-09-07T16:45:33.827+0000][7][safepoint   ] Safepoint "Cleanup", Time since last: 30003539129 ns, Reaching safepoint: 145905 ns, At safepoint: 15017 ns, Total: 160922 ns
[2022-09-07T16:45:34.827+0000][7][safepoint   ] Safepoint "Cleanup", Time since last: 1000185063 ns, Reaching safepoint: 118795 ns, At safepoint: 15217 ns, Total: 134012 ns
[2022-09-07T16:45:57.830+0000][7][safepoint   ] Safepoint "Cleanup", Time since last: 23002698585 ns, Reaching safepoint: 68200 ns, At safepoint: 6952 ns, Total: 75152 ns
[2022-09-07T16:45:59.193+0000][7][gc,heap,exit] Heap
[2022-09-07T16:45:59.193+0000][7][gc,heap,exit]  garbage-first heap   total 32505856K, used 845073K [0x0000001001000000, 0x00000017c1000000)
[2022-09-07T16:45:59.193+0000][7][gc,heap,exit]   region size 16384K, 52 young (851968K), 5 survivors (81920K)
[2022-09-07T16:45:59.193+0000][7][gc,heap,exit]  Metaspace       used 107539K, committed 110464K, reserved 1179648K
[2022-09-07T16:45:59.193+0000][7][gc,heap,exit]   class space    used 14909K, committed 16320K, reserved 1048576K
