[2022-09-07T16:20:31.580+0000][7][gc,init] CardTable entry size: 512
[2022-09-07T16:20:31.580+0000][7][gc     ] Using G1
[2022-09-07T16:20:32.742+0000][7][gc,init] Version: 18.0.2+9-61 (release)
[2022-09-07T16:20:32.742+0000][7][gc,init] CPUs: 8 total, 8 available
[2022-09-07T16:20:32.742+0000][7][gc,init] Memory: 64312M
[2022-09-07T16:20:32.742+0000][7][gc,init] Large Page Support: Disabled
[2022-09-07T16:20:32.742+0000][7][gc,init] NUMA Support: Disabled
[2022-09-07T16:20:32.742+0000][7][gc,init] Compressed Oops: Enabled (Non-zero disjoint base)
[2022-09-07T16:20:32.742+0000][7][gc,init] Heap Region Size: 16M
[2022-09-07T16:20:32.742+0000][7][gc,init] Heap Min Capacity: 31G
[2022-09-07T16:20:32.742+0000][7][gc,init] Heap Initial Capacity: 31G
[2022-09-07T16:20:32.742+0000][7][gc,init] Heap Max Capacity: 31G
[2022-09-07T16:20:32.742+0000][7][gc,init] Pre-touch: Enabled
[2022-09-07T16:20:32.742+0000][7][gc,init] Parallel Workers: 8
[2022-09-07T16:20:32.742+0000][7][gc,init] Concurrent Workers: 2
[2022-09-07T16:20:32.742+0000][7][gc,init] Concurrent Refinement Workers: 8
[2022-09-07T16:20:32.742+0000][7][gc,init] Periodic GC: Disabled
[2022-09-07T16:20:32.742+0000][7][gc,metaspace] CDS archive(s) mapped at: [0x0000000800000000-0x0000000800bae000-0x0000000800bae000), size 12247040, SharedBaseAddress: 0x0000000800000000, ArchiveRelocationMode: 0.
[2022-09-07T16:20:32.742+0000][7][gc,metaspace] Compressed class space mapped at: 0x0000000800c00000-0x0000000840c00000, reserved size: 1073741824
[2022-09-07T16:20:32.742+0000][7][gc,metaspace] Narrow klass base: 0x0000000800000000, Narrow klass shift: 0, Narrow klass range: 0x100000000
[2022-09-07T16:20:33.180+0000][7][safepoint   ] Safepoint "ICBufferFull", Time since last: 432015823 ns, Reaching safepoint: 180751 ns, At safepoint: 14371 ns, Total: 195122 ns
[2022-09-07T16:20:33.553+0000][7][safepoint   ] Safepoint "ICBufferFull", Time since last: 372633951 ns, Reaching safepoint: 97715 ns, At safepoint: 4652 ns, Total: 102367 ns
[2022-09-07T16:20:34.003+0000][7][safepoint   ] Safepoint "ICBufferFull", Time since last: 449521756 ns, Reaching safepoint: 121310 ns, At safepoint: 7311 ns, Total: 128621 ns
[2022-09-07T16:20:34.321+0000][7][safepoint   ] Safepoint "ICBufferFull", Time since last: 318245317 ns, Reaching safepoint: 178853 ns, At safepoint: 9791 ns, Total: 188644 ns
[2022-09-07T16:20:35.179+0000][7][safepoint   ] Safepoint "ICBufferFull", Time since last: 857957959 ns, Reaching safepoint: 120983 ns, At safepoint: 5423 ns, Total: 126406 ns
[2022-09-07T16:20:35.636+0000][7][gc,start    ] GC(0) Pause Young (Concurrent Start) (Metadata GC Threshold)
[2022-09-07T16:20:35.636+0000][7][gc,task     ] GC(0) Using 8 workers of 8 for evacuation
[2022-09-07T16:20:35.636+0000][7][gc,age      ] GC(0) Desired survivor size 109051904 bytes, new threshold 15 (max threshold 15)
[2022-09-07T16:20:35.648+0000][7][gc,phases   ] GC(0)   Pre Evacuate Collection Set: 0.6ms
[2022-09-07T16:20:35.648+0000][7][gc,phases   ] GC(0)   Merge Heap Roots: 0.3ms
[2022-09-07T16:20:35.648+0000][7][gc,phases   ] GC(0)   Evacuate Collection Set: 9.7ms
[2022-09-07T16:20:35.648+0000][7][gc,phases   ] GC(0)   Post Evacuate Collection Set: 1.1ms
[2022-09-07T16:20:35.648+0000][7][gc,phases   ] GC(0)   Other: 0.1ms
[2022-09-07T16:20:35.648+0000][7][gc,age      ] GC(0) Age table with threshold 15 (max threshold 15)
[2022-09-07T16:20:35.648+0000][7][gc,age      ] GC(0) - age   1:   18482960 bytes,   18482960 total
[2022-09-07T16:20:35.648+0000][7][gc,heap     ] GC(0) Eden regions: 95->0(97)
[2022-09-07T16:20:35.648+0000][7][gc,heap     ] GC(0) Survivor regions: 0->2(13)
[2022-09-07T16:20:35.648+0000][7][gc,heap     ] GC(0) Old regions: 0->0
[2022-09-07T16:20:35.648+0000][7][gc,heap     ] GC(0) Archive regions: 2->2
[2022-09-07T16:20:35.648+0000][7][gc,heap     ] GC(0) Humongous regions: 0->0
[2022-09-07T16:20:35.648+0000][7][gc,metaspace] GC(0) Metaspace: 20955K(21504K)->20955K(21504K) NonClass: 18445K(18752K)->18445K(18752K) Class: 2510K(2752K)->2510K(2752K)
[2022-09-07T16:20:35.648+0000][7][gc          ] GC(0) Pause Young (Concurrent Start) (Metadata GC Threshold) 1527M->33M(31744M) 12.004ms
[2022-09-07T16:20:35.648+0000][7][gc,cpu      ] GC(0) User=0.08s Sys=0.00s Real=0.01s
[2022-09-07T16:20:35.648+0000][7][gc          ] GC(1) Concurrent Mark Cycle
[2022-09-07T16:20:35.648+0000][7][gc,marking  ] GC(1) Concurrent Clear Claimed Marks
[2022-09-07T16:20:35.648+0000][7][safepoint   ] Safepoint "CollectForMetadataAllocation", Time since last: 456487054 ns, Reaching safepoint: 145691 ns, At safepoint: 12126036 ns, Total: 12271727 ns
[2022-09-07T16:20:35.648+0000][7][gc,marking  ] GC(1) Concurrent Clear Claimed Marks 0.029ms
[2022-09-07T16:20:35.648+0000][7][gc,marking  ] GC(1) Concurrent Scan Root Regions
[2022-09-07T16:20:35.653+0000][7][gc,marking  ] GC(1) Concurrent Scan Root Regions 4.837ms
[2022-09-07T16:20:35.653+0000][7][gc,marking  ] GC(1) Concurrent Mark
[2022-09-07T16:20:35.653+0000][7][gc,marking  ] GC(1) Concurrent Mark From Roots
[2022-09-07T16:20:35.653+0000][7][gc,task     ] GC(1) Using 2 workers of 2 for marking
[2022-09-07T16:20:35.656+0000][7][gc,marking  ] GC(1) Concurrent Mark From Roots 3.005ms
[2022-09-07T16:20:35.656+0000][7][gc,marking  ] GC(1) Concurrent Preclean
[2022-09-07T16:20:35.656+0000][7][gc,marking  ] GC(1) Concurrent Preclean 0.008ms
[2022-09-07T16:20:35.656+0000][7][gc,start    ] GC(1) Pause Remark
[2022-09-07T16:20:35.658+0000][7][gc          ] GC(1) Pause Remark 45M->45M(31744M) 1.962ms
[2022-09-07T16:20:35.658+0000][7][gc,cpu      ] GC(1) User=0.01s Sys=0.00s Real=0.00s
[2022-09-07T16:20:35.658+0000][7][safepoint   ] Safepoint "G1Concurrent", Time since last: 7966390 ns, Reaching safepoint: 110052 ns, At safepoint: 2032532 ns, Total: 2142584 ns
[2022-09-07T16:20:35.658+0000][7][gc,marking  ] GC(1) Concurrent Mark 5.240ms
[2022-09-07T16:20:35.658+0000][7][gc,marking  ] GC(1) Concurrent Rebuild Remembered Sets
[2022-09-07T16:20:35.658+0000][7][gc,marking  ] GC(1) Concurrent Rebuild Remembered Sets 0.006ms
[2022-09-07T16:20:35.658+0000][7][gc,start    ] GC(1) Pause Cleanup
[2022-09-07T16:20:35.658+0000][7][gc          ] GC(1) Pause Cleanup 45M->45M(31744M) 0.017ms
[2022-09-07T16:20:35.658+0000][7][gc,cpu      ] GC(1) User=0.00s Sys=0.00s Real=0.00s
[2022-09-07T16:20:35.658+0000][7][safepoint   ] Safepoint "G1Concurrent", Time since last: 65182 ns, Reaching safepoint: 111331 ns, At safepoint: 50687 ns, Total: 162018 ns
[2022-09-07T16:20:35.659+0000][7][gc,marking  ] GC(1) Concurrent Cleanup for Next Mark
[2022-09-07T16:20:35.679+0000][7][gc,marking  ] GC(1) Concurrent Cleanup for Next Mark 20.404ms
[2022-09-07T16:20:35.679+0000][7][gc          ] GC(1) Concurrent Mark Cycle 30.854ms
[2022-09-07T16:20:36.050+0000][7][safepoint   ] Safepoint "ICBufferFull", Time since last: 391521242 ns, Reaching safepoint: 271011 ns, At safepoint: 16055 ns, Total: 287066 ns
[2022-09-07T16:20:36.540+0000][7][safepoint   ] Safepoint "ICBufferFull", Time since last: 489981213 ns, Reaching safepoint: 142047 ns, At safepoint: 4427 ns, Total: 146474 ns
[2022-09-07T16:20:37.506+0000][7][gc,start    ] GC(2) Pause Young (Concurrent Start) (Metadata GC Threshold)
[2022-09-07T16:20:37.506+0000][7][gc,task     ] GC(2) Using 8 workers of 8 for evacuation
[2022-09-07T16:20:37.506+0000][7][gc,age      ] GC(2) Desired survivor size 109051904 bytes, new threshold 15 (max threshold 15)
[2022-09-07T16:20:37.525+0000][7][gc,phases   ] GC(2)   Pre Evacuate Collection Set: 0.3ms
[2022-09-07T16:20:37.525+0000][7][gc,phases   ] GC(2)   Merge Heap Roots: 0.1ms
[2022-09-07T16:20:37.525+0000][7][gc,phases   ] GC(2)   Evacuate Collection Set: 16.6ms
[2022-09-07T16:20:37.525+0000][7][gc,phases   ] GC(2)   Post Evacuate Collection Set: 1.2ms
[2022-09-07T16:20:37.525+0000][7][gc,phases   ] GC(2)   Other: 0.0ms
[2022-09-07T16:20:37.525+0000][7][gc,age      ] GC(2) Age table with threshold 15 (max threshold 15)
[2022-09-07T16:20:37.525+0000][7][gc,age      ] GC(2) - age   1:   27715872 bytes,   27715872 total
[2022-09-07T16:20:37.525+0000][7][gc,age      ] GC(2) - age   2:   18123552 bytes,   45839424 total
[2022-09-07T16:20:37.525+0000][7][gc,heap     ] GC(2) Eden regions: 24->0(96)
[2022-09-07T16:20:37.525+0000][7][gc,heap     ] GC(2) Survivor regions: 2->3(13)
[2022-09-07T16:20:37.525+0000][7][gc,heap     ] GC(2) Old regions: 0->0
[2022-09-07T16:20:37.525+0000][7][gc,heap     ] GC(2) Archive regions: 2->2
[2022-09-07T16:20:37.525+0000][7][gc,heap     ] GC(2) Humongous regions: 0->0
[2022-09-07T16:20:37.525+0000][7][gc,metaspace] GC(2) Metaspace: 35201K(36096K)->35201K(36096K) NonClass: 30715K(31232K)->30715K(31232K) Class: 4486K(4864K)->4486K(4864K)
[2022-09-07T16:20:37.525+0000][7][gc          ] GC(2) Pause Young (Concurrent Start) (Metadata GC Threshold) 417M->60M(31744M) 18.430ms
[2022-09-07T16:20:37.525+0000][7][gc,cpu      ] GC(2) User=0.13s Sys=0.00s Real=0.02s
[2022-09-07T16:20:37.525+0000][7][gc          ] GC(3) Concurrent Mark Cycle
[2022-09-07T16:20:37.525+0000][7][gc,marking  ] GC(3) Concurrent Clear Claimed Marks
[2022-09-07T16:20:37.525+0000][7][safepoint   ] Safepoint "CollectForMetadataAllocation", Time since last: 965800578 ns, Reaching safepoint: 106676 ns, At safepoint: 18533850 ns, Total: 18640526 ns
[2022-09-07T16:20:37.525+0000][7][gc,marking  ] GC(3) Concurrent Clear Claimed Marks 0.050ms
[2022-09-07T16:20:37.525+0000][7][gc,marking  ] GC(3) Concurrent Scan Root Regions
[2022-09-07T16:20:37.541+0000][7][gc,marking  ] GC(3) Concurrent Scan Root Regions 15.809ms
[2022-09-07T16:20:37.541+0000][7][gc,marking  ] GC(3) Concurrent Mark
[2022-09-07T16:20:37.541+0000][7][gc,marking  ] GC(3) Concurrent Mark From Roots
[2022-09-07T16:20:37.541+0000][7][gc,task     ] GC(3) Using 2 workers of 2 for marking
[2022-09-07T16:20:37.544+0000][7][gc,marking  ] GC(3) Concurrent Mark From Roots 3.658ms
[2022-09-07T16:20:37.544+0000][7][gc,marking  ] GC(3) Concurrent Preclean
[2022-09-07T16:20:37.544+0000][7][gc,marking  ] GC(3) Concurrent Preclean 0.015ms
[2022-09-07T16:20:37.545+0000][7][gc,start    ] GC(3) Pause Remark
[2022-09-07T16:20:37.547+0000][7][gc          ] GC(3) Pause Remark 68M->68M(31744M) 1.910ms
[2022-09-07T16:20:37.547+0000][7][gc,cpu      ] GC(3) User=0.02s Sys=0.00s Real=0.00s
[2022-09-07T16:20:37.547+0000][7][safepoint   ] Safepoint "G1Concurrent", Time since last: 19653416 ns, Reaching safepoint: 249418 ns, At safepoint: 1974245 ns, Total: 2223663 ns
[2022-09-07T16:20:37.547+0000][7][gc,marking  ] GC(3) Concurrent Mark 6.016ms
[2022-09-07T16:20:37.547+0000][7][gc,marking  ] GC(3) Concurrent Rebuild Remembered Sets
[2022-09-07T16:20:37.547+0000][7][gc,marking  ] GC(3) Concurrent Rebuild Remembered Sets 0.007ms
[2022-09-07T16:20:37.550+0000][7][gc,start    ] GC(3) Pause Cleanup
[2022-09-07T16:20:37.550+0000][7][gc          ] GC(3) Pause Cleanup 68M->68M(31744M) 0.017ms
[2022-09-07T16:20:37.550+0000][7][gc,cpu      ] GC(3) User=0.00s Sys=0.00s Real=0.00s
[2022-09-07T16:20:37.550+0000][7][safepoint   ] Safepoint "G1Concurrent", Time since last: 72181 ns, Reaching safepoint: 3194276 ns, At safepoint: 46449 ns, Total: 3240725 ns
[2022-09-07T16:20:37.550+0000][7][gc,marking  ] GC(3) Concurrent Cleanup for Next Mark
[2022-09-07T16:20:37.572+0000][7][gc,marking  ] GC(3) Concurrent Cleanup for Next Mark 21.743ms
[2022-09-07T16:20:37.572+0000][7][gc          ] GC(3) Concurrent Mark Cycle 47.080ms
[2022-09-07T16:20:38.424+0000][7][safepoint   ] Safepoint "ICBufferFull", Time since last: 873659660 ns, Reaching safepoint: 119275 ns, At safepoint: 8568 ns, Total: 127843 ns
[2022-09-07T16:20:39.171+0000][7][safepoint   ] Safepoint "ICBufferFull", Time since last: 746944329 ns, Reaching safepoint: 121301 ns, At safepoint: 7962 ns, Total: 129263 ns
[2022-09-07T16:20:39.904+0000][7][safepoint   ] Safepoint "ICBufferFull", Time since last: 732344959 ns, Reaching safepoint: 903037 ns, At safepoint: 6201 ns, Total: 909238 ns
[2022-09-07T16:20:39.986+0000][7][gc,start    ] GC(4) Pause Young (Concurrent Start) (Metadata GC Threshold)
[2022-09-07T16:20:39.986+0000][7][gc,task     ] GC(4) Using 8 workers of 8 for evacuation
[2022-09-07T16:20:39.986+0000][7][gc,age      ] GC(4) Desired survivor size 109051904 bytes, new threshold 15 (max threshold 15)
[2022-09-07T16:20:40.013+0000][7][gc,phases   ] GC(4)   Pre Evacuate Collection Set: 0.3ms
[2022-09-07T16:20:40.013+0000][7][gc,phases   ] GC(4)   Merge Heap Roots: 0.1ms
[2022-09-07T16:20:40.013+0000][7][gc,phases   ] GC(4)   Evacuate Collection Set: 25.6ms
[2022-09-07T16:20:40.013+0000][7][gc,phases   ] GC(4)   Post Evacuate Collection Set: 1.7ms
[2022-09-07T16:20:40.013+0000][7][gc,phases   ] GC(4)   Other: 0.1ms
[2022-09-07T16:20:40.013+0000][7][gc,age      ] GC(4) Age table with threshold 15 (max threshold 15)
[2022-09-07T16:20:40.013+0000][7][gc,age      ] GC(4) - age   1:   10913544 bytes,   10913544 total
[2022-09-07T16:20:40.013+0000][7][gc,age      ] GC(4) - age   2:   27304928 bytes,   38218472 total
[2022-09-07T16:20:40.013+0000][7][gc,age      ] GC(4) - age   3:   18035472 bytes,   56253944 total
[2022-09-07T16:20:40.013+0000][7][gc,heap     ] GC(4) Eden regions: 30->0(95)
[2022-09-07T16:20:40.013+0000][7][gc,heap     ] GC(4) Survivor regions: 3->4(13)
[2022-09-07T16:20:40.013+0000][7][gc,heap     ] GC(4) Old regions: 0->0
[2022-09-07T16:20:40.014+0000][7][gc,heap     ] GC(4) Archive regions: 2->2
[2022-09-07T16:20:40.014+0000][7][gc,heap     ] GC(4) Humongous regions: 0->0
[2022-09-07T16:20:40.014+0000][7][gc,metaspace] GC(4) Metaspace: 59523K(60736K)->59523K(60736K) NonClass: 51714K(52480K)->51714K(52480K) Class: 7808K(8256K)->7808K(8256K)
[2022-09-07T16:20:40.014+0000][7][gc          ] GC(4) Pause Young (Concurrent Start) (Metadata GC Threshold) 540M->73M(31744M) 28.009ms
[2022-09-07T16:20:40.014+0000][7][gc,cpu      ] GC(4) User=0.20s Sys=0.01s Real=0.03s
[2022-09-07T16:20:40.014+0000][7][gc          ] GC(5) Concurrent Mark Cycle
[2022-09-07T16:20:40.014+0000][7][gc,marking  ] GC(5) Concurrent Clear Claimed Marks
[2022-09-07T16:20:40.014+0000][7][safepoint   ] Safepoint "CollectForMetadataAllocation", Time since last: 81296732 ns, Reaching safepoint: 63183 ns, At safepoint: 28134811 ns, Total: 28197994 ns
[2022-09-07T16:20:40.014+0000][7][gc,marking  ] GC(5) Concurrent Clear Claimed Marks 0.064ms
[2022-09-07T16:20:40.014+0000][7][gc,marking  ] GC(5) Concurrent Scan Root Regions
[2022-09-07T16:20:40.034+0000][7][gc,marking  ] GC(5) Concurrent Scan Root Regions 20.224ms
[2022-09-07T16:20:40.034+0000][7][gc,marking  ] GC(5) Concurrent Mark
[2022-09-07T16:20:40.034+0000][7][gc,marking  ] GC(5) Concurrent Mark From Roots
[2022-09-07T16:20:40.034+0000][7][gc,task     ] GC(5) Using 2 workers of 2 for marking
[2022-09-07T16:20:40.038+0000][7][gc,marking  ] GC(5) Concurrent Mark From Roots 3.577ms
[2022-09-07T16:20:40.038+0000][7][gc,marking  ] GC(5) Concurrent Preclean
[2022-09-07T16:20:40.038+0000][7][gc,marking  ] GC(5) Concurrent Preclean 0.014ms
[2022-09-07T16:20:40.038+0000][7][gc,start    ] GC(5) Pause Remark
[2022-09-07T16:20:40.042+0000][7][gc          ] GC(5) Pause Remark 81M->81M(31744M) 3.794ms
[2022-09-07T16:20:40.042+0000][7][gc,cpu      ] GC(5) User=0.02s Sys=0.00s Real=0.01s
[2022-09-07T16:20:40.042+0000][7][safepoint   ] Safepoint "G1Concurrent", Time since last: 23978511 ns, Reaching safepoint: 117787 ns, At safepoint: 3882936 ns, Total: 4000723 ns
[2022-09-07T16:20:40.042+0000][7][gc,marking  ] GC(5) Concurrent Mark 7.703ms
[2022-09-07T16:20:40.042+0000][7][gc,marking  ] GC(5) Concurrent Rebuild Remembered Sets
[2022-09-07T16:20:40.042+0000][7][gc,marking  ] GC(5) Concurrent Rebuild Remembered Sets 0.006ms
[2022-09-07T16:20:40.042+0000][7][safepoint   ] Safepoint "CollectForMetadataAllocation", Time since last: 49188 ns, Reaching safepoint: 43849 ns, At safepoint: 65135 ns, Total: 108984 ns
[2022-09-07T16:20:40.042+0000][7][gc,start    ] GC(5) Pause Cleanup
[2022-09-07T16:20:40.042+0000][7][gc          ] GC(5) Pause Cleanup 81M->81M(31744M) 0.017ms
[2022-09-07T16:20:40.042+0000][7][gc,cpu      ] GC(5) User=0.00s Sys=0.00s Real=0.00s
[2022-09-07T16:20:40.042+0000][7][safepoint   ] Safepoint "G1Concurrent", Time since last: 39100 ns, Reaching safepoint: 173595 ns, At safepoint: 49794 ns, Total: 223389 ns
[2022-09-07T16:20:40.042+0000][7][gc,marking  ] GC(5) Concurrent Cleanup for Next Mark
[2022-09-07T16:20:40.064+0000][7][gc,marking  ] GC(5) Concurrent Cleanup for Next Mark 22.102ms
[2022-09-07T16:20:40.064+0000][7][gc          ] GC(5) Concurrent Mark Cycle 50.683ms
[2022-09-07T16:20:40.893+0000][7][safepoint   ] Safepoint "ICBufferFull", Time since last: 850470876 ns, Reaching safepoint: 267351 ns, At safepoint: 7863 ns, Total: 275214 ns
[2022-09-07T16:20:41.397+0000][7][safepoint   ] Safepoint "ICBufferFull", Time since last: 504367498 ns, Reaching safepoint: 188574 ns, At safepoint: 7353 ns, Total: 195927 ns
[2022-09-07T16:20:41.988+0000][7][safepoint   ] Safepoint "ICBufferFull", Time since last: 590870836 ns, Reaching safepoint: 241212 ns, At safepoint: 6340 ns, Total: 247552 ns
[2022-09-07T16:20:42.670+0000][7][safepoint   ] Safepoint "ICBufferFull", Time since last: 681655282 ns, Reaching safepoint: 197292 ns, At safepoint: 7884 ns, Total: 205176 ns
[2022-09-07T16:20:43.203+0000][7][safepoint   ] Safepoint "ICBufferFull", Time since last: 532508117 ns, Reaching safepoint: 154390 ns, At safepoint: 9930 ns, Total: 164320 ns
[2022-09-07T16:20:43.615+0000][7][gc,start    ] GC(6) Pause Young (Concurrent Start) (Metadata GC Threshold)
[2022-09-07T16:20:43.615+0000][7][gc,task     ] GC(6) Using 8 workers of 8 for evacuation
[2022-09-07T16:20:43.615+0000][7][gc,age      ] GC(6) Desired survivor size 109051904 bytes, new threshold 15 (max threshold 15)
[2022-09-07T16:20:43.645+0000][7][gc,phases   ] GC(6)   Pre Evacuate Collection Set: 0.4ms
[2022-09-07T16:20:43.645+0000][7][gc,phases   ] GC(6)   Merge Heap Roots: 0.1ms
[2022-09-07T16:20:43.645+0000][7][gc,phases   ] GC(6)   Evacuate Collection Set: 27.7ms
[2022-09-07T16:20:43.645+0000][7][gc,phases   ] GC(6)   Post Evacuate Collection Set: 1.6ms
[2022-09-07T16:20:43.645+0000][7][gc,phases   ] GC(6)   Other: 0.0ms
[2022-09-07T16:20:43.645+0000][7][gc,age      ] GC(6) Age table with threshold 15 (max threshold 15)
[2022-09-07T16:20:43.645+0000][7][gc,age      ] GC(6) - age   1:   17749536 bytes,   17749536 total
[2022-09-07T16:20:43.645+0000][7][gc,age      ] GC(6) - age   2:   10180896 bytes,   27930432 total
[2022-09-07T16:20:43.645+0000][7][gc,age      ] GC(6) - age   3:   27200496 bytes,   55130928 total
[2022-09-07T16:20:43.645+0000][7][gc,age      ] GC(6) - age   4:   17932736 bytes,   73063664 total
[2022-09-07T16:20:43.645+0000][7][gc,heap     ] GC(6) Eden regions: 26->0(94)
[2022-09-07T16:20:43.645+0000][7][gc,heap     ] GC(6) Survivor regions: 4->5(13)
[2022-09-07T16:20:43.645+0000][7][gc,heap     ] GC(6) Old regions: 0->0
[2022-09-07T16:20:43.645+0000][7][gc,heap     ] GC(6) Archive regions: 2->2
[2022-09-07T16:20:43.645+0000][7][gc,heap     ] GC(6) Humongous regions: 0->0
[2022-09-07T16:20:43.645+0000][7][gc,metaspace] GC(6) Metaspace: 99036K(101760K)->99036K(101760K) NonClass: 85343K(86784K)->85343K(86784K) Class: 13693K(14976K)->13693K(14976K)
[2022-09-07T16:20:43.645+0000][7][gc          ] GC(6) Pause Young (Concurrent Start) (Metadata GC Threshold) 481M->90M(31744M) 30.048ms
[2022-09-07T16:20:43.645+0000][7][gc          ] GC(7) Concurrent Mark Cycle
[2022-09-07T16:20:43.645+0000][7][gc,cpu      ] GC(6) User=0.22s Sys=0.01s Real=0.03s
[2022-09-07T16:20:43.645+0000][7][gc,marking  ] GC(7) Concurrent Clear Claimed Marks
[2022-09-07T16:20:43.645+0000][7][safepoint   ] Safepoint "CollectForMetadataAllocation", Time since last: 411438548 ns, Reaching safepoint: 199617 ns, At safepoint: 30188823 ns, Total: 30388440 ns
[2022-09-07T16:20:43.645+0000][7][gc,marking  ] GC(7) Concurrent Clear Claimed Marks 0.198ms
[2022-09-07T16:20:43.645+0000][7][gc,marking  ] GC(7) Concurrent Scan Root Regions
[2022-09-07T16:20:43.664+0000][7][safepoint   ] Safepoint "CollectForMetadataAllocation", Time since last: 19071923 ns, Reaching safepoint: 69545 ns, At safepoint: 62971 ns, Total: 132516 ns
[2022-09-07T16:20:43.673+0000][7][gc,marking  ] GC(7) Concurrent Scan Root Regions 28.166ms
[2022-09-07T16:20:43.673+0000][7][gc,marking  ] GC(7) Concurrent Mark
[2022-09-07T16:20:43.673+0000][7][gc,marking  ] GC(7) Concurrent Mark From Roots
[2022-09-07T16:20:43.673+0000][7][gc,task     ] GC(7) Using 2 workers of 2 for marking
[2022-09-07T16:20:43.677+0000][7][gc,marking  ] GC(7) Concurrent Mark From Roots 3.414ms
[2022-09-07T16:20:43.677+0000][7][gc,marking  ] GC(7) Concurrent Preclean
[2022-09-07T16:20:43.677+0000][7][gc,marking  ] GC(7) Concurrent Preclean 0.013ms
[2022-09-07T16:20:43.677+0000][7][gc,start    ] GC(7) Pause Remark
[2022-09-07T16:20:43.680+0000][7][gc          ] GC(7) Pause Remark 105M->105M(31744M) 2.704ms
[2022-09-07T16:20:43.680+0000][7][gc,cpu      ] GC(7) User=0.02s Sys=0.00s Real=0.00s
[2022-09-07T16:20:43.680+0000][7][safepoint   ] Safepoint "G1Concurrent", Time since last: 12650049 ns, Reaching safepoint: 140527 ns, At safepoint: 2777567 ns, Total: 2918094 ns
[2022-09-07T16:20:43.680+0000][7][gc,marking  ] GC(7) Concurrent Mark 6.455ms
[2022-09-07T16:20:43.680+0000][7][gc,marking  ] GC(7) Concurrent Rebuild Remembered Sets
[2022-09-07T16:20:43.680+0000][7][gc,marking  ] GC(7) Concurrent Rebuild Remembered Sets 0.010ms
[2022-09-07T16:20:43.680+0000][7][gc,start    ] GC(7) Pause Cleanup
[2022-09-07T16:20:43.680+0000][7][gc          ] GC(7) Pause Cleanup 105M->105M(31744M) 0.013ms
[2022-09-07T16:20:43.680+0000][7][gc,cpu      ] GC(7) User=0.00s Sys=0.00s Real=0.00s
[2022-09-07T16:20:43.680+0000][7][safepoint   ] Safepoint "G1Concurrent", Time since last: 83682 ns, Reaching safepoint: 107654 ns, At safepoint: 40149 ns, Total: 147803 ns
[2022-09-07T16:20:43.680+0000][7][gc,marking  ] GC(7) Concurrent Cleanup for Next Mark
[2022-09-07T16:20:43.701+0000][7][gc,marking  ] GC(7) Concurrent Cleanup for Next Mark 21.401ms
[2022-09-07T16:20:43.701+0000][7][gc          ] GC(7) Concurrent Mark Cycle 56.585ms
[2022-09-07T16:20:44.680+0000][7][safepoint   ] Safepoint "Cleanup", Time since last: 1000144107 ns, Reaching safepoint: 260563 ns, At safepoint: 14687 ns, Total: 275250 ns
[2022-09-07T16:20:45.526+0000][7][safepoint   ] Safepoint "ICBufferFull", Time since last: 845865551 ns, Reaching safepoint: 197565 ns, At safepoint: 10486 ns, Total: 208051 ns
[2022-09-07T16:20:46.527+0000][7][safepoint   ] Safepoint "ICBufferFull", Time since last: 1000794712 ns, Reaching safepoint: 295723 ns, At safepoint: 15826 ns, Total: 311549 ns
[2022-09-07T16:20:47.528+0000][7][safepoint   ] Safepoint "Cleanup", Time since last: 1000226502 ns, Reaching safepoint: 185395 ns, At safepoint: 14120 ns, Total: 199515 ns
[2022-09-07T16:20:49.528+0000][7][safepoint   ] Safepoint "Cleanup", Time since last: 2000296260 ns, Reaching safepoint: 118062 ns, At safepoint: 14830 ns, Total: 132892 ns
[2022-09-07T16:20:55.529+0000][7][safepoint   ] Safepoint "Cleanup", Time since last: 6000768474 ns, Reaching safepoint: 120498 ns, At safepoint: 14926 ns, Total: 135424 ns
[2022-09-07T16:20:57.530+0000][7][safepoint   ] Safepoint "Cleanup", Time since last: 2000316620 ns, Reaching safepoint: 124889 ns, At safepoint: 14370 ns, Total: 139259 ns
[2022-09-07T16:21:00.530+0000][7][safepoint   ] Safepoint "Cleanup", Time since last: 3000465827 ns, Reaching safepoint: 126361 ns, At safepoint: 13000 ns, Total: 139361 ns
[2022-09-07T16:21:02.531+0000][7][safepoint   ] Safepoint "Cleanup", Time since last: 2000324284 ns, Reaching safepoint: 129258 ns, At safepoint: 15430 ns, Total: 144688 ns
[2022-09-07T16:21:05.531+0000][7][safepoint   ] Safepoint "Cleanup", Time since last: 3000422414 ns, Reaching safepoint: 146648 ns, At safepoint: 15040 ns, Total: 161688 ns
[2022-09-07T16:21:06.532+0000][7][safepoint   ] Safepoint "Cleanup", Time since last: 1000192734 ns, Reaching safepoint: 128787 ns, At safepoint: 13752 ns, Total: 142539 ns
[2022-09-07T16:21:07.532+0000][7][safepoint   ] Safepoint "Cleanup", Time since last: 1000185802 ns, Reaching safepoint: 109874 ns, At safepoint: 13994 ns, Total: 123868 ns
[2022-09-07T16:21:09.532+0000][7][safepoint   ] Safepoint "Cleanup", Time since last: 2000314802 ns, Reaching safepoint: 116091 ns, At safepoint: 14553 ns, Total: 130644 ns
[2022-09-07T16:21:11.533+0000][7][safepoint   ] Safepoint "Cleanup", Time since last: 2000318492 ns, Reaching safepoint: 122181 ns, At safepoint: 14443 ns, Total: 136624 ns
[2022-09-07T16:21:12.533+0000][7][safepoint   ] Safepoint "Cleanup", Time since last: 1000196941 ns, Reaching safepoint: 114241 ns, At safepoint: 14257 ns, Total: 128498 ns
[2022-09-07T16:21:13.534+0000][7][safepoint   ] Safepoint "Cleanup", Time since last: 1000204402 ns, Reaching safepoint: 199802 ns, At safepoint: 14713 ns, Total: 214515 ns
[2022-09-07T16:21:14.534+0000][7][safepoint   ] Safepoint "Cleanup", Time since last: 1000143659 ns, Reaching safepoint: 118762 ns, At safepoint: 14797 ns, Total: 133559 ns
[2022-09-07T16:21:20.535+0000][7][safepoint   ] Safepoint "Cleanup", Time since last: 6000814195 ns, Reaching safepoint: 141588 ns, At safepoint: 15594 ns, Total: 157182 ns
[2022-09-07T16:21:22.535+0000][7][safepoint   ] Safepoint "Cleanup", Time since last: 2000305818 ns, Reaching safepoint: 116628 ns, At safepoint: 13250 ns, Total: 129878 ns
[2022-09-07T16:21:25.536+0000][7][safepoint   ] Safepoint "Cleanup", Time since last: 3000435276 ns, Reaching safepoint: 123502 ns, At safepoint: 14776 ns, Total: 138278 ns
[2022-09-07T16:21:29.537+0000][7][safepoint   ] Safepoint "Cleanup", Time since last: 4000576109 ns, Reaching safepoint: 116521 ns, At safepoint: 14773 ns, Total: 131294 ns
[2022-09-07T16:21:30.537+0000][7][safepoint   ] Safepoint "Cleanup", Time since last: 1000179239 ns, Reaching safepoint: 120992 ns, At safepoint: 14533 ns, Total: 135525 ns
[2022-09-07T16:21:35.538+0000][7][safepoint   ] Safepoint "Cleanup", Time since last: 5000681858 ns, Reaching safepoint: 129778 ns, At safepoint: 16080 ns, Total: 145858 ns
[2022-09-07T16:21:36.538+0000][7][safepoint   ] Safepoint "Cleanup", Time since last: 1000197447 ns, Reaching safepoint: 113741 ns, At safepoint: 14474 ns, Total: 128215 ns
[2022-09-07T16:21:40.539+0000][7][safepoint   ] Safepoint "Cleanup", Time since last: 4000549354 ns, Reaching safepoint: 123555 ns, At safepoint: 13883 ns, Total: 137438 ns
[2022-09-07T16:21:42.539+0000][7][safepoint   ] Safepoint "Cleanup", Time since last: 2000298744 ns, Reaching safepoint: 114428 ns, At safepoint: 14537 ns, Total: 128965 ns
[2022-09-07T16:21:44.540+0000][7][safepoint   ] Safepoint "Cleanup", Time since last: 2000301922 ns, Reaching safepoint: 119771 ns, At safepoint: 14383 ns, Total: 134154 ns
[2022-09-07T16:21:47.540+0000][7][safepoint   ] Safepoint "Cleanup", Time since last: 3000430337 ns, Reaching safepoint: 139555 ns, At safepoint: 19727 ns, Total: 159282 ns
[2022-09-07T16:21:49.541+0000][7][safepoint   ] Safepoint "Cleanup", Time since last: 2000299389 ns, Reaching safepoint: 117118 ns, At safepoint: 13624 ns, Total: 130742 ns
[2022-09-07T16:22:01.542+0000][7][safepoint   ] Safepoint "Cleanup", Time since last: 12001405285 ns, Reaching safepoint: 121401 ns, At safepoint: 15080 ns, Total: 136481 ns
[2022-09-07T16:22:13.544+0000][7][safepoint   ] Safepoint "Cleanup", Time since last: 12001557573 ns, Reaching safepoint: 136117 ns, At safepoint: 15734 ns, Total: 151851 ns
[2022-09-07T16:22:14.544+0000][7][safepoint   ] Safepoint "Cleanup", Time since last: 1000194252 ns, Reaching safepoint: 122705 ns, At safepoint: 14810 ns, Total: 137515 ns
[2022-09-07T16:22:16.545+0000][7][safepoint   ] Safepoint "Cleanup", Time since last: 2000323383 ns, Reaching safepoint: 124661 ns, At safepoint: 14220 ns, Total: 138881 ns
[2022-09-07T16:22:19.545+0000][7][safepoint   ] Safepoint "Cleanup", Time since last: 3000433337 ns, Reaching safepoint: 144478 ns, At safepoint: 13070 ns, Total: 157548 ns
[2022-09-07T16:22:21.546+0000][7][safepoint   ] Safepoint "Cleanup", Time since last: 2000302436 ns, Reaching safepoint: 130135 ns, At safepoint: 15090 ns, Total: 145225 ns
[2022-09-07T16:22:29.547+0000][7][safepoint   ] Safepoint "Cleanup", Time since last: 8001054135 ns, Reaching safepoint: 133127 ns, At safepoint: 15667 ns, Total: 148794 ns
[2022-09-07T16:22:31.547+0000][7][safepoint   ] Safepoint "Cleanup", Time since last: 2000328894 ns, Reaching safepoint: 129535 ns, At safepoint: 15497 ns, Total: 145032 ns
[2022-09-07T16:22:43.549+0000][7][safepoint   ] Safepoint "Cleanup", Time since last: 12001445930 ns, Reaching safepoint: 128048 ns, At safepoint: 14814 ns, Total: 142862 ns
[2022-09-07T16:22:44.549+0000][7][safepoint   ] Safepoint "Cleanup", Time since last: 1000228783 ns, Reaching safepoint: 121625 ns, At safepoint: 12647 ns, Total: 134272 ns
[2022-09-07T16:22:46.550+0000][7][safepoint   ] Safepoint "Cleanup", Time since last: 2000322251 ns, Reaching safepoint: 124507 ns, At safepoint: 13867 ns, Total: 138374 ns
[2022-09-07T16:22:48.550+0000][7][safepoint   ] Safepoint "Cleanup", Time since last: 2000327496 ns, Reaching safepoint: 145991 ns, At safepoint: 15143 ns, Total: 161134 ns
[2022-09-07T16:22:49.551+0000][7][safepoint   ] Safepoint "Cleanup", Time since last: 1000188535 ns, Reaching safepoint: 118738 ns, At safepoint: 14260 ns, Total: 132998 ns
[2022-09-07T16:22:51.551+0000][7][safepoint   ] Safepoint "Cleanup", Time since last: 2000292236 ns, Reaching safepoint: 123208 ns, At safepoint: 15237 ns, Total: 138445 ns
[2022-09-07T16:22:54.552+0000][7][safepoint   ] Safepoint "Cleanup", Time since last: 3000407030 ns, Reaching safepoint: 123532 ns, At safepoint: 13770 ns, Total: 137302 ns
[2022-09-07T16:23:13.554+0000][7][safepoint   ] Safepoint "Cleanup", Time since last: 19002227914 ns, Reaching safepoint: 124865 ns, At safepoint: 14833 ns, Total: 139698 ns
[2022-09-07T16:23:14.554+0000][7][safepoint   ] Safepoint "Cleanup", Time since last: 1000200338 ns, Reaching safepoint: 112161 ns, At safepoint: 14184 ns, Total: 126345 ns
[2022-09-07T16:23:19.555+0000][7][safepoint   ] Safepoint "Cleanup", Time since last: 5000655079 ns, Reaching safepoint: 147418 ns, At safepoint: 15307 ns, Total: 162725 ns
[2022-09-07T16:23:22.556+0000][7][safepoint   ] Safepoint "Cleanup", Time since last: 3000403641 ns, Reaching safepoint: 131075 ns, At safepoint: 14400 ns, Total: 145475 ns
[2022-09-07T16:23:24.556+0000][7][safepoint   ] Safepoint "Cleanup", Time since last: 2000302559 ns, Reaching safepoint: 115127 ns, At safepoint: 14247 ns, Total: 129374 ns
[2022-09-07T16:23:42.558+0000][7][safepoint   ] Safepoint "Cleanup", Time since last: 18002159377 ns, Reaching safepoint: 120695 ns, At safepoint: 14930 ns, Total: 135625 ns
[2022-09-07T16:23:43.559+0000][7][safepoint   ] Safepoint "Cleanup", Time since last: 1000212592 ns, Reaching safepoint: 124148 ns, At safepoint: 12910 ns, Total: 137058 ns
[2022-09-07T16:23:46.559+0000][7][safepoint   ] Safepoint "Cleanup", Time since last: 3000420572 ns, Reaching safepoint: 125854 ns, At safepoint: 14953 ns, Total: 140807 ns
[2022-09-07T16:23:54.560+0000][7][safepoint   ] Safepoint "Cleanup", Time since last: 8000992322 ns, Reaching safepoint: 146111 ns, At safepoint: 14744 ns, Total: 160855 ns
[2022-09-07T16:24:13.563+0000][7][safepoint   ] Safepoint "Cleanup", Time since last: 19002332636 ns, Reaching safepoint: 129548 ns, At safepoint: 14867 ns, Total: 144415 ns
[2022-09-07T16:24:43.567+0000][7][safepoint   ] Safepoint "Cleanup", Time since last: 30003567183 ns, Reaching safepoint: 155945 ns, At safepoint: 15553 ns, Total: 171498 ns
[2022-09-07T16:24:44.567+0000][7][safepoint   ] Safepoint "Cleanup", Time since last: 1000185074 ns, Reaching safepoint: 116848 ns, At safepoint: 13871 ns, Total: 130719 ns
[2022-09-07T16:24:46.567+0000][7][safepoint   ] Safepoint "Cleanup", Time since last: 2000324596 ns, Reaching safepoint: 142708 ns, At safepoint: 14984 ns, Total: 157692 ns
[2022-09-07T16:24:55.569+0000][7][safepoint   ] Safepoint "Cleanup", Time since last: 9001082867 ns, Reaching safepoint: 153649 ns, At safepoint: 15637 ns, Total: 169286 ns
[2022-09-07T16:25:14.571+0000][7][safepoint   ] Safepoint "Cleanup", Time since last: 19002188366 ns, Reaching safepoint: 121264 ns, At safepoint: 15114 ns, Total: 136378 ns
[2022-09-07T16:25:17.572+0000][7][safepoint   ] Safepoint "Cleanup", Time since last: 3000420140 ns, Reaching safepoint: 129728 ns, At safepoint: 15250 ns, Total: 144978 ns
[2022-09-07T16:25:31.573+0000][7][safepoint   ] Safepoint "Cleanup", Time since last: 14001637042 ns, Reaching safepoint: 154572 ns, At safepoint: 15563 ns, Total: 170135 ns
[2022-09-07T16:25:43.575+0000][7][safepoint   ] Safepoint "Cleanup", Time since last: 12001456762 ns, Reaching safepoint: 124651 ns, At safepoint: 14976 ns, Total: 139627 ns
[2022-09-07T16:25:44.575+0000][7][safepoint   ] Safepoint "Cleanup", Time since last: 1000203638 ns, Reaching safepoint: 110614 ns, At safepoint: 14310 ns, Total: 124924 ns
[2022-09-07T16:25:49.576+0000][7][safepoint   ] Safepoint "Cleanup", Time since last: 5000616619 ns, Reaching safepoint: 132254 ns, At safepoint: 14914 ns, Total: 147168 ns
[2022-09-07T16:25:50.576+0000][7][safepoint   ] Safepoint "Cleanup", Time since last: 1000189074 ns, Reaching safepoint: 119057 ns, At safepoint: 14770 ns, Total: 133827 ns
[2022-09-07T16:26:06.578+0000][7][safepoint   ] Safepoint "Cleanup", Time since last: 16001799196 ns, Reaching safepoint: 144601 ns, At safepoint: 15757 ns, Total: 160358 ns
[2022-09-07T16:26:13.579+0000][7][safepoint   ] Safepoint "Cleanup", Time since last: 7000971338 ns, Reaching safepoint: 119767 ns, At safepoint: 14974 ns, Total: 134741 ns
[2022-09-07T16:26:43.583+0000][7][safepoint   ] Safepoint "Cleanup", Time since last: 30003572790 ns, Reaching safepoint: 150645 ns, At safepoint: 15377 ns, Total: 166022 ns
[2022-09-07T16:26:44.584+0000][7][safepoint   ] Safepoint "Cleanup", Time since last: 1000191732 ns, Reaching safepoint: 114428 ns, At safepoint: 14416 ns, Total: 128844 ns
[2022-09-07T16:27:10.587+0000][7][safepoint   ] Safepoint "Cleanup", Time since last: 26003191260 ns, Reaching safepoint: 145975 ns, At safepoint: 15004 ns, Total: 160979 ns
[2022-09-07T16:27:13.587+0000][7][safepoint   ] Safepoint "Cleanup", Time since last: 3000430615 ns, Reaching safepoint: 124208 ns, At safepoint: 14093 ns, Total: 138301 ns
[2022-09-07T16:27:22.589+0000][7][safepoint   ] Safepoint "Cleanup", Time since last: 9001126347 ns, Reaching safepoint: 129225 ns, At safepoint: 16257 ns, Total: 145482 ns
[2022-09-07T16:27:23.589+0000][7][safepoint   ] Safepoint "Cleanup", Time since last: 1000198746 ns, Reaching safepoint: 112651 ns, At safepoint: 14477 ns, Total: 127128 ns
[2022-09-07T16:27:43.592+0000][7][safepoint   ] Safepoint "Cleanup", Time since last: 20002396662 ns, Reaching safepoint: 150388 ns, At safepoint: 15414 ns, Total: 165802 ns
[2022-09-07T16:27:44.592+0000][7][safepoint   ] Safepoint "Cleanup", Time since last: 1000184710 ns, Reaching safepoint: 115264 ns, At safepoint: 14660 ns, Total: 129924 ns
[2022-09-07T16:28:28.597+0000][7][safepoint   ] Safepoint "Cleanup", Time since last: 44005259939 ns, Reaching safepoint: 151499 ns, At safepoint: 14540 ns, Total: 166039 ns
[2022-09-07T16:28:49.600+0000][7][safepoint   ] Safepoint "Cleanup", Time since last: 21002404689 ns, Reaching safepoint: 122291 ns, At safepoint: 14000 ns, Total: 136291 ns
[2022-09-07T16:29:00.601+0000][7][safepoint   ] Safepoint "Cleanup", Time since last: 11001275203 ns, Reaching safepoint: 128751 ns, At safepoint: 14501 ns, Total: 143252 ns
[2022-09-07T16:29:01.434+0000][7][gc,heap,exit] Heap
[2022-09-07T16:29:01.434+0000][7][gc,heap,exit]  garbage-first heap   total 32505856K, used 665406K [0x0000001001000000, 0x00000017c1000000)
[2022-09-07T16:29:01.434+0000][7][gc,heap,exit]   region size 16384K, 40 young (655360K), 5 survivors (81920K)
[2022-09-07T16:29:01.434+0000][7][gc,heap,exit]  Metaspace       used 107149K, committed 110016K, reserved 1179648K
[2022-09-07T16:29:01.434+0000][7][gc,heap,exit]   class space    used 14842K, committed 16192K, reserved 1048576K
