[2022-09-07T15:45:54.611+0000][7][gc,init] CardTable entry size: 512
[2022-09-07T15:45:54.611+0000][7][gc     ] Using G1
[2022-09-07T15:45:55.790+0000][7][gc,init] Version: 18.0.2+9-61 (release)
[2022-09-07T15:45:55.790+0000][7][gc,init] CPUs: 8 total, 8 available
[2022-09-07T15:45:55.790+0000][7][gc,init] Memory: 64312M
[2022-09-07T15:45:55.790+0000][7][gc,init] Large Page Support: Disabled
[2022-09-07T15:45:55.790+0000][7][gc,init] NUMA Support: Disabled
[2022-09-07T15:45:55.790+0000][7][gc,init] Compressed Oops: Enabled (Non-zero disjoint base)
[2022-09-07T15:45:55.790+0000][7][gc,init] Heap Region Size: 16M
[2022-09-07T15:45:55.790+0000][7][gc,init] Heap Min Capacity: 31G
[2022-09-07T15:45:55.790+0000][7][gc,init] Heap Initial Capacity: 31G
[2022-09-07T15:45:55.790+0000][7][gc,init] Heap Max Capacity: 31G
[2022-09-07T15:45:55.790+0000][7][gc,init] Pre-touch: Enabled
[2022-09-07T15:45:55.790+0000][7][gc,init] Parallel Workers: 8
[2022-09-07T15:45:55.790+0000][7][gc,init] Concurrent Workers: 2
[2022-09-07T15:45:55.790+0000][7][gc,init] Concurrent Refinement Workers: 8
[2022-09-07T15:45:55.790+0000][7][gc,init] Periodic GC: Disabled
[2022-09-07T15:45:55.790+0000][7][gc,metaspace] CDS archive(s) mapped at: [0x0000000800000000-0x0000000800bae000-0x0000000800bae000), size 12247040, SharedBaseAddress: 0x0000000800000000, ArchiveRelocationMode: 0.
[2022-09-07T15:45:55.790+0000][7][gc,metaspace] Compressed class space mapped at: 0x0000000800c00000-0x0000000840c00000, reserved size: 1073741824
[2022-09-07T15:45:55.790+0000][7][gc,metaspace] Narrow klass base: 0x0000000800000000, Narrow klass shift: 0, Narrow klass range: 0x100000000
[2022-09-07T15:45:56.202+0000][7][safepoint   ] Safepoint "ICBufferFull", Time since last: 407505234 ns, Reaching safepoint: 97926 ns, At safepoint: 7419 ns, Total: 105345 ns
[2022-09-07T15:45:56.602+0000][7][safepoint   ] Safepoint "ICBufferFull", Time since last: 399323136 ns, Reaching safepoint: 171816 ns, At safepoint: 7692 ns, Total: 179508 ns
[2022-09-07T15:45:57.012+0000][7][safepoint   ] Safepoint "ICBufferFull", Time since last: 409814645 ns, Reaching safepoint: 182359 ns, At safepoint: 7974 ns, Total: 190333 ns
[2022-09-07T15:45:57.591+0000][7][safepoint   ] Safepoint "ICBufferFull", Time since last: 578987326 ns, Reaching safepoint: 209046 ns, At safepoint: 9362 ns, Total: 218408 ns
[2022-09-07T15:45:58.191+0000][7][safepoint   ] Safepoint "ICBufferFull", Time since last: 600274396 ns, Reaching safepoint: 120556 ns, At safepoint: 7985 ns, Total: 128541 ns
[2022-09-07T15:45:58.560+0000][7][gc,start    ] GC(0) Pause Young (Concurrent Start) (Metadata GC Threshold)
[2022-09-07T15:45:58.560+0000][7][gc,task     ] GC(0) Using 8 workers of 8 for evacuation
[2022-09-07T15:45:58.560+0000][7][gc,age      ] GC(0) Desired survivor size 109051904 bytes, new threshold 15 (max threshold 15)
[2022-09-07T15:45:58.568+0000][7][gc,phases   ] GC(0)   Pre Evacuate Collection Set: 0.4ms
[2022-09-07T15:45:58.569+0000][7][gc,phases   ] GC(0)   Merge Heap Roots: 0.4ms
[2022-09-07T15:45:58.569+0000][7][gc,phases   ] GC(0)   Evacuate Collection Set: 6.3ms
[2022-09-07T15:45:58.569+0000][7][gc,phases   ] GC(0)   Post Evacuate Collection Set: 1.0ms
[2022-09-07T15:45:58.569+0000][7][gc,phases   ] GC(0)   Other: 0.1ms
[2022-09-07T15:45:58.569+0000][7][gc,age      ] GC(0) Age table with threshold 15 (max threshold 15)
[2022-09-07T15:45:58.569+0000][7][gc,age      ] GC(0) - age   1:   18171896 bytes,   18171896 total
[2022-09-07T15:45:58.569+0000][7][gc,heap     ] GC(0) Eden regions: 85->0(97)
[2022-09-07T15:45:58.569+0000][7][gc,heap     ] GC(0) Survivor regions: 0->2(13)
[2022-09-07T15:45:58.569+0000][7][gc,heap     ] GC(0) Old regions: 0->0
[2022-09-07T15:45:58.569+0000][7][gc,heap     ] GC(0) Archive regions: 2->2
[2022-09-07T15:45:58.569+0000][7][gc,heap     ] GC(0) Humongous regions: 0->0
[2022-09-07T15:45:58.569+0000][7][gc,metaspace] GC(0) Metaspace: 20922K(21504K)->20922K(21504K) NonClass: 18423K(18816K)->18423K(18816K) Class: 2499K(2688K)->2499K(2688K)
[2022-09-07T15:45:58.569+0000][7][gc          ] GC(0) Pause Young (Concurrent Start) (Metadata GC Threshold) 1367M->33M(31744M) 8.414ms
[2022-09-07T15:45:58.569+0000][7][gc,cpu      ] GC(0) User=0.06s Sys=0.00s Real=0.01s
[2022-09-07T15:45:58.569+0000][7][gc          ] GC(1) Concurrent Mark Cycle
[2022-09-07T15:45:58.569+0000][7][gc,marking  ] GC(1) Concurrent Clear Claimed Marks
[2022-09-07T15:45:58.569+0000][7][safepoint   ] Safepoint "CollectForMetadataAllocation", Time since last: 368785332 ns, Reaching safepoint: 146145 ns, At safepoint: 8528049 ns, Total: 8674194 ns
[2022-09-07T15:45:58.569+0000][7][gc,marking  ] GC(1) Concurrent Clear Claimed Marks 0.038ms
[2022-09-07T15:45:58.569+0000][7][gc,marking  ] GC(1) Concurrent Scan Root Regions
[2022-09-07T15:45:58.574+0000][7][gc,marking  ] GC(1) Concurrent Scan Root Regions 5.201ms
[2022-09-07T15:45:58.574+0000][7][gc,marking  ] GC(1) Concurrent Mark
[2022-09-07T15:45:58.574+0000][7][gc,marking  ] GC(1) Concurrent Mark From Roots
[2022-09-07T15:45:58.574+0000][7][gc,task     ] GC(1) Using 2 workers of 2 for marking
[2022-09-07T15:45:58.577+0000][7][gc,marking  ] GC(1) Concurrent Mark From Roots 3.165ms
[2022-09-07T15:45:58.577+0000][7][gc,marking  ] GC(1) Concurrent Preclean
[2022-09-07T15:45:58.577+0000][7][gc,marking  ] GC(1) Concurrent Preclean 0.009ms
[2022-09-07T15:45:58.577+0000][7][gc,start    ] GC(1) Pause Remark
[2022-09-07T15:45:58.579+0000][7][gc          ] GC(1) Pause Remark 45M->45M(31744M) 1.657ms
[2022-09-07T15:45:58.579+0000][7][gc,cpu      ] GC(1) User=0.01s Sys=0.00s Real=0.00s
[2022-09-07T15:45:58.579+0000][7][safepoint   ] Safepoint "G1Concurrent", Time since last: 8507135 ns, Reaching safepoint: 110539 ns, At safepoint: 1705401 ns, Total: 1815940 ns
[2022-09-07T15:45:58.579+0000][7][gc,marking  ] GC(1) Concurrent Mark 5.075ms
[2022-09-07T15:45:58.579+0000][7][gc,marking  ] GC(1) Concurrent Rebuild Remembered Sets
[2022-09-07T15:45:58.579+0000][7][gc,marking  ] GC(1) Concurrent Rebuild Remembered Sets 0.007ms
[2022-09-07T15:45:58.579+0000][7][gc,start    ] GC(1) Pause Cleanup
[2022-09-07T15:45:58.579+0000][7][gc          ] GC(1) Pause Cleanup 45M->45M(31744M) 0.014ms
[2022-09-07T15:45:58.579+0000][7][gc,cpu      ] GC(1) User=0.00s Sys=0.00s Real=0.00s
[2022-09-07T15:45:58.579+0000][7][safepoint   ] Safepoint "G1Concurrent", Time since last: 71502 ns, Reaching safepoint: 104055 ns, At safepoint: 45523 ns, Total: 149578 ns
[2022-09-07T15:45:58.579+0000][7][gc,marking  ] GC(1) Concurrent Cleanup for Next Mark
[2022-09-07T15:45:58.599+0000][7][gc,marking  ] GC(1) Concurrent Cleanup for Next Mark 19.359ms
[2022-09-07T15:45:58.599+0000][7][gc          ] GC(1) Concurrent Mark Cycle 30.019ms
[2022-09-07T15:45:59.149+0000][7][safepoint   ] Safepoint "ICBufferFull", Time since last: 569937355 ns, Reaching safepoint: 242890 ns, At safepoint: 14033 ns, Total: 256923 ns
[2022-09-07T15:45:59.552+0000][7][safepoint   ] Safepoint "ICBufferFull", Time since last: 402335355 ns, Reaching safepoint: 195531 ns, At safepoint: 8489 ns, Total: 204020 ns
[2022-09-07T15:46:00.610+0000][7][gc,start    ] GC(2) Pause Young (Concurrent Start) (Metadata GC Threshold)
[2022-09-07T15:46:00.610+0000][7][gc,task     ] GC(2) Using 8 workers of 8 for evacuation
[2022-09-07T15:46:00.610+0000][7][gc,age      ] GC(2) Desired survivor size 109051904 bytes, new threshold 15 (max threshold 15)
[2022-09-07T15:46:00.627+0000][7][gc,phases   ] GC(2)   Pre Evacuate Collection Set: 0.2ms
[2022-09-07T15:46:00.627+0000][7][gc,phases   ] GC(2)   Merge Heap Roots: 0.1ms
[2022-09-07T15:46:00.627+0000][7][gc,phases   ] GC(2)   Evacuate Collection Set: 15.1ms
[2022-09-07T15:46:00.627+0000][7][gc,phases   ] GC(2)   Post Evacuate Collection Set: 1.1ms
[2022-09-07T15:46:00.627+0000][7][gc,phases   ] GC(2)   Other: 0.0ms
[2022-09-07T15:46:00.627+0000][7][gc,age      ] GC(2) Age table with threshold 15 (max threshold 15)
[2022-09-07T15:46:00.627+0000][7][gc,age      ] GC(2) - age   1:   27964896 bytes,   27964896 total
[2022-09-07T15:46:00.627+0000][7][gc,age      ] GC(2) - age   2:   17825024 bytes,   45789920 total
[2022-09-07T15:46:00.627+0000][7][gc,heap     ] GC(2) Eden regions: 32->0(96)
[2022-09-07T15:46:00.627+0000][7][gc,heap     ] GC(2) Survivor regions: 2->3(13)
[2022-09-07T15:46:00.627+0000][7][gc,heap     ] GC(2) Old regions: 0->0
[2022-09-07T15:46:00.627+0000][7][gc,heap     ] GC(2) Archive regions: 2->2
[2022-09-07T15:46:00.627+0000][7][gc,heap     ] GC(2) Humongous regions: 0->0
[2022-09-07T15:46:00.627+0000][7][gc,metaspace] GC(2) Metaspace: 35058K(35968K)->35058K(35968K) NonClass: 30568K(31104K)->30568K(31104K) Class: 4489K(4864K)->4489K(4864K)
[2022-09-07T15:46:00.627+0000][7][gc          ] GC(2) Pause Young (Concurrent Start) (Metadata GC Threshold) 545M->60M(31744M) 16.752ms
[2022-09-07T15:46:00.627+0000][7][gc,cpu      ] GC(2) User=0.13s Sys=0.00s Real=0.01s
[2022-09-07T15:46:00.627+0000][7][gc          ] GC(3) Concurrent Mark Cycle
[2022-09-07T15:46:00.627+0000][7][gc,marking  ] GC(3) Concurrent Clear Claimed Marks
[2022-09-07T15:46:00.627+0000][7][safepoint   ] Safepoint "CollectForMetadataAllocation", Time since last: 1058100385 ns, Reaching safepoint: 180114 ns, At safepoint: 16850154 ns, Total: 17030268 ns
[2022-09-07T15:46:00.627+0000][7][gc,marking  ] GC(3) Concurrent Clear Claimed Marks 0.049ms
[2022-09-07T15:46:00.627+0000][7][gc,marking  ] GC(3) Concurrent Scan Root Regions
[2022-09-07T15:46:00.641+0000][7][safepoint   ] Safepoint "CollectForMetadataAllocation", Time since last: 13334481 ns, Reaching safepoint: 46629 ns, At safepoint: 43347 ns, Total: 89976 ns
[2022-09-07T15:46:00.644+0000][7][gc,marking  ] GC(3) Concurrent Scan Root Regions 16.520ms
[2022-09-07T15:46:00.644+0000][7][gc,marking  ] GC(3) Concurrent Mark
[2022-09-07T15:46:00.644+0000][7][gc,marking  ] GC(3) Concurrent Mark From Roots
[2022-09-07T15:46:00.644+0000][7][gc,task     ] GC(3) Using 2 workers of 2 for marking
[2022-09-07T15:46:00.647+0000][7][gc,marking  ] GC(3) Concurrent Mark From Roots 3.503ms
[2022-09-07T15:46:00.647+0000][7][gc,marking  ] GC(3) Concurrent Preclean
[2022-09-07T15:46:00.647+0000][7][gc,marking  ] GC(3) Concurrent Preclean 0.013ms
[2022-09-07T15:46:00.647+0000][7][gc,start    ] GC(3) Pause Remark
[2022-09-07T15:46:00.650+0000][7][gc          ] GC(3) Pause Remark 68M->68M(31744M) 2.239ms
[2022-09-07T15:46:00.650+0000][7][gc,cpu      ] GC(3) User=0.01s Sys=0.00s Real=0.01s
[2022-09-07T15:46:00.650+0000][7][safepoint   ] Safepoint "G1Concurrent", Time since last: 6746747 ns, Reaching safepoint: 182330 ns, At safepoint: 2299879 ns, Total: 2482209 ns
[2022-09-07T15:46:00.650+0000][7][gc,marking  ] GC(3) Concurrent Mark 6.097ms
[2022-09-07T15:46:00.650+0000][7][gc,marking  ] GC(3) Concurrent Rebuild Remembered Sets
[2022-09-07T15:46:00.650+0000][7][gc,marking  ] GC(3) Concurrent Rebuild Remembered Sets 0.016ms
[2022-09-07T15:46:00.653+0000][7][gc,start    ] GC(3) Pause Cleanup
[2022-09-07T15:46:00.653+0000][7][gc          ] GC(3) Pause Cleanup 68M->68M(31744M) 0.029ms
[2022-09-07T15:46:00.653+0000][7][gc,cpu      ] GC(3) User=0.00s Sys=0.00s Real=0.00s
[2022-09-07T15:46:00.653+0000][7][safepoint   ] Safepoint "G1Concurrent", Time since last: 112658 ns, Reaching safepoint: 3207203 ns, At safepoint: 67357 ns, Total: 3274560 ns
[2022-09-07T15:46:00.653+0000][7][gc,marking  ] GC(3) Concurrent Cleanup for Next Mark
[2022-09-07T15:46:00.691+0000][7][gc,marking  ] GC(3) Concurrent Cleanup for Next Mark 37.357ms
[2022-09-07T15:46:00.691+0000][7][gc          ] GC(3) Concurrent Mark Cycle 63.519ms
[2022-09-07T15:46:01.590+0000][7][safepoint   ] Safepoint "ICBufferFull", Time since last: 936692078 ns, Reaching safepoint: 117454 ns, At safepoint: 7627 ns, Total: 125081 ns
[2022-09-07T15:46:02.399+0000][7][safepoint   ] Safepoint "ICBufferFull", Time since last: 808663726 ns, Reaching safepoint: 205529 ns, At safepoint: 10025 ns, Total: 215554 ns
[2022-09-07T15:46:03.315+0000][7][safepoint   ] Safepoint "ICBufferFull", Time since last: 915338743 ns, Reaching safepoint: 802740 ns, At safepoint: 12822 ns, Total: 815562 ns
[2022-09-07T15:46:03.419+0000][7][gc,start    ] GC(4) Pause Young (Concurrent Start) (Metadata GC Threshold)
[2022-09-07T15:46:03.419+0000][7][gc,task     ] GC(4) Using 8 workers of 8 for evacuation
[2022-09-07T15:46:03.419+0000][7][gc,age      ] GC(4) Desired survivor size 109051904 bytes, new threshold 15 (max threshold 15)
[2022-09-07T15:46:03.441+0000][7][gc,phases   ] GC(4)   Pre Evacuate Collection Set: 0.3ms
[2022-09-07T15:46:03.441+0000][7][gc,phases   ] GC(4)   Merge Heap Roots: 0.1ms
[2022-09-07T15:46:03.441+0000][7][gc,phases   ] GC(4)   Evacuate Collection Set: 20.3ms
[2022-09-07T15:46:03.441+0000][7][gc,phases   ] GC(4)   Post Evacuate Collection Set: 1.4ms
[2022-09-07T15:46:03.441+0000][7][gc,phases   ] GC(4)   Other: 0.1ms
[2022-09-07T15:46:03.441+0000][7][gc,age      ] GC(4) Age table with threshold 15 (max threshold 15)
[2022-09-07T15:46:03.441+0000][7][gc,age      ] GC(4) - age   1:   11167976 bytes,   11167976 total
[2022-09-07T15:46:03.441+0000][7][gc,age      ] GC(4) - age   2:   27597184 bytes,   38765160 total
[2022-09-07T15:46:03.441+0000][7][gc,age      ] GC(4) - age   3:   17738792 bytes,   56503952 total
[2022-09-07T15:46:03.441+0000][7][gc,heap     ] GC(4) Eden regions: 30->0(95)
[2022-09-07T15:46:03.441+0000][7][gc,heap     ] GC(4) Survivor regions: 3->4(13)
[2022-09-07T15:46:03.441+0000][7][gc,heap     ] GC(4) Old regions: 0->0
[2022-09-07T15:46:03.441+0000][7][gc,heap     ] GC(4) Archive regions: 2->2
[2022-09-07T15:46:03.441+0000][7][gc,heap     ] GC(4) Humongous regions: 0->0
[2022-09-07T15:46:03.441+0000][7][gc,metaspace] GC(4) Metaspace: 59573K(60800K)->59573K(60800K) NonClass: 51745K(52480K)->51745K(52480K) Class: 7827K(8320K)->7827K(8320K)
[2022-09-07T15:46:03.441+0000][7][gc          ] GC(4) Pause Young (Concurrent Start) (Metadata GC Threshold) 540M->72M(31744M) 22.312ms
[2022-09-07T15:46:03.441+0000][7][gc,cpu      ] GC(4) User=0.15s Sys=0.00s Real=0.02s
[2022-09-07T15:46:03.441+0000][7][gc          ] GC(5) Concurrent Mark Cycle
[2022-09-07T15:46:03.441+0000][7][gc,marking  ] GC(5) Concurrent Clear Claimed Marks
[2022-09-07T15:46:03.442+0000][7][safepoint   ] Safepoint "CollectForMetadataAllocation", Time since last: 104046244 ns, Reaching safepoint: 56083 ns, At safepoint: 22425401 ns, Total: 22481484 ns
[2022-09-07T15:46:03.442+0000][7][gc,marking  ] GC(5) Concurrent Clear Claimed Marks 0.066ms
[2022-09-07T15:46:03.442+0000][7][gc,marking  ] GC(5) Concurrent Scan Root Regions
[2022-09-07T15:46:03.460+0000][7][gc,marking  ] GC(5) Concurrent Scan Root Regions 18.798ms
[2022-09-07T15:46:03.460+0000][7][gc,marking  ] GC(5) Concurrent Mark
[2022-09-07T15:46:03.460+0000][7][gc,marking  ] GC(5) Concurrent Mark From Roots
[2022-09-07T15:46:03.460+0000][7][gc,task     ] GC(5) Using 2 workers of 2 for marking
[2022-09-07T15:46:03.464+0000][7][gc,marking  ] GC(5) Concurrent Mark From Roots 3.487ms
[2022-09-07T15:46:03.464+0000][7][gc,marking  ] GC(5) Concurrent Preclean
[2022-09-07T15:46:03.464+0000][7][gc,marking  ] GC(5) Concurrent Preclean 0.008ms
[2022-09-07T15:46:03.464+0000][7][gc,start    ] GC(5) Pause Remark
[2022-09-07T15:46:03.467+0000][7][gc          ] GC(5) Pause Remark 80M->80M(31744M) 2.368ms
[2022-09-07T15:46:03.467+0000][7][gc,cpu      ] GC(5) User=0.02s Sys=0.00s Real=0.00s
[2022-09-07T15:46:03.467+0000][7][safepoint   ] Safepoint "G1Concurrent", Time since last: 22443377 ns, Reaching safepoint: 177076 ns, At safepoint: 2438087 ns, Total: 2615163 ns
[2022-09-07T15:46:03.467+0000][7][gc,marking  ] GC(5) Concurrent Mark 6.188ms
[2022-09-07T15:46:03.467+0000][7][gc,marking  ] GC(5) Concurrent Rebuild Remembered Sets
[2022-09-07T15:46:03.467+0000][7][gc,marking  ] GC(5) Concurrent Rebuild Remembered Sets 0.005ms
[2022-09-07T15:46:03.467+0000][7][gc,start    ] GC(5) Pause Cleanup
[2022-09-07T15:46:03.467+0000][7][gc          ] GC(5) Pause Cleanup 80M->80M(31744M) 0.017ms
[2022-09-07T15:46:03.467+0000][7][gc,cpu      ] GC(5) User=0.00s Sys=0.00s Real=0.00s
[2022-09-07T15:46:03.467+0000][7][safepoint   ] Safepoint "G1Concurrent", Time since last: 64771 ns, Reaching safepoint: 233691 ns, At safepoint: 55362 ns, Total: 289053 ns
[2022-09-07T15:46:03.467+0000][7][gc,marking  ] GC(5) Concurrent Cleanup for Next Mark
[2022-09-07T15:46:03.488+0000][7][gc,marking  ] GC(5) Concurrent Cleanup for Next Mark 20.710ms
[2022-09-07T15:46:03.488+0000][7][gc          ] GC(5) Concurrent Mark Cycle 46.278ms
[2022-09-07T15:46:04.446+0000][7][safepoint   ] Safepoint "ICBufferFull", Time since last: 978593539 ns, Reaching safepoint: 233857 ns, At safepoint: 4661 ns, Total: 238518 ns
[2022-09-07T15:46:04.928+0000][7][safepoint   ] Safepoint "ICBufferFull", Time since last: 481825594 ns, Reaching safepoint: 185978 ns, At safepoint: 7974 ns, Total: 193952 ns
[2022-09-07T15:46:05.514+0000][7][safepoint   ] Safepoint "ICBufferFull", Time since last: 585776703 ns, Reaching safepoint: 331935 ns, At safepoint: 12172 ns, Total: 344107 ns
[2022-09-07T15:46:06.193+0000][7][safepoint   ] Safepoint "ICBufferFull", Time since last: 678898510 ns, Reaching safepoint: 145852 ns, At safepoint: 8108 ns, Total: 153960 ns
[2022-09-07T15:46:06.811+0000][7][safepoint   ] Safepoint "ICBufferFull", Time since last: 618219329 ns, Reaching safepoint: 109737 ns, At safepoint: 4750 ns, Total: 114487 ns
[2022-09-07T15:46:07.179+0000][7][gc,start    ] GC(6) Pause Young (Concurrent Start) (Metadata GC Threshold)
[2022-09-07T15:46:07.179+0000][7][gc,task     ] GC(6) Using 8 workers of 8 for evacuation
[2022-09-07T15:46:07.179+0000][7][gc,age      ] GC(6) Desired survivor size 109051904 bytes, new threshold 15 (max threshold 15)
[2022-09-07T15:46:07.212+0000][7][gc,phases   ] GC(6)   Pre Evacuate Collection Set: 0.6ms
[2022-09-07T15:46:07.212+0000][7][gc,phases   ] GC(6)   Merge Heap Roots: 0.2ms
[2022-09-07T15:46:07.212+0000][7][gc,phases   ] GC(6)   Evacuate Collection Set: 29.7ms
[2022-09-07T15:46:07.212+0000][7][gc,phases   ] GC(6)   Post Evacuate Collection Set: 1.9ms
[2022-09-07T15:46:07.212+0000][7][gc,phases   ] GC(6)   Other: 0.1ms
[2022-09-07T15:46:07.212+0000][7][gc,age      ] GC(6) Age table with threshold 15 (max threshold 15)
[2022-09-07T15:46:07.212+0000][7][gc,age      ] GC(6) - age   1:   17641184 bytes,   17641184 total
[2022-09-07T15:46:07.212+0000][7][gc,age      ] GC(6) - age   2:   10382008 bytes,   28023192 total
[2022-09-07T15:46:07.212+0000][7][gc,age      ] GC(6) - age   3:   27493152 bytes,   55516344 total
[2022-09-07T15:46:07.212+0000][7][gc,age      ] GC(6) - age   4:   17637296 bytes,   73153640 total
[2022-09-07T15:46:07.212+0000][7][gc,heap     ] GC(6) Eden regions: 28->0(94)
[2022-09-07T15:46:07.212+0000][7][gc,heap     ] GC(6) Survivor regions: 4->5(13)
[2022-09-07T15:46:07.212+0000][7][gc,heap     ] GC(6) Old regions: 0->0
[2022-09-07T15:46:07.212+0000][7][gc,heap     ] GC(6) Archive regions: 2->2
[2022-09-07T15:46:07.212+0000][7][gc,heap     ] GC(6) Humongous regions: 0->0
[2022-09-07T15:46:07.212+0000][7][gc,metaspace] GC(6) Metaspace: 99169K(101888K)->99169K(101888K) NonClass: 85429K(86848K)->85429K(86848K) Class: 13739K(15040K)->13739K(15040K)
[2022-09-07T15:46:07.212+0000][7][gc          ] GC(6) Pause Young (Concurrent Start) (Metadata GC Threshold) 512M->90M(31744M) 32.731ms
[2022-09-07T15:46:07.212+0000][7][gc          ] GC(7) Concurrent Mark Cycle
[2022-09-07T15:46:07.212+0000][7][gc,cpu      ] GC(6) User=0.23s Sys=0.01s Real=0.04s
[2022-09-07T15:46:07.212+0000][7][gc,marking  ] GC(7) Concurrent Clear Claimed Marks
[2022-09-07T15:46:07.212+0000][7][safepoint   ] Safepoint "CollectForMetadataAllocation", Time since last: 367478272 ns, Reaching safepoint: 167235 ns, At safepoint: 32895001 ns, Total: 33062236 ns
[2022-09-07T15:46:07.212+0000][7][gc,marking  ] GC(7) Concurrent Clear Claimed Marks 0.207ms
[2022-09-07T15:46:07.212+0000][7][gc,marking  ] GC(7) Concurrent Scan Root Regions
[2022-09-07T15:46:07.239+0000][7][gc,marking  ] GC(7) Concurrent Scan Root Regions 26.544ms
[2022-09-07T15:46:07.239+0000][7][gc,marking  ] GC(7) Concurrent Mark
[2022-09-07T15:46:07.239+0000][7][gc,marking  ] GC(7) Concurrent Mark From Roots
[2022-09-07T15:46:07.239+0000][7][gc,task     ] GC(7) Using 2 workers of 2 for marking
[2022-09-07T15:46:07.242+0000][7][gc,marking  ] GC(7) Concurrent Mark From Roots 3.312ms
[2022-09-07T15:46:07.242+0000][7][gc,marking  ] GC(7) Concurrent Preclean
[2022-09-07T15:46:07.242+0000][7][gc,marking  ] GC(7) Concurrent Preclean 0.028ms
[2022-09-07T15:46:07.242+0000][7][gc,start    ] GC(7) Pause Remark
[2022-09-07T15:46:07.245+0000][7][gc          ] GC(7) Pause Remark 106M->106M(31744M) 3.023ms
[2022-09-07T15:46:07.245+0000][7][gc,cpu      ] GC(7) User=0.01s Sys=0.01s Real=0.00s
[2022-09-07T15:46:07.245+0000][7][safepoint   ] Safepoint "G1Concurrent", Time since last: 30176856 ns, Reaching safepoint: 117749 ns, At safepoint: 3106260 ns, Total: 3224009 ns
[2022-09-07T15:46:07.245+0000][7][gc,marking  ] GC(7) Concurrent Mark 6.680ms
[2022-09-07T15:46:07.245+0000][7][gc,marking  ] GC(7) Concurrent Rebuild Remembered Sets
[2022-09-07T15:46:07.245+0000][7][gc,marking  ] GC(7) Concurrent Rebuild Remembered Sets 0.010ms
[2022-09-07T15:46:07.245+0000][7][gc,start    ] GC(7) Pause Cleanup
[2022-09-07T15:46:07.245+0000][7][gc          ] GC(7) Pause Cleanup 106M->106M(31744M) 0.018ms
[2022-09-07T15:46:07.245+0000][7][gc,cpu      ] GC(7) User=0.00s Sys=0.00s Real=0.00s
[2022-09-07T15:46:07.246+0000][7][safepoint   ] Safepoint "G1Concurrent", Time since last: 82760 ns, Reaching safepoint: 106529 ns, At safepoint: 61056 ns, Total: 167585 ns
[2022-09-07T15:46:07.246+0000][7][gc,marking  ] GC(7) Concurrent Cleanup for Next Mark
[2022-09-07T15:46:07.283+0000][7][gc,marking  ] GC(7) Concurrent Cleanup for Next Mark 37.742ms
[2022-09-07T15:46:07.283+0000][7][gc          ] GC(7) Concurrent Mark Cycle 71.594ms
[2022-09-07T15:46:08.140+0000][7][safepoint   ] Safepoint "ICBufferFull", Time since last: 894630742 ns, Reaching safepoint: 306340 ns, At safepoint: 16333 ns, Total: 322673 ns
[2022-09-07T15:46:08.923+0000][7][safepoint   ] Safepoint "ICBufferFull", Time since last: 782815913 ns, Reaching safepoint: 133112 ns, At safepoint: 10938 ns, Total: 144050 ns
[2022-09-07T15:46:09.903+0000][7][safepoint   ] Safepoint "ICBufferFull", Time since last: 979115264 ns, Reaching safepoint: 261673 ns, At safepoint: 17243 ns, Total: 278916 ns
[2022-09-07T15:46:10.903+0000][7][safepoint   ] Safepoint "Cleanup", Time since last: 1000212209 ns, Reaching safepoint: 216595 ns, At safepoint: 16664 ns, Total: 233259 ns
[2022-09-07T15:46:12.904+0000][7][safepoint   ] Safepoint "Cleanup", Time since last: 2000310648 ns, Reaching safepoint: 120208 ns, At safepoint: 15397 ns, Total: 135605 ns
[2022-09-07T15:46:18.905+0000][7][safepoint   ] Safepoint "Cleanup", Time since last: 6000785884 ns, Reaching safepoint: 115088 ns, At safepoint: 15470 ns, Total: 130558 ns
[2022-09-07T15:46:24.906+0000][7][safepoint   ] Safepoint "Cleanup", Time since last: 6000792005 ns, Reaching safepoint: 140461 ns, At safepoint: 16337 ns, Total: 156798 ns
[2022-09-07T15:46:27.906+0000][7][safepoint   ] Safepoint "Cleanup", Time since last: 3000464527 ns, Reaching safepoint: 140431 ns, At safepoint: 14963 ns, Total: 155394 ns
[2022-09-07T15:46:28.907+0000][7][safepoint   ] Safepoint "Cleanup", Time since last: 1000191110 ns, Reaching safepoint: 117638 ns, At safepoint: 14947 ns, Total: 132585 ns
[2022-09-07T15:46:30.907+0000][7][safepoint   ] Safepoint "Cleanup", Time since last: 2000303834 ns, Reaching safepoint: 127674 ns, At safepoint: 15284 ns, Total: 142958 ns
[2022-09-07T15:46:32.907+0000][7][safepoint   ] Safepoint "Cleanup", Time since last: 2000342124 ns, Reaching safepoint: 122778 ns, At safepoint: 14663 ns, Total: 137441 ns
[2022-09-07T15:46:35.908+0000][7][safepoint   ] Safepoint "Cleanup", Time since last: 3000434648 ns, Reaching safepoint: 129148 ns, At safepoint: 13876 ns, Total: 143024 ns
[2022-09-07T15:46:36.908+0000][7][safepoint   ] Safepoint "Cleanup", Time since last: 1000193366 ns, Reaching safepoint: 125551 ns, At safepoint: 15610 ns, Total: 141161 ns
[2022-09-07T15:46:37.909+0000][7][safepoint   ] Safepoint "Cleanup", Time since last: 1000202118 ns, Reaching safepoint: 127321 ns, At safepoint: 15700 ns, Total: 143021 ns
[2022-09-07T15:46:41.909+0000][7][safepoint   ] Safepoint "Cleanup", Time since last: 4000542636 ns, Reaching safepoint: 131455 ns, At safepoint: 16220 ns, Total: 147675 ns
[2022-09-07T15:46:42.910+0000][7][safepoint   ] Safepoint "Cleanup", Time since last: 1000200087 ns, Reaching safepoint: 130245 ns, At safepoint: 14127 ns, Total: 144372 ns
[2022-09-07T15:46:43.910+0000][7][safepoint   ] Safepoint "Cleanup", Time since last: 1000208742 ns, Reaching safepoint: 126248 ns, At safepoint: 14647 ns, Total: 140895 ns
[2022-09-07T15:46:44.562+0000][7][gc,heap,exit] Heap
[2022-09-07T15:46:44.562+0000][7][gc,heap,exit]  garbage-first heap   total 32505856K, used 518780K [0x0000001001000000, 0x00000017c1000000)
[2022-09-07T15:46:44.562+0000][7][gc,heap,exit]   region size 16384K, 32 young (524288K), 5 survivors (81920K)
[2022-09-07T15:46:44.562+0000][7][gc,heap,exit]  Metaspace       used 107230K, committed 110080K, reserved 1179648K
[2022-09-07T15:46:44.562+0000][7][gc,heap,exit]   class space    used 14890K, committed 16192K, reserved 1048576K
