[2022-09-07T16:54:51.943+0000][7][gc,init] CardTable entry size: 512
[2022-09-07T16:54:51.943+0000][7][gc     ] Using G1
[2022-09-07T16:54:53.090+0000][7][gc,init] Version: 18.0.2+9-61 (release)
[2022-09-07T16:54:53.090+0000][7][gc,init] CPUs: 8 total, 8 available
[2022-09-07T16:54:53.090+0000][7][gc,init] Memory: 64312M
[2022-09-07T16:54:53.090+0000][7][gc,init] Large Page Support: Disabled
[2022-09-07T16:54:53.090+0000][7][gc,init] NUMA Support: Disabled
[2022-09-07T16:54:53.090+0000][7][gc,init] Compressed Oops: Enabled (Non-zero disjoint base)
[2022-09-07T16:54:53.090+0000][7][gc,init] Heap Region Size: 16M
[2022-09-07T16:54:53.090+0000][7][gc,init] Heap Min Capacity: 31G
[2022-09-07T16:54:53.090+0000][7][gc,init] Heap Initial Capacity: 31G
[2022-09-07T16:54:53.090+0000][7][gc,init] Heap Max Capacity: 31G
[2022-09-07T16:54:53.090+0000][7][gc,init] Pre-touch: Enabled
[2022-09-07T16:54:53.090+0000][7][gc,init] Parallel Workers: 8
[2022-09-07T16:54:53.090+0000][7][gc,init] Concurrent Workers: 2
[2022-09-07T16:54:53.090+0000][7][gc,init] Concurrent Refinement Workers: 8
[2022-09-07T16:54:53.091+0000][7][gc,init] Periodic GC: Disabled
[2022-09-07T16:54:53.091+0000][7][gc,metaspace] CDS archive(s) mapped at: [0x0000000800000000-0x0000000800bae000-0x0000000800bae000), size 12247040, SharedBaseAddress: 0x0000000800000000, ArchiveRelocationMode: 0.
[2022-09-07T16:54:53.091+0000][7][gc,metaspace] Compressed class space mapped at: 0x0000000800c00000-0x0000000840c00000, reserved size: 1073741824
[2022-09-07T16:54:53.091+0000][7][gc,metaspace] Narrow klass base: 0x0000000800000000, Narrow klass shift: 0, Narrow klass range: 0x100000000
[2022-09-07T16:54:53.540+0000][7][safepoint   ] Safepoint "ICBufferFull", Time since last: 444176757 ns, Reaching safepoint: 111974 ns, At safepoint: 5991 ns, Total: 117965 ns
[2022-09-07T16:54:53.894+0000][7][safepoint   ] Safepoint "ICBufferFull", Time since last: 354158532 ns, Reaching safepoint: 134823 ns, At safepoint: 3781 ns, Total: 138604 ns
[2022-09-07T16:54:54.426+0000][7][safepoint   ] Safepoint "ICBufferFull", Time since last: 532145143 ns, Reaching safepoint: 119386 ns, At safepoint: 5606 ns, Total: 124992 ns
[2022-09-07T16:54:54.845+0000][7][safepoint   ] Safepoint "ICBufferFull", Time since last: 419057671 ns, Reaching safepoint: 201427 ns, At safepoint: 7300 ns, Total: 208727 ns
[2022-09-07T16:54:55.598+0000][7][safepoint   ] Safepoint "ICBufferFull", Time since last: 752372210 ns, Reaching safepoint: 104816 ns, At safepoint: 6835 ns, Total: 111651 ns
[2022-09-07T16:54:55.785+0000][7][gc,start    ] GC(0) Pause Young (Concurrent Start) (Metadata GC Threshold)
[2022-09-07T16:54:55.786+0000][7][gc,task     ] GC(0) Using 8 workers of 8 for evacuation
[2022-09-07T16:54:55.786+0000][7][gc,age      ] GC(0) Desired survivor size 109051904 bytes, new threshold 15 (max threshold 15)
[2022-09-07T16:54:55.794+0000][7][gc,phases   ] GC(0)   Pre Evacuate Collection Set: 0.4ms
[2022-09-07T16:54:55.794+0000][7][gc,phases   ] GC(0)   Merge Heap Roots: 0.2ms
[2022-09-07T16:54:55.794+0000][7][gc,phases   ] GC(0)   Evacuate Collection Set: 6.7ms
[2022-09-07T16:54:55.794+0000][7][gc,phases   ] GC(0)   Post Evacuate Collection Set: 1.0ms
[2022-09-07T16:54:55.794+0000][7][gc,phases   ] GC(0)   Other: 0.1ms
[2022-09-07T16:54:55.794+0000][7][gc,age      ] GC(0) Age table with threshold 15 (max threshold 15)
[2022-09-07T16:54:55.794+0000][7][gc,age      ] GC(0) - age   1:   17994552 bytes,   17994552 total
[2022-09-07T16:54:55.794+0000][7][gc,heap     ] GC(0) Eden regions: 69->0(97)
[2022-09-07T16:54:55.794+0000][7][gc,heap     ] GC(0) Survivor regions: 0->2(13)
[2022-09-07T16:54:55.794+0000][7][gc,heap     ] GC(0) Old regions: 0->0
[2022-09-07T16:54:55.794+0000][7][gc,heap     ] GC(0) Archive regions: 2->2
[2022-09-07T16:54:55.794+0000][7][gc,heap     ] GC(0) Humongous regions: 0->0
[2022-09-07T16:54:55.794+0000][7][gc,metaspace] GC(0) Metaspace: 20945K(21504K)->20945K(21504K) NonClass: 18442K(18752K)->18442K(18752K) Class: 2503K(2752K)->2503K(2752K)
[2022-09-07T16:54:55.794+0000][7][gc          ] GC(0) Pause Young (Concurrent Start) (Metadata GC Threshold) 1119M->33M(31744M) 8.631ms
[2022-09-07T16:54:55.794+0000][7][gc,cpu      ] GC(0) User=0.07s Sys=0.00s Real=0.01s
[2022-09-07T16:54:55.794+0000][7][gc          ] GC(1) Concurrent Mark Cycle
[2022-09-07T16:54:55.794+0000][7][safepoint   ] Safepoint "CollectForMetadataAllocation", Time since last: 187459631 ns, Reaching safepoint: 91492 ns, At safepoint: 8733221 ns, Total: 8824713 ns
[2022-09-07T16:54:55.794+0000][7][gc,marking  ] GC(1) Concurrent Clear Claimed Marks
[2022-09-07T16:54:55.794+0000][7][gc,marking  ] GC(1) Concurrent Clear Claimed Marks 0.054ms
[2022-09-07T16:54:55.794+0000][7][gc,marking  ] GC(1) Concurrent Scan Root Regions
[2022-09-07T16:54:55.801+0000][7][gc,marking  ] GC(1) Concurrent Scan Root Regions 6.504ms
[2022-09-07T16:54:55.801+0000][7][gc,marking  ] GC(1) Concurrent Mark
[2022-09-07T16:54:55.801+0000][7][gc,marking  ] GC(1) Concurrent Mark From Roots
[2022-09-07T16:54:55.801+0000][7][gc,task     ] GC(1) Using 2 workers of 2 for marking
[2022-09-07T16:54:55.804+0000][7][gc,marking  ] GC(1) Concurrent Mark From Roots 3.426ms
[2022-09-07T16:54:55.804+0000][7][gc,marking  ] GC(1) Concurrent Preclean
[2022-09-07T16:54:55.804+0000][7][gc,marking  ] GC(1) Concurrent Preclean 0.007ms
[2022-09-07T16:54:55.804+0000][7][gc,start    ] GC(1) Pause Remark
[2022-09-07T16:54:55.806+0000][7][gc          ] GC(1) Pause Remark 45M->45M(31744M) 1.762ms
[2022-09-07T16:54:55.806+0000][7][gc,cpu      ] GC(1) User=0.01s Sys=0.00s Real=0.00s
[2022-09-07T16:54:55.806+0000][7][safepoint   ] Safepoint "G1Concurrent", Time since last: 10113919 ns, Reaching safepoint: 48320 ns, At safepoint: 1812186 ns, Total: 1860506 ns
[2022-09-07T16:54:55.806+0000][7][gc,marking  ] GC(1) Concurrent Mark 5.368ms
[2022-09-07T16:54:55.806+0000][7][gc,marking  ] GC(1) Concurrent Rebuild Remembered Sets
[2022-09-07T16:54:55.806+0000][7][gc,marking  ] GC(1) Concurrent Rebuild Remembered Sets 0.005ms
[2022-09-07T16:54:55.806+0000][7][gc,start    ] GC(1) Pause Cleanup
[2022-09-07T16:54:55.806+0000][7][gc          ] GC(1) Pause Cleanup 45M->45M(31744M) 0.008ms
[2022-09-07T16:54:55.806+0000][7][gc,cpu      ] GC(1) User=0.00s Sys=0.00s Real=0.00s
[2022-09-07T16:54:55.806+0000][7][safepoint   ] Safepoint "G1Concurrent", Time since last: 53038 ns, Reaching safepoint: 102966 ns, At safepoint: 28632 ns, Total: 131598 ns
[2022-09-07T16:54:55.806+0000][7][gc,marking  ] GC(1) Concurrent Cleanup for Next Mark
[2022-09-07T16:54:55.827+0000][7][gc,marking  ] GC(1) Concurrent Cleanup for Next Mark 20.632ms
[2022-09-07T16:54:55.827+0000][7][gc          ] GC(1) Concurrent Mark Cycle 32.896ms
[2022-09-07T16:54:56.351+0000][7][safepoint   ] Safepoint "ICBufferFull", Time since last: 543959446 ns, Reaching safepoint: 260902 ns, At safepoint: 9316 ns, Total: 270218 ns
[2022-09-07T16:54:56.748+0000][7][safepoint   ] Safepoint "ICBufferFull", Time since last: 397464053 ns, Reaching safepoint: 113901 ns, At safepoint: 4830 ns, Total: 118731 ns
[2022-09-07T16:54:57.746+0000][7][gc,start    ] GC(2) Pause Young (Concurrent Start) (Metadata GC Threshold)
[2022-09-07T16:54:57.746+0000][7][gc,task     ] GC(2) Using 8 workers of 8 for evacuation
[2022-09-07T16:54:57.746+0000][7][gc,age      ] GC(2) Desired survivor size 109051904 bytes, new threshold 15 (max threshold 15)
[2022-09-07T16:54:57.763+0000][7][gc,phases   ] GC(2)   Pre Evacuate Collection Set: 0.3ms
[2022-09-07T16:54:57.763+0000][7][gc,phases   ] GC(2)   Merge Heap Roots: 0.1ms
[2022-09-07T16:54:57.763+0000][7][gc,phases   ] GC(2)   Evacuate Collection Set: 15.9ms
[2022-09-07T16:54:57.763+0000][7][gc,phases   ] GC(2)   Post Evacuate Collection Set: 1.2ms
[2022-09-07T16:54:57.763+0000][7][gc,phases   ] GC(2)   Other: 0.0ms
[2022-09-07T16:54:57.763+0000][7][gc,age      ] GC(2) Age table with threshold 15 (max threshold 15)
[2022-09-07T16:54:57.763+0000][7][gc,age      ] GC(2) - age   1:   28137992 bytes,   28137992 total
[2022-09-07T16:54:57.763+0000][7][gc,age      ] GC(2) - age   2:   17656384 bytes,   45794376 total
[2022-09-07T16:54:57.763+0000][7][gc,heap     ] GC(2) Eden regions: 33->0(96)
[2022-09-07T16:54:57.763+0000][7][gc,heap     ] GC(2) Survivor regions: 2->3(13)
[2022-09-07T16:54:57.763+0000][7][gc,heap     ] GC(2) Old regions: 0->0
[2022-09-07T16:54:57.763+0000][7][gc,heap     ] GC(2) Archive regions: 2->2
[2022-09-07T16:54:57.763+0000][7][gc,heap     ] GC(2) Humongous regions: 0->0
[2022-09-07T16:54:57.763+0000][7][gc,metaspace] GC(2) Metaspace: 35014K(35968K)->35014K(35968K) NonClass: 30532K(31104K)->30532K(31104K) Class: 4482K(4864K)->4482K(4864K)
[2022-09-07T16:54:57.763+0000][7][gc          ] GC(2) Pause Young (Concurrent Start) (Metadata GC Threshold) 553M->60M(31744M) 17.609ms
[2022-09-07T16:54:57.763+0000][7][gc,cpu      ] GC(2) User=0.13s Sys=0.00s Real=0.02s
[2022-09-07T16:54:57.763+0000][7][gc          ] GC(3) Concurrent Mark Cycle
[2022-09-07T16:54:57.763+0000][7][gc,marking  ] GC(3) Concurrent Clear Claimed Marks
[2022-09-07T16:54:57.763+0000][7][safepoint   ] Safepoint "CollectForMetadataAllocation", Time since last: 997371020 ns, Reaching safepoint: 128566 ns, At safepoint: 17703894 ns, Total: 17832460 ns
[2022-09-07T16:54:57.763+0000][7][gc,marking  ] GC(3) Concurrent Clear Claimed Marks 0.049ms
[2022-09-07T16:54:57.763+0000][7][gc,marking  ] GC(3) Concurrent Scan Root Regions
[2022-09-07T16:54:57.779+0000][7][safepoint   ] Safepoint "CollectForMetadataAllocation", Time since last: 15672518 ns, Reaching safepoint: 47706 ns, At safepoint: 44043 ns, Total: 91749 ns
[2022-09-07T16:54:57.780+0000][7][gc,marking  ] GC(3) Concurrent Scan Root Regions 16.543ms
[2022-09-07T16:54:57.780+0000][7][gc,marking  ] GC(3) Concurrent Mark
[2022-09-07T16:54:57.780+0000][7][gc,marking  ] GC(3) Concurrent Mark From Roots
[2022-09-07T16:54:57.780+0000][7][gc,task     ] GC(3) Using 2 workers of 2 for marking
[2022-09-07T16:54:57.783+0000][7][gc,marking  ] GC(3) Concurrent Mark From Roots 3.013ms
[2022-09-07T16:54:57.783+0000][7][gc,marking  ] GC(3) Concurrent Preclean
[2022-09-07T16:54:57.783+0000][7][gc,marking  ] GC(3) Concurrent Preclean 0.007ms
[2022-09-07T16:54:57.783+0000][7][gc,start    ] GC(3) Pause Remark
[2022-09-07T16:54:57.786+0000][7][gc          ] GC(3) Pause Remark 68M->68M(31744M) 3.160ms
[2022-09-07T16:54:57.786+0000][7][gc,cpu      ] GC(3) User=0.02s Sys=0.00s Real=0.00s
[2022-09-07T16:54:57.786+0000][7][safepoint   ] Safepoint "G1Concurrent", Time since last: 3895402 ns, Reaching safepoint: 127243 ns, At safepoint: 3225308 ns, Total: 3352551 ns
[2022-09-07T16:54:57.786+0000][7][gc,marking  ] GC(3) Concurrent Mark 6.450ms
[2022-09-07T16:54:57.786+0000][7][gc,marking  ] GC(3) Concurrent Rebuild Remembered Sets
[2022-09-07T16:54:57.786+0000][7][gc,marking  ] GC(3) Concurrent Rebuild Remembered Sets 0.006ms
[2022-09-07T16:54:57.790+0000][7][gc,start    ] GC(3) Pause Cleanup
[2022-09-07T16:54:57.790+0000][7][gc          ] GC(3) Pause Cleanup 68M->68M(31744M) 0.027ms
[2022-09-07T16:54:57.790+0000][7][gc,cpu      ] GC(3) User=0.00s Sys=0.00s Real=0.00s
[2022-09-07T16:54:57.790+0000][7][safepoint   ] Safepoint "G1Concurrent", Time since last: 65415 ns, Reaching safepoint: 3180177 ns, At safepoint: 69698 ns, Total: 3249875 ns
[2022-09-07T16:54:57.790+0000][7][gc,marking  ] GC(3) Concurrent Cleanup for Next Mark
[2022-09-07T16:54:57.811+0000][7][gc,marking  ] GC(3) Concurrent Cleanup for Next Mark 21.644ms
[2022-09-07T16:54:57.811+0000][7][gc          ] GC(3) Concurrent Mark Cycle 48.087ms
[2022-09-07T16:54:58.640+0000][7][safepoint   ] Safepoint "ICBufferFull", Time since last: 849823189 ns, Reaching safepoint: 108200 ns, At safepoint: 8384 ns, Total: 116584 ns
[2022-09-07T16:54:59.733+0000][7][safepoint   ] Safepoint "ICBufferFull", Time since last: 1093132424 ns, Reaching safepoint: 184261 ns, At safepoint: 13687 ns, Total: 197948 ns
[2022-09-07T16:55:00.763+0000][7][gc,start    ] GC(4) Pause Young (Concurrent Start) (Metadata GC Threshold)
[2022-09-07T16:55:00.763+0000][7][gc,task     ] GC(4) Using 8 workers of 8 for evacuation
[2022-09-07T16:55:00.763+0000][7][gc,age      ] GC(4) Desired survivor size 109051904 bytes, new threshold 15 (max threshold 15)
[2022-09-07T16:55:00.786+0000][7][gc,phases   ] GC(4)   Pre Evacuate Collection Set: 0.4ms
[2022-09-07T16:55:00.786+0000][7][gc,phases   ] GC(4)   Merge Heap Roots: 0.1ms
[2022-09-07T16:55:00.786+0000][7][gc,phases   ] GC(4)   Evacuate Collection Set: 21.2ms
[2022-09-07T16:55:00.786+0000][7][gc,phases   ] GC(4)   Post Evacuate Collection Set: 1.4ms
[2022-09-07T16:55:00.786+0000][7][gc,phases   ] GC(4)   Other: 0.1ms
[2022-09-07T16:55:00.786+0000][7][gc,age      ] GC(4) Age table with threshold 15 (max threshold 15)
[2022-09-07T16:55:00.786+0000][7][gc,age      ] GC(4) - age   1:   10214952 bytes,   10214952 total
[2022-09-07T16:55:00.786+0000][7][gc,age      ] GC(4) - age   2:   27755872 bytes,   37970824 total
[2022-09-07T16:55:00.786+0000][7][gc,age      ] GC(4) - age   3:   17571832 bytes,   55542656 total
[2022-09-07T16:55:00.786+0000][7][gc,heap     ] GC(4) Eden regions: 25->0(95)
[2022-09-07T16:55:00.786+0000][7][gc,heap     ] GC(4) Survivor regions: 3->4(13)
[2022-09-07T16:55:00.786+0000][7][gc,heap     ] GC(4) Old regions: 0->0
[2022-09-07T16:55:00.786+0000][7][gc,heap     ] GC(4) Archive regions: 2->2
[2022-09-07T16:55:00.786+0000][7][gc,heap     ] GC(4) Humongous regions: 0->0
[2022-09-07T16:55:00.786+0000][7][gc,metaspace] GC(4) Metaspace: 59414K(60608K)->59414K(60608K) NonClass: 51612K(52352K)->51612K(52352K) Class: 7802K(8256K)->7802K(8256K)
[2022-09-07T16:55:00.786+0000][7][gc          ] GC(4) Pause Young (Concurrent Start) (Metadata GC Threshold) 460M->71M(31744M) 23.303ms
[2022-09-07T16:55:00.786+0000][7][gc,cpu      ] GC(4) User=0.16s Sys=0.01s Real=0.02s
[2022-09-07T16:55:00.786+0000][7][gc          ] GC(5) Concurrent Mark Cycle
[2022-09-07T16:55:00.786+0000][7][gc,marking  ] GC(5) Concurrent Clear Claimed Marks
[2022-09-07T16:55:00.786+0000][7][gc,marking  ] GC(5) Concurrent Clear Claimed Marks 0.055ms
[2022-09-07T16:55:00.786+0000][7][gc,marking  ] GC(5) Concurrent Scan Root Regions
[2022-09-07T16:55:00.786+0000][7][safepoint   ] Safepoint "CollectForMetadataAllocation", Time since last: 1028879566 ns, Reaching safepoint: 688111 ns, At safepoint: 23436998 ns, Total: 24125109 ns
[2022-09-07T16:55:00.805+0000][7][gc,marking  ] GC(5) Concurrent Scan Root Regions 19.125ms
[2022-09-07T16:55:00.805+0000][7][gc,marking  ] GC(5) Concurrent Mark
[2022-09-07T16:55:00.805+0000][7][gc,marking  ] GC(5) Concurrent Mark From Roots
[2022-09-07T16:55:00.805+0000][7][gc,task     ] GC(5) Using 2 workers of 2 for marking
[2022-09-07T16:55:00.808+0000][7][gc,marking  ] GC(5) Concurrent Mark From Roots 3.314ms
[2022-09-07T16:55:00.808+0000][7][gc,marking  ] GC(5) Concurrent Preclean
[2022-09-07T16:55:00.808+0000][7][gc,marking  ] GC(5) Concurrent Preclean 0.010ms
[2022-09-07T16:55:00.809+0000][7][gc,start    ] GC(5) Pause Remark
[2022-09-07T16:55:00.811+0000][7][gc          ] GC(5) Pause Remark 79M->79M(31744M) 2.309ms
[2022-09-07T16:55:00.811+0000][7][gc,cpu      ] GC(5) User=0.02s Sys=0.00s Real=0.01s
[2022-09-07T16:55:00.811+0000][7][safepoint   ] Safepoint "G1Concurrent", Time since last: 22558771 ns, Reaching safepoint: 124131 ns, At safepoint: 2368645 ns, Total: 2492776 ns
[2022-09-07T16:55:00.811+0000][7][gc,marking  ] GC(5) Concurrent Mark 5.898ms
[2022-09-07T16:55:00.811+0000][7][gc,marking  ] GC(5) Concurrent Rebuild Remembered Sets
[2022-09-07T16:55:00.811+0000][7][gc,marking  ] GC(5) Concurrent Rebuild Remembered Sets 0.006ms
[2022-09-07T16:55:00.811+0000][7][gc,start    ] GC(5) Pause Cleanup
[2022-09-07T16:55:00.811+0000][7][gc          ] GC(5) Pause Cleanup 79M->79M(31744M) 0.010ms
[2022-09-07T16:55:00.811+0000][7][gc,cpu      ] GC(5) User=0.00s Sys=0.00s Real=0.00s
[2022-09-07T16:55:00.811+0000][7][safepoint   ] Safepoint "G1Concurrent", Time since last: 63452 ns, Reaching safepoint: 103581 ns, At safepoint: 31346 ns, Total: 134927 ns
[2022-09-07T16:55:00.811+0000][7][gc,marking  ] GC(5) Concurrent Cleanup for Next Mark
[2022-09-07T16:55:00.845+0000][7][gc,marking  ] GC(5) Concurrent Cleanup for Next Mark 33.912ms
[2022-09-07T16:55:00.845+0000][7][gc          ] GC(5) Concurrent Mark Cycle 59.332ms
[2022-09-07T16:55:01.800+0000][7][safepoint   ] Safepoint "ICBufferFull", Time since last: 988350248 ns, Reaching safepoint: 261053 ns, At safepoint: 7974 ns, Total: 269027 ns
[2022-09-07T16:55:02.210+0000][7][safepoint   ] Safepoint "ICBufferFull", Time since last: 409549913 ns, Reaching safepoint: 142455 ns, At safepoint: 12753 ns, Total: 155208 ns
[2022-09-07T16:55:02.934+0000][7][safepoint   ] Safepoint "ICBufferFull", Time since last: 724534153 ns, Reaching safepoint: 307269 ns, At safepoint: 10951 ns, Total: 318220 ns
[2022-09-07T16:55:03.510+0000][7][safepoint   ] Safepoint "ICBufferFull", Time since last: 575115939 ns, Reaching safepoint: 221478 ns, At safepoint: 17891 ns, Total: 239369 ns
[2022-09-07T16:55:04.225+0000][7][safepoint   ] Safepoint "ICBufferFull", Time since last: 715204845 ns, Reaching safepoint: 123597 ns, At safepoint: 11970 ns, Total: 135567 ns
[2022-09-07T16:55:04.737+0000][7][gc,start    ] GC(6) Pause Young (Concurrent Start) (Metadata GC Threshold)
[2022-09-07T16:55:04.737+0000][7][gc,task     ] GC(6) Using 8 workers of 8 for evacuation
[2022-09-07T16:55:04.737+0000][7][gc,age      ] GC(6) Desired survivor size 109051904 bytes, new threshold 15 (max threshold 15)
[2022-09-07T16:55:04.766+0000][7][gc,phases   ] GC(6)   Pre Evacuate Collection Set: 0.4ms
[2022-09-07T16:55:04.766+0000][7][gc,phases   ] GC(6)   Merge Heap Roots: 0.1ms
[2022-09-07T16:55:04.766+0000][7][gc,phases   ] GC(6)   Evacuate Collection Set: 26.5ms
[2022-09-07T16:55:04.766+0000][7][gc,phases   ] GC(6)   Post Evacuate Collection Set: 1.9ms
[2022-09-07T16:55:04.766+0000][7][gc,phases   ] GC(6)   Other: 0.0ms
[2022-09-07T16:55:04.766+0000][7][gc,age      ] GC(6) Age table with threshold 15 (max threshold 15)
[2022-09-07T16:55:04.766+0000][7][gc,age      ] GC(6) - age   1:   23311632 bytes,   23311632 total
[2022-09-07T16:55:04.766+0000][7][gc,age      ] GC(6) - age   2:    9464368 bytes,   32776000 total
[2022-09-07T16:55:04.766+0000][7][gc,age      ] GC(6) - age   3:   27649328 bytes,   60425328 total
[2022-09-07T16:55:04.766+0000][7][gc,age      ] GC(6) - age   4:   17470424 bytes,   77895752 total
[2022-09-07T16:55:04.766+0000][7][gc,heap     ] GC(6) Eden regions: 34->0(94)
[2022-09-07T16:55:04.766+0000][7][gc,heap     ] GC(6) Survivor regions: 4->5(13)
[2022-09-07T16:55:04.766+0000][7][gc,heap     ] GC(6) Old regions: 0->0
[2022-09-07T16:55:04.766+0000][7][gc,heap     ] GC(6) Archive regions: 2->2
[2022-09-07T16:55:04.766+0000][7][gc,heap     ] GC(6) Humongous regions: 0->0
[2022-09-07T16:55:04.766+0000][7][gc,metaspace] GC(6) Metaspace: 98629K(101376K)->98629K(101376K) NonClass: 84953K(86400K)->84953K(86400K) Class: 13676K(14976K)->13676K(14976K)
[2022-09-07T16:55:04.766+0000][7][gc          ] GC(6) Pause Young (Concurrent Start) (Metadata GC Threshold) 607M->95M(31744M) 29.090ms
[2022-09-07T16:55:04.766+0000][7][gc          ] GC(7) Concurrent Mark Cycle
[2022-09-07T16:55:04.766+0000][7][gc,cpu      ] GC(6) User=0.21s Sys=0.01s Real=0.03s
[2022-09-07T16:55:04.766+0000][7][gc,marking  ] GC(7) Concurrent Clear Claimed Marks
[2022-09-07T16:55:04.767+0000][7][safepoint   ] Safepoint "CollectForMetadataAllocation", Time since last: 512096861 ns, Reaching safepoint: 184186 ns, At safepoint: 29221288 ns, Total: 29405474 ns
[2022-09-07T16:55:04.767+0000][7][gc,marking  ] GC(7) Concurrent Clear Claimed Marks 0.184ms
[2022-09-07T16:55:04.767+0000][7][gc,marking  ] GC(7) Concurrent Scan Root Regions
[2022-09-07T16:55:04.793+0000][7][gc,marking  ] GC(7) Concurrent Scan Root Regions 25.869ms
[2022-09-07T16:55:04.793+0000][7][gc,marking  ] GC(7) Concurrent Mark
[2022-09-07T16:55:04.793+0000][7][gc,marking  ] GC(7) Concurrent Mark From Roots
[2022-09-07T16:55:04.793+0000][7][gc,task     ] GC(7) Using 2 workers of 2 for marking
[2022-09-07T16:55:04.796+0000][7][gc,marking  ] GC(7) Concurrent Mark From Roots 3.064ms
[2022-09-07T16:55:04.796+0000][7][gc,marking  ] GC(7) Concurrent Preclean
[2022-09-07T16:55:04.796+0000][7][gc,marking  ] GC(7) Concurrent Preclean 0.006ms
[2022-09-07T16:55:04.796+0000][7][gc,start    ] GC(7) Pause Remark
[2022-09-07T16:55:04.798+0000][7][gc          ] GC(7) Pause Remark 111M->111M(31744M) 2.517ms
[2022-09-07T16:55:04.798+0000][7][gc,cpu      ] GC(7) User=0.01s Sys=0.00s Real=0.00s
[2022-09-07T16:55:04.798+0000][7][safepoint   ] Safepoint "G1Concurrent", Time since last: 29135492 ns, Reaching safepoint: 139848 ns, At safepoint: 2590463 ns, Total: 2730311 ns
[2022-09-07T16:55:04.798+0000][7][gc,marking  ] GC(7) Concurrent Mark 5.861ms
[2022-09-07T16:55:04.798+0000][7][gc,marking  ] GC(7) Concurrent Rebuild Remembered Sets
[2022-09-07T16:55:04.798+0000][7][gc,marking  ] GC(7) Concurrent Rebuild Remembered Sets 0.007ms
[2022-09-07T16:55:04.799+0000][7][gc,start    ] GC(7) Pause Cleanup
[2022-09-07T16:55:04.799+0000][7][gc          ] GC(7) Pause Cleanup 111M->111M(31744M) 0.010ms
[2022-09-07T16:55:04.799+0000][7][gc,cpu      ] GC(7) User=0.00s Sys=0.00s Real=0.00s
[2022-09-07T16:55:04.799+0000][7][safepoint   ] Safepoint "G1Concurrent", Time since last: 62703 ns, Reaching safepoint: 105731 ns, At safepoint: 34043 ns, Total: 139774 ns
[2022-09-07T16:55:04.799+0000][7][gc,marking  ] GC(7) Concurrent Cleanup for Next Mark
[2022-09-07T16:55:04.818+0000][7][gc,marking  ] GC(7) Concurrent Cleanup for Next Mark 19.544ms
[2022-09-07T16:55:04.818+0000][7][gc          ] GC(7) Concurrent Mark Cycle 51.755ms
[2022-09-07T16:55:05.728+0000][7][safepoint   ] Safepoint "ICBufferFull", Time since last: 929453115 ns, Reaching safepoint: 299647 ns, At safepoint: 14670 ns, Total: 314317 ns
[2022-09-07T16:55:06.359+0000][7][safepoint   ] Safepoint "ICBufferFull", Time since last: 630457585 ns, Reaching safepoint: 549360 ns, At safepoint: 14718 ns, Total: 564078 ns
[2022-09-07T16:55:07.112+0000][7][safepoint   ] Safepoint "ICBufferFull", Time since last: 752187815 ns, Reaching safepoint: 247599 ns, At safepoint: 13314 ns, Total: 260913 ns
[2022-09-07T16:55:08.112+0000][7][safepoint   ] Safepoint "Cleanup", Time since last: 1000185292 ns, Reaching safepoint: 125799 ns, At safepoint: 14736 ns, Total: 140535 ns
[2022-09-07T16:55:09.112+0000][7][safepoint   ] Safepoint "Cleanup", Time since last: 1000178497 ns, Reaching safepoint: 115994 ns, At safepoint: 14160 ns, Total: 130154 ns
[2022-09-07T16:55:10.113+0000][7][safepoint   ] Safepoint "Cleanup", Time since last: 1000174950 ns, Reaching safepoint: 115794 ns, At safepoint: 13260 ns, Total: 129054 ns
[2022-09-07T16:55:13.113+0000][7][safepoint   ] Safepoint "Cleanup", Time since last: 3000398942 ns, Reaching safepoint: 129742 ns, At safepoint: 13026 ns, Total: 142768 ns
[2022-09-07T16:55:14.273+0000][7][safepoint   ] Safepoint "Cleanup", Time since last: 1159120543 ns, Reaching safepoint: 125337 ns, At safepoint: 14160 ns, Total: 139497 ns
[2022-09-07T16:55:15.273+0000][7][safepoint   ] Safepoint "Cleanup", Time since last: 1000190713 ns, Reaching safepoint: 140221 ns, At safepoint: 25187 ns, Total: 165408 ns
[2022-09-07T16:55:16.273+0000][7][safepoint   ] Safepoint "Cleanup", Time since last: 1000197709 ns, Reaching safepoint: 120884 ns, At safepoint: 14184 ns, Total: 135068 ns
[2022-09-07T16:55:21.274+0000][7][safepoint   ] Safepoint "Cleanup", Time since last: 5000683466 ns, Reaching safepoint: 121648 ns, At safepoint: 14577 ns, Total: 136225 ns
[2022-09-07T16:55:26.275+0000][7][safepoint   ] Safepoint "Cleanup", Time since last: 5000626929 ns, Reaching safepoint: 127691 ns, At safepoint: 12747 ns, Total: 140438 ns
[2022-09-07T16:55:27.275+0000][7][safepoint   ] Safepoint "Cleanup", Time since last: 1000182982 ns, Reaching safepoint: 120038 ns, At safepoint: 14511 ns, Total: 134549 ns
[2022-09-07T16:55:28.276+0000][7][safepoint   ] Safepoint "Cleanup", Time since last: 1000185398 ns, Reaching safepoint: 123614 ns, At safepoint: 15350 ns, Total: 138964 ns
[2022-09-07T16:55:30.276+0000][7][safepoint   ] Safepoint "Cleanup", Time since last: 2000295796 ns, Reaching safepoint: 122852 ns, At safepoint: 14487 ns, Total: 137339 ns
[2022-09-07T16:55:33.277+0000][7][safepoint   ] Safepoint "Cleanup", Time since last: 3000460456 ns, Reaching safepoint: 124031 ns, At safepoint: 14433 ns, Total: 138464 ns
[2022-09-07T16:55:34.277+0000][7][safepoint   ] Safepoint "Cleanup", Time since last: 1000183709 ns, Reaching safepoint: 125568 ns, At safepoint: 15100 ns, Total: 140668 ns
[2022-09-07T16:55:35.277+0000][7][safepoint   ] Safepoint "Cleanup", Time since last: 1000195454 ns, Reaching safepoint: 125331 ns, At safepoint: 15454 ns, Total: 140785 ns
[2022-09-07T16:55:36.278+0000][7][safepoint   ] Safepoint "Cleanup", Time since last: 1000180927 ns, Reaching safepoint: 125605 ns, At safepoint: 33850 ns, Total: 159455 ns
[2022-09-07T16:55:42.278+0000][7][safepoint   ] Safepoint "Cleanup", Time since last: 6000748037 ns, Reaching safepoint: 128365 ns, At safepoint: 15627 ns, Total: 143992 ns
[2022-09-07T16:55:43.279+0000][7][safepoint   ] Safepoint "Cleanup", Time since last: 1000181547 ns, Reaching safepoint: 123724 ns, At safepoint: 14060 ns, Total: 137784 ns
[2022-09-07T16:55:46.279+0000][7][safepoint   ] Safepoint "Cleanup", Time since last: 3000394968 ns, Reaching safepoint: 142438 ns, At safepoint: 14350 ns, Total: 156788 ns
[2022-09-07T16:55:49.280+0000][7][safepoint   ] Safepoint "Cleanup", Time since last: 3000393708 ns, Reaching safepoint: 125264 ns, At safepoint: 14737 ns, Total: 140001 ns
[2022-09-07T16:55:50.280+0000][7][safepoint   ] Safepoint "Cleanup", Time since last: 1000179318 ns, Reaching safepoint: 119747 ns, At safepoint: 14194 ns, Total: 133941 ns
[2022-09-07T16:55:56.281+0000][7][safepoint   ] Safepoint "Cleanup", Time since last: 6000667356 ns, Reaching safepoint: 123958 ns, At safepoint: 14503 ns, Total: 138461 ns
[2022-09-07T16:55:57.281+0000][7][safepoint   ] Safepoint "Cleanup", Time since last: 1000181982 ns, Reaching safepoint: 109851 ns, At safepoint: 14437 ns, Total: 124288 ns
[2022-09-07T16:56:01.282+0000][7][safepoint   ] Safepoint "Cleanup", Time since last: 4000462807 ns, Reaching safepoint: 110941 ns, At safepoint: 14014 ns, Total: 124955 ns
[2022-09-07T16:56:03.282+0000][7][safepoint   ] Safepoint "Cleanup", Time since last: 2000294482 ns, Reaching safepoint: 109491 ns, At safepoint: 14430 ns, Total: 123921 ns
[2022-09-07T16:56:04.283+0000][7][safepoint   ] Safepoint "Cleanup", Time since last: 1000173215 ns, Reaching safepoint: 117431 ns, At safepoint: 14420 ns, Total: 131851 ns
[2022-09-07T16:56:05.283+0000][7][safepoint   ] Safepoint "Cleanup", Time since last: 1000180611 ns, Reaching safepoint: 111201 ns, At safepoint: 14076 ns, Total: 125277 ns
[2022-09-07T16:56:09.284+0000][7][safepoint   ] Safepoint "Cleanup", Time since last: 4000515656 ns, Reaching safepoint: 129374 ns, At safepoint: 15217 ns, Total: 144591 ns
[2022-09-07T16:56:10.284+0000][7][safepoint   ] Safepoint "Cleanup", Time since last: 1000185147 ns, Reaching safepoint: 117391 ns, At safepoint: 13883 ns, Total: 131274 ns
[2022-09-07T16:56:15.285+0000][7][safepoint   ] Safepoint "Cleanup", Time since last: 5000575673 ns, Reaching safepoint: 125881 ns, At safepoint: 14407 ns, Total: 140288 ns
[2022-09-07T16:56:25.286+0000][7][safepoint   ] Safepoint "Cleanup", Time since last: 10001251669 ns, Reaching safepoint: 135518 ns, At safepoint: 14830 ns, Total: 150348 ns
[2022-09-07T16:56:26.286+0000][7][safepoint   ] Safepoint "Cleanup", Time since last: 1000170730 ns, Reaching safepoint: 193402 ns, At safepoint: 17327 ns, Total: 210729 ns
[2022-09-07T16:56:34.288+0000][7][safepoint   ] Safepoint "Cleanup", Time since last: 8001020413 ns, Reaching safepoint: 125515 ns, At safepoint: 14900 ns, Total: 140415 ns
[2022-09-07T16:56:35.288+0000][7][safepoint   ] Safepoint "Cleanup", Time since last: 1000197881 ns, Reaching safepoint: 116587 ns, At safepoint: 18230 ns, Total: 134817 ns
[2022-09-07T16:56:37.288+0000][7][safepoint   ] Safepoint "Cleanup", Time since last: 2000313734 ns, Reaching safepoint: 117638 ns, At safepoint: 14196 ns, Total: 131834 ns
[2022-09-07T16:56:42.289+0000][7][safepoint   ] Safepoint "Cleanup", Time since last: 5000657345 ns, Reaching safepoint: 122225 ns, At safepoint: 15147 ns, Total: 137372 ns
[2022-09-07T16:56:52.290+0000][7][safepoint   ] Safepoint "Cleanup", Time since last: 10001214854 ns, Reaching safepoint: 130621 ns, At safepoint: 13914 ns, Total: 144535 ns
[2022-09-07T16:56:55.291+0000][7][safepoint   ] Safepoint "Cleanup", Time since last: 3000418306 ns, Reaching safepoint: 150849 ns, At safepoint: 15037 ns, Total: 165886 ns
[2022-09-07T16:57:03.292+0000][7][safepoint   ] Safepoint "Cleanup", Time since last: 8000951147 ns, Reaching safepoint: 129922 ns, At safepoint: 15826 ns, Total: 145748 ns
[2022-09-07T16:57:04.292+0000][7][safepoint   ] Safepoint "Cleanup", Time since last: 1000175326 ns, Reaching safepoint: 123351 ns, At safepoint: 14930 ns, Total: 138281 ns
[2022-09-07T16:57:05.293+0000][7][safepoint   ] Safepoint "Cleanup", Time since last: 1000172771 ns, Reaching safepoint: 130191 ns, At safepoint: 12417 ns, Total: 142608 ns
[2022-09-07T16:57:07.293+0000][7][safepoint   ] Safepoint "Cleanup", Time since last: 2000320408 ns, Reaching safepoint: 134574 ns, At safepoint: 15284 ns, Total: 149858 ns
[2022-09-07T16:57:09.294+0000][7][safepoint   ] Safepoint "Cleanup", Time since last: 2000331855 ns, Reaching safepoint: 145675 ns, At safepoint: 15144 ns, Total: 160819 ns
[2022-09-07T16:57:10.294+0000][7][safepoint   ] Safepoint "Cleanup", Time since last: 1000214262 ns, Reaching safepoint: 114225 ns, At safepoint: 13623 ns, Total: 127848 ns
[2022-09-07T16:57:12.294+0000][7][safepoint   ] Safepoint "Cleanup", Time since last: 2000234204 ns, Reaching safepoint: 79934 ns, At safepoint: 6538 ns, Total: 86472 ns
[2022-09-07T16:57:14.295+0000][7][safepoint   ] Safepoint "Cleanup", Time since last: 2000313510 ns, Reaching safepoint: 126014 ns, At safepoint: 13177 ns, Total: 139191 ns
[2022-09-07T16:57:31.297+0000][7][safepoint   ] Safepoint "Cleanup", Time since last: 17002118388 ns, Reaching safepoint: 129745 ns, At safepoint: 12496 ns, Total: 142241 ns
[2022-09-07T16:57:32.297+0000][7][safepoint   ] Safepoint "Cleanup", Time since last: 1000191514 ns, Reaching safepoint: 125858 ns, At safepoint: 12953 ns, Total: 138811 ns
[2022-09-07T16:57:32.748+0000][7][gc,heap,exit] Heap
[2022-09-07T16:57:32.748+0000][7][gc,heap,exit]  garbage-first heap   total 32505856K, used 523157K [0x0000001001000000, 0x00000017c1000000)
[2022-09-07T16:57:32.748+0000][7][gc,heap,exit]   region size 16384K, 31 young (507904K), 5 survivors (81920K)
[2022-09-07T16:57:32.748+0000][7][gc,heap,exit]  Metaspace       used 107103K, committed 109888K, reserved 1179648K
[2022-09-07T16:57:32.748+0000][7][gc,heap,exit]   class space    used 14848K, committed 16128K, reserved 1048576K
