[2022-09-07T16:10:46.636+0000][7][gc,init] CardTable entry size: 512
[2022-09-07T16:10:46.637+0000][7][gc     ] Using G1
[2022-09-07T16:10:47.778+0000][7][gc,init] Version: 18.0.2+9-61 (release)
[2022-09-07T16:10:47.778+0000][7][gc,init] CPUs: 8 total, 8 available
[2022-09-07T16:10:47.778+0000][7][gc,init] Memory: 64312M
[2022-09-07T16:10:47.778+0000][7][gc,init] Large Page Support: Disabled
[2022-09-07T16:10:47.778+0000][7][gc,init] NUMA Support: Disabled
[2022-09-07T16:10:47.778+0000][7][gc,init] Compressed Oops: Enabled (Non-zero disjoint base)
[2022-09-07T16:10:47.778+0000][7][gc,init] Heap Region Size: 16M
[2022-09-07T16:10:47.778+0000][7][gc,init] Heap Min Capacity: 31G
[2022-09-07T16:10:47.778+0000][7][gc,init] Heap Initial Capacity: 31G
[2022-09-07T16:10:47.778+0000][7][gc,init] Heap Max Capacity: 31G
[2022-09-07T16:10:47.778+0000][7][gc,init] Pre-touch: Enabled
[2022-09-07T16:10:47.778+0000][7][gc,init] Parallel Workers: 8
[2022-09-07T16:10:47.778+0000][7][gc,init] Concurrent Workers: 2
[2022-09-07T16:10:47.778+0000][7][gc,init] Concurrent Refinement Workers: 8
[2022-09-07T16:10:47.778+0000][7][gc,init] Periodic GC: Disabled
[2022-09-07T16:10:47.778+0000][7][gc,metaspace] CDS archive(s) mapped at: [0x0000000800000000-0x0000000800bae000-0x0000000800bae000), size 12247040, SharedBaseAddress: 0x0000000800000000, ArchiveRelocationMode: 0.
[2022-09-07T16:10:47.778+0000][7][gc,metaspace] Compressed class space mapped at: 0x0000000800c00000-0x0000000840c00000, reserved size: 1073741824
[2022-09-07T16:10:47.778+0000][7][gc,metaspace] Narrow klass base: 0x0000000800000000, Narrow klass shift: 0, Narrow klass range: 0x100000000
[2022-09-07T16:10:48.234+0000][7][safepoint   ] Safepoint "ICBufferFull", Time since last: 449960992 ns, Reaching safepoint: 183167 ns, At safepoint: 6632 ns, Total: 189799 ns
[2022-09-07T16:10:48.634+0000][7][safepoint   ] Safepoint "ICBufferFull", Time since last: 400514012 ns, Reaching safepoint: 113635 ns, At safepoint: 5063 ns, Total: 118698 ns
[2022-09-07T16:10:49.044+0000][7][safepoint   ] Safepoint "ICBufferFull", Time since last: 409236783 ns, Reaching safepoint: 191174 ns, At safepoint: 10279 ns, Total: 201453 ns
[2022-09-07T16:10:49.572+0000][7][safepoint   ] Safepoint "ICBufferFull", Time since last: 527688401 ns, Reaching safepoint: 151890 ns, At safepoint: 4284 ns, Total: 156174 ns
[2022-09-07T16:10:50.161+0000][7][safepoint   ] Safepoint "ICBufferFull", Time since last: 589123154 ns, Reaching safepoint: 172352 ns, At safepoint: 10570 ns, Total: 182922 ns
[2022-09-07T16:10:50.465+0000][7][gc,start    ] GC(0) Pause Young (Concurrent Start) (Metadata GC Threshold)
[2022-09-07T16:10:50.466+0000][7][gc,task     ] GC(0) Using 8 workers of 8 for evacuation
[2022-09-07T16:10:50.466+0000][7][gc,age      ] GC(0) Desired survivor size 109051904 bytes, new threshold 15 (max threshold 15)
[2022-09-07T16:10:50.475+0000][7][gc,phases   ] GC(0)   Pre Evacuate Collection Set: 0.5ms
[2022-09-07T16:10:50.475+0000][7][gc,phases   ] GC(0)   Merge Heap Roots: 0.2ms
[2022-09-07T16:10:50.475+0000][7][gc,phases   ] GC(0)   Evacuate Collection Set: 7.3ms
[2022-09-07T16:10:50.475+0000][7][gc,phases   ] GC(0)   Post Evacuate Collection Set: 0.9ms
[2022-09-07T16:10:50.475+0000][7][gc,phases   ] GC(0)   Other: 0.1ms
[2022-09-07T16:10:50.475+0000][7][gc,age      ] GC(0) Age table with threshold 15 (max threshold 15)
[2022-09-07T16:10:50.475+0000][7][gc,age      ] GC(0) - age   1:   18086904 bytes,   18086904 total
[2022-09-07T16:10:50.475+0000][7][gc,heap     ] GC(0) Eden regions: 69->0(97)
[2022-09-07T16:10:50.475+0000][7][gc,heap     ] GC(0) Survivor regions: 0->2(13)
[2022-09-07T16:10:50.475+0000][7][gc,heap     ] GC(0) Old regions: 0->0
[2022-09-07T16:10:50.475+0000][7][gc,heap     ] GC(0) Archive regions: 2->2
[2022-09-07T16:10:50.475+0000][7][gc,heap     ] GC(0) Humongous regions: 0->0
[2022-09-07T16:10:50.475+0000][7][gc,metaspace] GC(0) Metaspace: 20979K(21504K)->20979K(21504K) NonClass: 18478K(18816K)->18478K(18816K) Class: 2500K(2688K)->2500K(2688K)
[2022-09-07T16:10:50.475+0000][7][gc          ] GC(0) Pause Young (Concurrent Start) (Metadata GC Threshold) 1119M->33M(31744M) 9.334ms
[2022-09-07T16:10:50.475+0000][7][gc,cpu      ] GC(0) User=0.05s Sys=0.01s Real=0.01s
[2022-09-07T16:10:50.475+0000][7][gc          ] GC(1) Concurrent Mark Cycle
[2022-09-07T16:10:50.475+0000][7][gc,marking  ] GC(1) Concurrent Clear Claimed Marks
[2022-09-07T16:10:50.475+0000][7][gc,marking  ] GC(1) Concurrent Clear Claimed Marks 0.032ms
[2022-09-07T16:10:50.475+0000][7][gc,marking  ] GC(1) Concurrent Scan Root Regions
[2022-09-07T16:10:50.475+0000][7][safepoint   ] Safepoint "CollectForMetadataAllocation", Time since last: 304254132 ns, Reaching safepoint: 118154 ns, At safepoint: 9482462 ns, Total: 9600616 ns
[2022-09-07T16:10:50.482+0000][7][gc,marking  ] GC(1) Concurrent Scan Root Regions 6.732ms
[2022-09-07T16:10:50.482+0000][7][gc,marking  ] GC(1) Concurrent Mark
[2022-09-07T16:10:50.482+0000][7][gc,marking  ] GC(1) Concurrent Mark From Roots
[2022-09-07T16:10:50.482+0000][7][gc,task     ] GC(1) Using 2 workers of 2 for marking
[2022-09-07T16:10:50.485+0000][7][gc,marking  ] GC(1) Concurrent Mark From Roots 3.685ms
[2022-09-07T16:10:50.485+0000][7][gc,marking  ] GC(1) Concurrent Preclean
[2022-09-07T16:10:50.485+0000][7][gc,marking  ] GC(1) Concurrent Preclean 0.024ms
[2022-09-07T16:10:50.486+0000][7][gc,start    ] GC(1) Pause Remark
[2022-09-07T16:10:50.487+0000][7][gc          ] GC(1) Pause Remark 45M->45M(31744M) 1.841ms
[2022-09-07T16:10:50.487+0000][7][gc,cpu      ] GC(1) User=0.00s Sys=0.01s Real=0.00s
[2022-09-07T16:10:50.487+0000][7][safepoint   ] Safepoint "G1Concurrent", Time since last: 10575903 ns, Reaching safepoint: 113952 ns, At safepoint: 1900079 ns, Total: 2014031 ns
[2022-09-07T16:10:50.488+0000][7][gc,marking  ] GC(1) Concurrent Mark 5.837ms
[2022-09-07T16:10:50.488+0000][7][gc,marking  ] GC(1) Concurrent Rebuild Remembered Sets
[2022-09-07T16:10:50.488+0000][7][gc,marking  ] GC(1) Concurrent Rebuild Remembered Sets 0.012ms
[2022-09-07T16:10:50.488+0000][7][gc,start    ] GC(1) Pause Cleanup
[2022-09-07T16:10:50.488+0000][7][gc          ] GC(1) Pause Cleanup 45M->45M(31744M) 0.015ms
[2022-09-07T16:10:50.488+0000][7][gc,cpu      ] GC(1) User=0.00s Sys=0.00s Real=0.00s
[2022-09-07T16:10:50.488+0000][7][safepoint   ] Safepoint "G1Concurrent", Time since last: 90392 ns, Reaching safepoint: 104023 ns, At safepoint: 37420 ns, Total: 141443 ns
[2022-09-07T16:10:50.488+0000][7][gc,marking  ] GC(1) Concurrent Cleanup for Next Mark
[2022-09-07T16:10:50.508+0000][7][gc,marking  ] GC(1) Concurrent Cleanup for Next Mark 20.470ms
[2022-09-07T16:10:50.508+0000][7][gc          ] GC(1) Concurrent Mark Cycle 33.462ms
[2022-09-07T16:10:51.067+0000][7][safepoint   ] Safepoint "ICBufferFull", Time since last: 578849710 ns, Reaching safepoint: 202721 ns, At safepoint: 5948 ns, Total: 208669 ns
[2022-09-07T16:10:51.471+0000][7][safepoint   ] Safepoint "ICBufferFull", Time since last: 403661998 ns, Reaching safepoint: 141304 ns, At safepoint: 5188 ns, Total: 146492 ns
[2022-09-07T16:10:52.471+0000][7][safepoint   ] Safepoint "Cleanup", Time since last: 1000109632 ns, Reaching safepoint: 183735 ns, At safepoint: 7060 ns, Total: 190795 ns
[2022-09-07T16:10:52.654+0000][7][gc,start    ] GC(2) Pause Young (Concurrent Start) (Metadata GC Threshold)
[2022-09-07T16:10:52.654+0000][7][gc,task     ] GC(2) Using 8 workers of 8 for evacuation
[2022-09-07T16:10:52.654+0000][7][gc,age      ] GC(2) Desired survivor size 109051904 bytes, new threshold 15 (max threshold 15)
[2022-09-07T16:10:52.669+0000][7][gc,phases   ] GC(2)   Pre Evacuate Collection Set: 0.3ms
[2022-09-07T16:10:52.669+0000][7][gc,phases   ] GC(2)   Merge Heap Roots: 0.1ms
[2022-09-07T16:10:52.669+0000][7][gc,phases   ] GC(2)   Evacuate Collection Set: 13.4ms
[2022-09-07T16:10:52.669+0000][7][gc,phases   ] GC(2)   Post Evacuate Collection Set: 1.1ms
[2022-09-07T16:10:52.669+0000][7][gc,phases   ] GC(2)   Other: 0.0ms
[2022-09-07T16:10:52.669+0000][7][gc,age      ] GC(2) Age table with threshold 15 (max threshold 15)
[2022-09-07T16:10:52.669+0000][7][gc,age      ] GC(2) - age   1:   28201976 bytes,   28201976 total
[2022-09-07T16:10:52.669+0000][7][gc,age      ] GC(2) - age   2:   17707688 bytes,   45909664 total
[2022-09-07T16:10:52.669+0000][7][gc,heap     ] GC(2) Eden regions: 33->0(96)
[2022-09-07T16:10:52.669+0000][7][gc,heap     ] GC(2) Survivor regions: 2->3(13)
[2022-09-07T16:10:52.669+0000][7][gc,heap     ] GC(2) Old regions: 0->0
[2022-09-07T16:10:52.669+0000][7][gc,heap     ] GC(2) Archive regions: 2->2
[2022-09-07T16:10:52.669+0000][7][gc,heap     ] GC(2) Humongous regions: 0->0
[2022-09-07T16:10:52.669+0000][7][gc,metaspace] GC(2) Metaspace: 34964K(35968K)->34964K(35968K) NonClass: 30487K(31040K)->30487K(31040K) Class: 4477K(4928K)->4477K(4928K)
[2022-09-07T16:10:52.669+0000][7][gc          ] GC(2) Pause Young (Concurrent Start) (Metadata GC Threshold) 553M->60M(31744M) 15.071ms
[2022-09-07T16:10:52.669+0000][7][gc,cpu      ] GC(2) User=0.11s Sys=0.01s Real=0.01s
[2022-09-07T16:10:52.669+0000][7][gc          ] GC(3) Concurrent Mark Cycle
[2022-09-07T16:10:52.669+0000][7][gc,marking  ] GC(3) Concurrent Clear Claimed Marks
[2022-09-07T16:10:52.669+0000][7][safepoint   ] Safepoint "CollectForMetadataAllocation", Time since last: 183228021 ns, Reaching safepoint: 46385 ns, At safepoint: 15175880 ns, Total: 15222265 ns
[2022-09-07T16:10:52.669+0000][7][gc,marking  ] GC(3) Concurrent Clear Claimed Marks 0.049ms
[2022-09-07T16:10:52.669+0000][7][gc,marking  ] GC(3) Concurrent Scan Root Regions
[2022-09-07T16:10:52.680+0000][7][safepoint   ] Safepoint "CollectForMetadataAllocation", Time since last: 10517880 ns, Reaching safepoint: 42509 ns, At safepoint: 38886 ns, Total: 81395 ns
[2022-09-07T16:10:52.683+0000][7][gc,marking  ] GC(3) Concurrent Scan Root Regions 13.927ms
[2022-09-07T16:10:52.683+0000][7][gc,marking  ] GC(3) Concurrent Mark
[2022-09-07T16:10:52.683+0000][7][gc,marking  ] GC(3) Concurrent Mark From Roots
[2022-09-07T16:10:52.683+0000][7][gc,task     ] GC(3) Using 2 workers of 2 for marking
[2022-09-07T16:10:52.687+0000][7][gc,marking  ] GC(3) Concurrent Mark From Roots 3.267ms
[2022-09-07T16:10:52.687+0000][7][gc,marking  ] GC(3) Concurrent Preclean
[2022-09-07T16:10:52.687+0000][7][gc,marking  ] GC(3) Concurrent Preclean 0.018ms
[2022-09-07T16:10:52.687+0000][7][gc,start    ] GC(3) Pause Remark
[2022-09-07T16:10:52.689+0000][7][gc          ] GC(3) Pause Remark 68M->68M(31744M) 1.820ms
[2022-09-07T16:10:52.689+0000][7][gc,cpu      ] GC(3) User=0.01s Sys=0.00s Real=0.00s
[2022-09-07T16:10:52.689+0000][7][safepoint   ] Safepoint "G1Concurrent", Time since last: 6745440 ns, Reaching safepoint: 110987 ns, At safepoint: 1884374 ns, Total: 1995361 ns
[2022-09-07T16:10:52.689+0000][7][gc,marking  ] GC(3) Concurrent Mark 5.373ms
[2022-09-07T16:10:52.689+0000][7][gc,marking  ] GC(3) Concurrent Rebuild Remembered Sets
[2022-09-07T16:10:52.689+0000][7][gc,marking  ] GC(3) Concurrent Rebuild Remembered Sets 0.010ms
[2022-09-07T16:10:52.692+0000][7][gc,start    ] GC(3) Pause Cleanup
[2022-09-07T16:10:52.692+0000][7][gc          ] GC(3) Pause Cleanup 68M->68M(31744M) 0.023ms
[2022-09-07T16:10:52.692+0000][7][gc,cpu      ] GC(3) User=0.00s Sys=0.00s Real=0.00s
[2022-09-07T16:10:52.692+0000][7][safepoint   ] Safepoint "G1Concurrent", Time since last: 90811 ns, Reaching safepoint: 3175433 ns, At safepoint: 52086 ns, Total: 3227519 ns
[2022-09-07T16:10:52.692+0000][7][gc,marking  ] GC(3) Concurrent Cleanup for Next Mark
[2022-09-07T16:10:52.713+0000][7][gc,marking  ] GC(3) Concurrent Cleanup for Next Mark 20.808ms
[2022-09-07T16:10:52.713+0000][7][gc          ] GC(3) Concurrent Mark Cycle 43.614ms
[2022-09-07T16:10:53.549+0000][7][safepoint   ] Safepoint "ICBufferFull", Time since last: 856580115 ns, Reaching safepoint: 209144 ns, At safepoint: 8387 ns, Total: 217531 ns
[2022-09-07T16:10:54.549+0000][7][safepoint   ] Safepoint "Cleanup", Time since last: 1000136545 ns, Reaching safepoint: 211402 ns, At safepoint: 10496 ns, Total: 221898 ns
[2022-09-07T16:10:55.424+0000][7][safepoint   ] Safepoint "ICBufferFull", Time since last: 874163208 ns, Reaching safepoint: 679137 ns, At safepoint: 17923 ns, Total: 697060 ns
[2022-09-07T16:10:56.129+0000][7][gc,start    ] GC(4) Pause Young (Concurrent Start) (Metadata GC Threshold)
[2022-09-07T16:10:56.129+0000][7][gc,task     ] GC(4) Using 8 workers of 8 for evacuation
[2022-09-07T16:10:56.129+0000][7][gc,age      ] GC(4) Desired survivor size 109051904 bytes, new threshold 15 (max threshold 15)
[2022-09-07T16:10:56.150+0000][7][gc,phases   ] GC(4)   Pre Evacuate Collection Set: 0.3ms
[2022-09-07T16:10:56.150+0000][7][gc,phases   ] GC(4)   Merge Heap Roots: 0.1ms
[2022-09-07T16:10:56.150+0000][7][gc,phases   ] GC(4)   Evacuate Collection Set: 19.1ms
[2022-09-07T16:10:56.150+0000][7][gc,phases   ] GC(4)   Post Evacuate Collection Set: 1.3ms
[2022-09-07T16:10:56.150+0000][7][gc,phases   ] GC(4)   Other: 0.0ms
[2022-09-07T16:10:56.150+0000][7][gc,age      ] GC(4) Age table with threshold 15 (max threshold 15)
[2022-09-07T16:10:56.150+0000][7][gc,age      ] GC(4) - age   1:   10603880 bytes,   10603880 total
[2022-09-07T16:10:56.150+0000][7][gc,age      ] GC(4) - age   2:   27756544 bytes,   38360424 total
[2022-09-07T16:10:56.150+0000][7][gc,age      ] GC(4) - age   3:   17621832 bytes,   55982256 total
[2022-09-07T16:10:56.150+0000][7][gc,heap     ] GC(4) Eden regions: 28->0(95)
[2022-09-07T16:10:56.150+0000][7][gc,heap     ] GC(4) Survivor regions: 3->4(13)
[2022-09-07T16:10:56.150+0000][7][gc,heap     ] GC(4) Old regions: 0->0
[2022-09-07T16:10:56.150+0000][7][gc,heap     ] GC(4) Archive regions: 2->2
[2022-09-07T16:10:56.150+0000][7][gc,heap     ] GC(4) Humongous regions: 0->0
[2022-09-07T16:10:56.150+0000][7][gc,metaspace] GC(4) Metaspace: 59463K(60800K)->59463K(60800K) NonClass: 51660K(52416K)->51660K(52416K) Class: 7803K(8384K)->7803K(8384K)
[2022-09-07T16:10:56.150+0000][7][gc          ] GC(4) Pause Young (Concurrent Start) (Metadata GC Threshold) 500M->72M(31744M) 21.038ms
[2022-09-07T16:10:56.150+0000][7][gc,cpu      ] GC(4) User=0.15s Sys=0.01s Real=0.03s
[2022-09-07T16:10:56.150+0000][7][gc          ] GC(5) Concurrent Mark Cycle
[2022-09-07T16:10:56.150+0000][7][gc,marking  ] GC(5) Concurrent Clear Claimed Marks
[2022-09-07T16:10:56.150+0000][7][safepoint   ] Safepoint "CollectForMetadataAllocation", Time since last: 704531781 ns, Reaching safepoint: 143154 ns, At safepoint: 21147718 ns, Total: 21290872 ns
[2022-09-07T16:10:56.150+0000][7][gc,marking  ] GC(5) Concurrent Clear Claimed Marks 0.056ms
[2022-09-07T16:10:56.150+0000][7][gc,marking  ] GC(5) Concurrent Scan Root Regions
[2022-09-07T16:10:56.166+0000][7][gc,marking  ] GC(5) Concurrent Scan Root Regions 16.210ms
[2022-09-07T16:10:56.166+0000][7][gc,marking  ] GC(5) Concurrent Mark
[2022-09-07T16:10:56.166+0000][7][gc,marking  ] GC(5) Concurrent Mark From Roots
[2022-09-07T16:10:56.166+0000][7][gc,task     ] GC(5) Using 2 workers of 2 for marking
[2022-09-07T16:10:56.170+0000][7][gc,marking  ] GC(5) Concurrent Mark From Roots 3.512ms
[2022-09-07T16:10:56.170+0000][7][gc,marking  ] GC(5) Concurrent Preclean
[2022-09-07T16:10:56.170+0000][7][gc,marking  ] GC(5) Concurrent Preclean 0.014ms
[2022-09-07T16:10:56.170+0000][7][gc,start    ] GC(5) Pause Remark
[2022-09-07T16:10:56.172+0000][7][gc          ] GC(5) Pause Remark 80M->80M(31744M) 2.369ms
[2022-09-07T16:10:56.172+0000][7][gc,cpu      ] GC(5) User=0.01s Sys=0.00s Real=0.00s
[2022-09-07T16:10:56.172+0000][7][safepoint   ] Safepoint "G1Concurrent", Time since last: 19885820 ns, Reaching safepoint: 107448 ns, At safepoint: 2431197 ns, Total: 2538645 ns
[2022-09-07T16:10:56.172+0000][7][gc,marking  ] GC(5) Concurrent Mark 6.187ms
[2022-09-07T16:10:56.172+0000][7][gc,marking  ] GC(5) Concurrent Rebuild Remembered Sets
[2022-09-07T16:10:56.172+0000][7][gc,marking  ] GC(5) Concurrent Rebuild Remembered Sets 0.010ms
[2022-09-07T16:10:56.173+0000][7][gc,start    ] GC(5) Pause Cleanup
[2022-09-07T16:10:56.173+0000][7][gc          ] GC(5) Pause Cleanup 80M->80M(31744M) 0.016ms
[2022-09-07T16:10:56.173+0000][7][gc,cpu      ] GC(5) User=0.00s Sys=0.00s Real=0.00s
[2022-09-07T16:10:56.173+0000][7][safepoint   ] Safepoint "G1Concurrent", Time since last: 96838 ns, Reaching safepoint: 432858 ns, At safepoint: 43166 ns, Total: 476024 ns
[2022-09-07T16:10:56.173+0000][7][gc,marking  ] GC(5) Concurrent Cleanup for Next Mark
[2022-09-07T16:10:56.194+0000][7][gc,marking  ] GC(5) Concurrent Cleanup for Next Mark 20.684ms
[2022-09-07T16:10:56.194+0000][7][gc          ] GC(5) Concurrent Mark Cycle 43.851ms
[2022-09-07T16:10:57.195+0000][7][safepoint   ] Safepoint "ICBufferFull", Time since last: 1021521192 ns, Reaching safepoint: 286647 ns, At safepoint: 8669 ns, Total: 295316 ns
[2022-09-07T16:10:57.686+0000][7][safepoint   ] Safepoint "ICBufferFull", Time since last: 491156917 ns, Reaching safepoint: 182013 ns, At safepoint: 8824 ns, Total: 190837 ns
[2022-09-07T16:10:58.341+0000][7][safepoint   ] Safepoint "ICBufferFull", Time since last: 654970932 ns, Reaching safepoint: 323893 ns, At safepoint: 8507 ns, Total: 332400 ns
[2022-09-07T16:10:59.342+0000][7][safepoint   ] Safepoint "Cleanup", Time since last: 1000255168 ns, Reaching safepoint: 212148 ns, At safepoint: 9388 ns, Total: 221536 ns
[2022-09-07T16:10:59.897+0000][7][safepoint   ] Safepoint "ICBufferFull", Time since last: 554834154 ns, Reaching safepoint: 220513 ns, At safepoint: 16917 ns, Total: 237430 ns
[2022-09-07T16:10:59.914+0000][7][gc,start    ] GC(6) Pause Young (Concurrent Start) (Metadata GC Threshold)
[2022-09-07T16:10:59.914+0000][7][gc,task     ] GC(6) Using 8 workers of 8 for evacuation
[2022-09-07T16:10:59.914+0000][7][gc,age      ] GC(6) Desired survivor size 109051904 bytes, new threshold 15 (max threshold 15)
[2022-09-07T16:10:59.941+0000][7][gc,phases   ] GC(6)   Pre Evacuate Collection Set: 0.4ms
[2022-09-07T16:10:59.941+0000][7][gc,phases   ] GC(6)   Merge Heap Roots: 0.1ms
[2022-09-07T16:10:59.941+0000][7][gc,phases   ] GC(6)   Evacuate Collection Set: 24.4ms
[2022-09-07T16:10:59.941+0000][7][gc,phases   ] GC(6)   Post Evacuate Collection Set: 1.8ms
[2022-09-07T16:10:59.941+0000][7][gc,phases   ] GC(6)   Other: 0.0ms
[2022-09-07T16:10:59.941+0000][7][gc,age      ] GC(6) Age table with threshold 15 (max threshold 15)
[2022-09-07T16:10:59.941+0000][7][gc,age      ] GC(6) - age   1:   18005920 bytes,   18005920 total
[2022-09-07T16:10:59.941+0000][7][gc,age      ] GC(6) - age   2:    9872472 bytes,   27878392 total
[2022-09-07T16:10:59.941+0000][7][gc,age      ] GC(6) - age   3:   27651832 bytes,   55530224 total
[2022-09-07T16:10:59.941+0000][7][gc,age      ] GC(6) - age   4:   17521328 bytes,   73051552 total
[2022-09-07T16:10:59.941+0000][7][gc,heap     ] GC(6) Eden regions: 27->0(94)
[2022-09-07T16:10:59.941+0000][7][gc,heap     ] GC(6) Survivor regions: 4->5(13)
[2022-09-07T16:10:59.941+0000][7][gc,heap     ] GC(6) Old regions: 0->0
[2022-09-07T16:10:59.941+0000][7][gc,heap     ] GC(6) Archive regions: 2->2
[2022-09-07T16:10:59.941+0000][7][gc,heap     ] GC(6) Humongous regions: 0->0
[2022-09-07T16:10:59.941+0000][7][gc,metaspace] GC(6) Metaspace: 98905K(101568K)->98905K(101568K) NonClass: 85216K(86592K)->85216K(86592K) Class: 13688K(14976K)->13688K(14976K)
[2022-09-07T16:10:59.941+0000][7][gc          ] GC(6) Pause Young (Concurrent Start) (Metadata GC Threshold) 504M->90M(31744M) 26.849ms
[2022-09-07T16:10:59.941+0000][7][gc          ] GC(7) Concurrent Mark Cycle
[2022-09-07T16:10:59.941+0000][7][gc,cpu      ] GC(6) User=0.20s Sys=0.00s Real=0.02s
[2022-09-07T16:10:59.941+0000][7][gc,marking  ] GC(7) Concurrent Clear Claimed Marks
[2022-09-07T16:10:59.941+0000][7][safepoint   ] Safepoint "CollectForMetadataAllocation", Time since last: 17354168 ns, Reaching safepoint: 140677 ns, At safepoint: 26998101 ns, Total: 27138778 ns
[2022-09-07T16:10:59.941+0000][7][gc,marking  ] GC(7) Concurrent Clear Claimed Marks 0.189ms
[2022-09-07T16:10:59.941+0000][7][gc,marking  ] GC(7) Concurrent Scan Root Regions
[2022-09-07T16:10:59.968+0000][7][gc,marking  ] GC(7) Concurrent Scan Root Regions 26.199ms
[2022-09-07T16:10:59.968+0000][7][gc,marking  ] GC(7) Concurrent Mark
[2022-09-07T16:10:59.968+0000][7][gc,marking  ] GC(7) Concurrent Mark From Roots
[2022-09-07T16:10:59.968+0000][7][gc,task     ] GC(7) Using 2 workers of 2 for marking
[2022-09-07T16:10:59.972+0000][7][gc,marking  ] GC(7) Concurrent Mark From Roots 4.088ms
[2022-09-07T16:10:59.972+0000][7][gc,marking  ] GC(7) Concurrent Preclean
[2022-09-07T16:10:59.972+0000][7][gc,marking  ] GC(7) Concurrent Preclean 0.012ms
[2022-09-07T16:10:59.972+0000][7][gc,start    ] GC(7) Pause Remark
[2022-09-07T16:10:59.975+0000][7][gc          ] GC(7) Pause Remark 106M->106M(31744M) 2.815ms
[2022-09-07T16:10:59.975+0000][7][gc,cpu      ] GC(7) User=0.02s Sys=0.00s Real=0.00s
[2022-09-07T16:10:59.975+0000][7][safepoint   ] Safepoint "G1Concurrent", Time since last: 30534703 ns, Reaching safepoint: 50112 ns, At safepoint: 2898274 ns, Total: 2948386 ns
[2022-09-07T16:10:59.975+0000][7][gc,marking  ] GC(7) Concurrent Mark 7.153ms
[2022-09-07T16:10:59.975+0000][7][gc,marking  ] GC(7) Concurrent Rebuild Remembered Sets
[2022-09-07T16:10:59.975+0000][7][gc,marking  ] GC(7) Concurrent Rebuild Remembered Sets 0.010ms
[2022-09-07T16:10:59.975+0000][7][gc,start    ] GC(7) Pause Cleanup
[2022-09-07T16:10:59.975+0000][7][gc          ] GC(7) Pause Cleanup 106M->106M(31744M) 0.018ms
[2022-09-07T16:10:59.975+0000][7][gc,cpu      ] GC(7) User=0.00s Sys=0.00s Real=0.00s
[2022-09-07T16:10:59.975+0000][7][safepoint   ] Safepoint "G1Concurrent", Time since last: 94321 ns, Reaching safepoint: 106072 ns, At safepoint: 57972 ns, Total: 164044 ns
[2022-09-07T16:10:59.975+0000][7][gc,marking  ] GC(7) Concurrent Cleanup for Next Mark
[2022-09-07T16:10:59.995+0000][7][gc,marking  ] GC(7) Concurrent Cleanup for Next Mark 19.435ms
[2022-09-07T16:10:59.995+0000][7][gc          ] GC(7) Concurrent Mark Cycle 53.350ms
[2022-09-07T16:11:00.782+0000][7][safepoint   ] Safepoint "ICBufferFull", Time since last: 806376513 ns, Reaching safepoint: 166810 ns, At safepoint: 5954 ns, Total: 172764 ns
[2022-09-07T16:11:01.618+0000][7][safepoint   ] Safepoint "ICBufferFull", Time since last: 836136193 ns, Reaching safepoint: 191252 ns, At safepoint: 7918 ns, Total: 199170 ns
[2022-09-07T16:11:02.249+0000][7][safepoint   ] Safepoint "ICBufferFull", Time since last: 631193284 ns, Reaching safepoint: 194104 ns, At safepoint: 10324 ns, Total: 204428 ns
[2022-09-07T16:11:03.515+0000][7][safepoint   ] Safepoint "Cleanup", Time since last: 1265819174 ns, Reaching safepoint: 232442 ns, At safepoint: 16227 ns, Total: 248669 ns
[2022-09-07T16:11:05.516+0000][7][safepoint   ] Safepoint "Cleanup", Time since last: 2000326309 ns, Reaching safepoint: 116505 ns, At safepoint: 15227 ns, Total: 131732 ns
[2022-09-07T16:11:08.516+0000][7][safepoint   ] Safepoint "Cleanup", Time since last: 3000468140 ns, Reaching safepoint: 112934 ns, At safepoint: 13617 ns, Total: 126551 ns
[2022-09-07T16:11:09.517+0000][7][safepoint   ] Safepoint "Cleanup", Time since last: 1000199953 ns, Reaching safepoint: 121425 ns, At safepoint: 14240 ns, Total: 135665 ns
[2022-09-07T16:11:12.517+0000][7][safepoint   ] Safepoint "Cleanup", Time since last: 3000421566 ns, Reaching safepoint: 197742 ns, At safepoint: 18130 ns, Total: 215872 ns
[2022-09-07T16:11:18.518+0000][7][safepoint   ] Safepoint "Cleanup", Time since last: 6000799834 ns, Reaching safepoint: 141226 ns, At safepoint: 14240 ns, Total: 155466 ns
[2022-09-07T16:11:20.519+0000][7][safepoint   ] Safepoint "Cleanup", Time since last: 2000300163 ns, Reaching safepoint: 119395 ns, At safepoint: 14526 ns, Total: 133921 ns
[2022-09-07T16:11:21.519+0000][7][safepoint   ] Safepoint "Cleanup", Time since last: 1000189398 ns, Reaching safepoint: 122178 ns, At safepoint: 13144 ns, Total: 135322 ns
[2022-09-07T16:11:23.520+0000][7][safepoint   ] Safepoint "Cleanup", Time since last: 2000302162 ns, Reaching safepoint: 117414 ns, At safepoint: 15233 ns, Total: 132647 ns
[2022-09-07T16:11:25.520+0000][7][safepoint   ] Safepoint "Cleanup", Time since last: 2000303431 ns, Reaching safepoint: 119765 ns, At safepoint: 14410 ns, Total: 134175 ns
[2022-09-07T16:11:28.521+0000][7][safepoint   ] Safepoint "Cleanup", Time since last: 3000414059 ns, Reaching safepoint: 123961 ns, At safepoint: 13623 ns, Total: 137584 ns
[2022-09-07T16:11:29.521+0000][7][safepoint   ] Safepoint "Cleanup", Time since last: 1000189456 ns, Reaching safepoint: 131555 ns, At safepoint: 13487 ns, Total: 145042 ns
[2022-09-07T16:11:30.521+0000][7][safepoint   ] Safepoint "Cleanup", Time since last: 1000227894 ns, Reaching safepoint: 122082 ns, At safepoint: 14863 ns, Total: 136945 ns
[2022-09-07T16:11:35.522+0000][7][safepoint   ] Safepoint "Cleanup", Time since last: 5000668994 ns, Reaching safepoint: 133202 ns, At safepoint: 15053 ns, Total: 148255 ns
[2022-09-07T16:11:41.523+0000][7][safepoint   ] Safepoint "Cleanup", Time since last: 6000791702 ns, Reaching safepoint: 130968 ns, At safepoint: 13607 ns, Total: 144575 ns
[2022-09-07T16:11:44.524+0000][7][safepoint   ] Safepoint "Cleanup", Time since last: 3000426957 ns, Reaching safepoint: 138788 ns, At safepoint: 19767 ns, Total: 158555 ns
[2022-09-07T16:11:45.524+0000][7][safepoint   ] Safepoint "Cleanup", Time since last: 1000181020 ns, Reaching safepoint: 124114 ns, At safepoint: 12740 ns, Total: 136854 ns
[2022-09-07T16:11:51.525+0000][7][safepoint   ] Safepoint "Cleanup", Time since last: 6000805195 ns, Reaching safepoint: 122711 ns, At safepoint: 14483 ns, Total: 137194 ns
[2022-09-07T16:11:52.525+0000][7][safepoint   ] Safepoint "Cleanup", Time since last: 1000189457 ns, Reaching safepoint: 109367 ns, At safepoint: 14070 ns, Total: 123437 ns
[2022-09-07T16:11:56.526+0000][7][safepoint   ] Safepoint "Cleanup", Time since last: 4000533102 ns, Reaching safepoint: 140258 ns, At safepoint: 13964 ns, Total: 154222 ns
[2022-09-07T16:11:58.526+0000][7][safepoint   ] Safepoint "Cleanup", Time since last: 2000315329 ns, Reaching safepoint: 119318 ns, At safepoint: 14880 ns, Total: 134198 ns
[2022-09-07T16:12:00.527+0000][7][safepoint   ] Safepoint "Cleanup", Time since last: 2000313164 ns, Reaching safepoint: 118441 ns, At safepoint: 14050 ns, Total: 132491 ns
[2022-09-07T16:12:01.527+0000][7][safepoint   ] Safepoint "Cleanup", Time since last: 1000197067 ns, Reaching safepoint: 124249 ns, At safepoint: 6274 ns, Total: 130523 ns
[2022-09-07T16:12:02.527+0000][7][safepoint   ] Safepoint "Cleanup", Time since last: 1000184867 ns, Reaching safepoint: 94034 ns, At safepoint: 10737 ns, Total: 104771 ns
[2022-09-07T16:12:03.528+0000][7][safepoint   ] Safepoint "Cleanup", Time since last: 1000175966 ns, Reaching safepoint: 200345 ns, At safepoint: 18983 ns, Total: 219328 ns
[2022-09-07T16:12:03.874+0000][7][gc,heap,exit] Heap
[2022-09-07T16:12:03.874+0000][7][gc,heap,exit]  garbage-first heap   total 32505856K, used 526342K [0x0000001001000000, 0x00000017c1000000)
[2022-09-07T16:12:03.874+0000][7][gc,heap,exit]   region size 16384K, 32 young (524288K), 5 survivors (81920K)
[2022-09-07T16:12:03.874+0000][7][gc,heap,exit]  Metaspace       used 107145K, committed 110016K, reserved 1179648K
[2022-09-07T16:12:03.874+0000][7][gc,heap,exit]   class space    used 14837K, committed 16192K, reserved 1048576K
