[2022-09-07T17:01:27.979+0000][176][gc,init] CardTable entry size: 512
[2022-09-07T17:01:27.979+0000][176][gc     ] Using G1
[2022-09-07T17:01:28.004+0000][176][gc,init] Version: 18.0.2+9-61 (release)
[2022-09-07T17:01:28.004+0000][176][gc,init] CPUs: 8 total, 8 available
[2022-09-07T17:01:28.004+0000][176][gc,init] Memory: 64312M
[2022-09-07T17:01:28.004+0000][176][gc,init] Large Page Support: Disabled
[2022-09-07T17:01:28.004+0000][176][gc,init] NUMA Support: Disabled
[2022-09-07T17:01:28.004+0000][176][gc,init] Compressed Oops: Enabled (Non-zero disjoint base)
[2022-09-07T17:01:28.004+0000][176][gc,init] Heap Region Size: 16M
[2022-09-07T17:01:28.004+0000][176][gc,init] Heap Min Capacity: 31G
[2022-09-07T17:01:28.004+0000][176][gc,init] Heap Initial Capacity: 31G
[2022-09-07T17:01:28.004+0000][176][gc,init] Heap Max Capacity: 31G
[2022-09-07T17:01:28.004+0000][176][gc,init] Pre-touch: Disabled
[2022-09-07T17:01:28.004+0000][176][gc,init] Parallel Workers: 8
[2022-09-07T17:01:28.004+0000][176][gc,init] Concurrent Workers: 2
[2022-09-07T17:01:28.004+0000][176][gc,init] Concurrent Refinement Workers: 8
[2022-09-07T17:01:28.004+0000][176][gc,init] Periodic GC: Disabled
[2022-09-07T17:01:28.004+0000][176][gc,metaspace] CDS archive(s) not mapped
[2022-09-07T17:01:28.004+0000][176][gc,metaspace] Compressed class space mapped at: 0x0000000080000000-0x00000000c0000000, reserved size: 1073741824
[2022-09-07T17:01:28.004+0000][176][gc,metaspace] Narrow klass base: 0x0000000000000000, Narrow klass shift: 0, Narrow klass range: 0xc0000000
[2022-09-07T17:01:28.099+0000][176][gc,heap,exit] Heap
[2022-09-07T17:01:28.099+0000][176][gc,heap,exit]  garbage-first heap   total 32505856K, used 24578K [0x0000001001000000, 0x00000017c1000000)
[2022-09-07T17:01:28.099+0000][176][gc,heap,exit]   region size 16384K, 2 young (32768K), 0 survivors (0K)
[2022-09-07T17:01:28.099+0000][176][gc,heap,exit]  Metaspace       used 3528K, committed 3584K, reserved 1114112K
[2022-09-07T17:01:28.099+0000][176][gc,heap,exit]   class space    used 271K, committed 320K, reserved 1048576K
