[2022-09-08T09:46:12.560+0000][7][gc,init] CardTable entry size: 512
[2022-09-08T09:46:12.560+0000][7][gc     ] Using G1
[2022-09-08T09:46:13.747+0000][7][gc,init] Version: 18.0.2+9-61 (release)
[2022-09-08T09:46:13.747+0000][7][gc,init] CPUs: 8 total, 8 available
[2022-09-08T09:46:13.747+0000][7][gc,init] Memory: 64312M
[2022-09-08T09:46:13.747+0000][7][gc,init] Large Page Support: Disabled
[2022-09-08T09:46:13.747+0000][7][gc,init] NUMA Support: Disabled
[2022-09-08T09:46:13.747+0000][7][gc,init] Compressed Oops: Enabled (Non-zero disjoint base)
[2022-09-08T09:46:13.747+0000][7][gc,init] Heap Region Size: 16M
[2022-09-08T09:46:13.747+0000][7][gc,init] Heap Min Capacity: 31G
[2022-09-08T09:46:13.747+0000][7][gc,init] Heap Initial Capacity: 31G
[2022-09-08T09:46:13.747+0000][7][gc,init] Heap Max Capacity: 31G
[2022-09-08T09:46:13.747+0000][7][gc,init] Pre-touch: Enabled
[2022-09-08T09:46:13.747+0000][7][gc,init] Parallel Workers: 8
[2022-09-08T09:46:13.747+0000][7][gc,init] Concurrent Workers: 2
[2022-09-08T09:46:13.747+0000][7][gc,init] Concurrent Refinement Workers: 8
[2022-09-08T09:46:13.747+0000][7][gc,init] Periodic GC: Disabled
[2022-09-08T09:46:13.747+0000][7][gc,metaspace] CDS archive(s) mapped at: [0x0000000800000000-0x0000000800bae000-0x0000000800bae000), size 12247040, SharedBaseAddress: 0x0000000800000000, ArchiveRelocationMode: 0.
[2022-09-08T09:46:13.747+0000][7][gc,metaspace] Compressed class space mapped at: 0x0000000800c00000-0x0000000840c00000, reserved size: 1073741824
[2022-09-08T09:46:13.747+0000][7][gc,metaspace] Narrow klass base: 0x0000000800000000, Narrow klass shift: 0, Narrow klass range: 0x100000000
[2022-09-08T09:46:14.172+0000][7][safepoint   ] Safepoint "ICBufferFull", Time since last: 417973519 ns, Reaching safepoint: 158941 ns, At safepoint: 7161 ns, Total: 166102 ns
[2022-09-08T09:46:14.568+0000][7][safepoint   ] Safepoint "ICBufferFull", Time since last: 396046307 ns, Reaching safepoint: 88168 ns, At safepoint: 8097 ns, Total: 96265 ns
[2022-09-08T09:46:14.943+0000][7][safepoint   ] Safepoint "ICBufferFull", Time since last: 374223868 ns, Reaching safepoint: 110347 ns, At safepoint: 5534 ns, Total: 115881 ns
[2022-09-08T09:46:15.287+0000][7][safepoint   ] Safepoint "ICBufferFull", Time since last: 344636389 ns, Reaching safepoint: 219133 ns, At safepoint: 7267 ns, Total: 226400 ns
[2022-09-08T09:46:16.188+0000][7][safepoint   ] Safepoint "ICBufferFull", Time since last: 900220026 ns, Reaching safepoint: 109142 ns, At safepoint: 5900 ns, Total: 115042 ns
[2022-09-08T09:46:16.494+0000][7][gc,start    ] GC(0) Pause Young (Concurrent Start) (Metadata GC Threshold)
[2022-09-08T09:46:16.494+0000][7][gc,task     ] GC(0) Using 8 workers of 8 for evacuation
[2022-09-08T09:46:16.494+0000][7][gc,age      ] GC(0) Desired survivor size 109051904 bytes, new threshold 15 (max threshold 15)
[2022-09-08T09:46:16.500+0000][7][gc,phases   ] GC(0)   Pre Evacuate Collection Set: 0.3ms
[2022-09-08T09:46:16.500+0000][7][gc,phases   ] GC(0)   Merge Heap Roots: 0.2ms
[2022-09-08T09:46:16.500+0000][7][gc,phases   ] GC(0)   Evacuate Collection Set: 4.9ms
[2022-09-08T09:46:16.500+0000][7][gc,phases   ] GC(0)   Post Evacuate Collection Set: 0.8ms
[2022-09-08T09:46:16.500+0000][7][gc,phases   ] GC(0)   Other: 0.0ms
[2022-09-08T09:46:16.500+0000][7][gc,age      ] GC(0) Age table with threshold 15 (max threshold 15)
[2022-09-08T09:46:16.500+0000][7][gc,age      ] GC(0) - age   1:   18186472 bytes,   18186472 total
[2022-09-08T09:46:16.500+0000][7][gc,heap     ] GC(0) Eden regions: 74->0(97)
[2022-09-08T09:46:16.500+0000][7][gc,heap     ] GC(0) Survivor regions: 0->2(13)
[2022-09-08T09:46:16.500+0000][7][gc,heap     ] GC(0) Old regions: 0->0
[2022-09-08T09:46:16.500+0000][7][gc,heap     ] GC(0) Archive regions: 2->2
[2022-09-08T09:46:16.500+0000][7][gc,heap     ] GC(0) Humongous regions: 0->0
[2022-09-08T09:46:16.500+0000][7][gc,metaspace] GC(0) Metaspace: 20969K(21504K)->20969K(21504K) NonClass: 18465K(18816K)->18465K(18816K) Class: 2504K(2688K)->2504K(2688K)
[2022-09-08T09:46:16.500+0000][7][gc          ] GC(0) Pause Young (Concurrent Start) (Metadata GC Threshold) 1191M->33M(31744M) 6.443ms
[2022-09-08T09:46:16.501+0000][7][gc,cpu      ] GC(0) User=0.04s Sys=0.00s Real=0.00s
[2022-09-08T09:46:16.501+0000][7][gc          ] GC(1) Concurrent Mark Cycle
[2022-09-08T09:46:16.501+0000][7][gc,marking  ] GC(1) Concurrent Clear Claimed Marks
[2022-09-08T09:46:16.501+0000][7][safepoint   ] Safepoint "CollectForMetadataAllocation", Time since last: 306209718 ns, Reaching safepoint: 46908 ns, At safepoint: 6550429 ns, Total: 6597337 ns
[2022-09-08T09:46:16.501+0000][7][gc,marking  ] GC(1) Concurrent Clear Claimed Marks 0.028ms
[2022-09-08T09:46:16.501+0000][7][gc,marking  ] GC(1) Concurrent Scan Root Regions
[2022-09-08T09:46:16.506+0000][7][gc,marking  ] GC(1) Concurrent Scan Root Regions 5.044ms
[2022-09-08T09:46:16.506+0000][7][gc,marking  ] GC(1) Concurrent Mark
[2022-09-08T09:46:16.506+0000][7][gc,marking  ] GC(1) Concurrent Mark From Roots
[2022-09-08T09:46:16.506+0000][7][gc,task     ] GC(1) Using 2 workers of 2 for marking
[2022-09-08T09:46:16.509+0000][7][gc,marking  ] GC(1) Concurrent Mark From Roots 3.635ms
[2022-09-08T09:46:16.509+0000][7][gc,marking  ] GC(1) Concurrent Preclean
[2022-09-08T09:46:16.509+0000][7][gc,marking  ] GC(1) Concurrent Preclean 0.013ms
[2022-09-08T09:46:16.510+0000][7][gc,start    ] GC(1) Pause Remark
[2022-09-08T09:46:16.511+0000][7][gc          ] GC(1) Pause Remark 45M->45M(31744M) 1.871ms
[2022-09-08T09:46:16.511+0000][7][gc,cpu      ] GC(1) User=0.00s Sys=0.01s Real=0.00s
[2022-09-08T09:46:16.511+0000][7][safepoint   ] Safepoint "G1Concurrent", Time since last: 8868203 ns, Reaching safepoint: 110152 ns, At safepoint: 1916381 ns, Total: 2026533 ns
[2022-09-08T09:46:16.512+0000][7][gc,marking  ] GC(1) Concurrent Mark 5.795ms
[2022-09-08T09:46:16.512+0000][7][gc,marking  ] GC(1) Concurrent Rebuild Remembered Sets
[2022-09-08T09:46:16.512+0000][7][gc,marking  ] GC(1) Concurrent Rebuild Remembered Sets 0.010ms
[2022-09-08T09:46:16.512+0000][7][gc,start    ] GC(1) Pause Cleanup
[2022-09-08T09:46:16.512+0000][7][gc          ] GC(1) Pause Cleanup 45M->45M(31744M) 0.010ms
[2022-09-08T09:46:16.512+0000][7][gc,cpu      ] GC(1) User=0.00s Sys=0.00s Real=0.00s
[2022-09-08T09:46:16.512+0000][7][safepoint   ] Safepoint "G1Concurrent", Time since last: 69905 ns, Reaching safepoint: 104096 ns, At safepoint: 32043 ns, Total: 136139 ns
[2022-09-08T09:46:16.512+0000][7][gc,marking  ] GC(1) Concurrent Cleanup for Next Mark
[2022-09-08T09:46:16.532+0000][7][gc,marking  ] GC(1) Concurrent Cleanup for Next Mark 20.165ms
[2022-09-08T09:46:16.532+0000][7][gc          ] GC(1) Concurrent Mark Cycle 31.399ms
[2022-09-08T09:46:17.004+0000][7][safepoint   ] Safepoint "ICBufferFull", Time since last: 492550622 ns, Reaching safepoint: 171914 ns, At safepoint: 4265 ns, Total: 176179 ns
[2022-09-08T09:46:17.572+0000][7][safepoint   ] Safepoint "ICBufferFull", Time since last: 567068344 ns, Reaching safepoint: 123143 ns, At safepoint: 7885 ns, Total: 131028 ns
[2022-09-08T09:46:18.409+0000][7][gc,start    ] GC(2) Pause Young (Concurrent Start) (Metadata GC Threshold)
[2022-09-08T09:46:18.409+0000][7][gc,task     ] GC(2) Using 8 workers of 8 for evacuation
[2022-09-08T09:46:18.409+0000][7][gc,age      ] GC(2) Desired survivor size 109051904 bytes, new threshold 15 (max threshold 15)
[2022-09-08T09:46:18.426+0000][7][gc,phases   ] GC(2)   Pre Evacuate Collection Set: 0.3ms
[2022-09-08T09:46:18.426+0000][7][gc,phases   ] GC(2)   Merge Heap Roots: 0.1ms
[2022-09-08T09:46:18.426+0000][7][gc,phases   ] GC(2)   Evacuate Collection Set: 15.6ms
[2022-09-08T09:46:18.426+0000][7][gc,phases   ] GC(2)   Post Evacuate Collection Set: 1.1ms
[2022-09-08T09:46:18.426+0000][7][gc,phases   ] GC(2)   Other: 0.0ms
[2022-09-08T09:46:18.426+0000][7][gc,age      ] GC(2) Age table with threshold 15 (max threshold 15)
[2022-09-08T09:46:18.426+0000][7][gc,age      ] GC(2) - age   1:   27935064 bytes,   27935064 total
[2022-09-08T09:46:18.426+0000][7][gc,age      ] GC(2) - age   2:   17839824 bytes,   45774888 total
[2022-09-08T09:46:18.426+0000][7][gc,heap     ] GC(2) Eden regions: 29->0(96)
[2022-09-08T09:46:18.426+0000][7][gc,heap     ] GC(2) Survivor regions: 2->3(13)
[2022-09-08T09:46:18.426+0000][7][gc,heap     ] GC(2) Old regions: 0->0
[2022-09-08T09:46:18.426+0000][7][gc,heap     ] GC(2) Archive regions: 2->2
[2022-09-08T09:46:18.426+0000][7][gc,heap     ] GC(2) Humongous regions: 0->0
[2022-09-08T09:46:18.426+0000][7][gc,metaspace] GC(2) Metaspace: 34975K(35968K)->34975K(35968K) NonClass: 30497K(31104K)->30497K(31104K) Class: 4477K(4864K)->4477K(4864K)
[2022-09-08T09:46:18.426+0000][7][gc          ] GC(2) Pause Young (Concurrent Start) (Metadata GC Threshold) 489M->60M(31744M) 17.390ms
[2022-09-08T09:46:18.426+0000][7][gc,cpu      ] GC(2) User=0.12s Sys=0.01s Real=0.02s
[2022-09-08T09:46:18.426+0000][7][gc          ] GC(3) Concurrent Mark Cycle
[2022-09-08T09:46:18.426+0000][7][gc,marking  ] GC(3) Concurrent Clear Claimed Marks
[2022-09-08T09:46:18.427+0000][7][safepoint   ] Safepoint "CollectForMetadataAllocation", Time since last: 837277887 ns, Reaching safepoint: 125122 ns, At safepoint: 17499292 ns, Total: 17624414 ns
[2022-09-08T09:46:18.427+0000][7][gc,marking  ] GC(3) Concurrent Clear Claimed Marks 0.051ms
[2022-09-08T09:46:18.427+0000][7][gc,marking  ] GC(3) Concurrent Scan Root Regions
[2022-09-08T09:46:18.440+0000][7][gc,marking  ] GC(3) Concurrent Scan Root Regions 13.420ms
[2022-09-08T09:46:18.440+0000][7][gc,marking  ] GC(3) Concurrent Mark
[2022-09-08T09:46:18.440+0000][7][gc,marking  ] GC(3) Concurrent Mark From Roots
[2022-09-08T09:46:18.440+0000][7][gc,task     ] GC(3) Using 2 workers of 2 for marking
[2022-09-08T09:46:18.442+0000][7][safepoint   ] Safepoint "CollectForMetadataAllocation", Time since last: 15584883 ns, Reaching safepoint: 107185 ns, At safepoint: 63613 ns, Total: 170798 ns
[2022-09-08T09:46:18.443+0000][7][gc,marking  ] GC(3) Concurrent Mark From Roots 3.139ms
[2022-09-08T09:46:18.443+0000][7][gc,marking  ] GC(3) Concurrent Preclean
[2022-09-08T09:46:18.443+0000][7][gc,marking  ] GC(3) Concurrent Preclean 0.013ms
[2022-09-08T09:46:18.443+0000][7][gc,start    ] GC(3) Pause Remark
[2022-09-08T09:46:18.445+0000][7][gc          ] GC(3) Pause Remark 68M->68M(31744M) 1.859ms
[2022-09-08T09:46:18.445+0000][7][gc,cpu      ] GC(3) User=0.00s Sys=0.00s Real=0.00s
[2022-09-08T09:46:18.445+0000][7][safepoint   ] Safepoint "G1Concurrent", Time since last: 959754 ns, Reaching safepoint: 104560 ns, At safepoint: 1901818 ns, Total: 2006378 ns
[2022-09-08T09:46:18.445+0000][7][gc,marking  ] GC(3) Concurrent Mark 5.243ms
[2022-09-08T09:46:18.445+0000][7][gc,marking  ] GC(3) Concurrent Rebuild Remembered Sets
[2022-09-08T09:46:18.445+0000][7][gc,marking  ] GC(3) Concurrent Rebuild Remembered Sets 0.005ms
[2022-09-08T09:46:18.448+0000][7][gc,start    ] GC(3) Pause Cleanup
[2022-09-08T09:46:18.448+0000][7][gc          ] GC(3) Pause Cleanup 68M->68M(31744M) 0.013ms
[2022-09-08T09:46:18.448+0000][7][gc,cpu      ] GC(3) User=0.00s Sys=0.00s Real=0.00s
[2022-09-08T09:46:18.448+0000][7][safepoint   ] Safepoint "G1Concurrent", Time since last: 52695 ns, Reaching safepoint: 3166529 ns, At safepoint: 37340 ns, Total: 3203869 ns
[2022-09-08T09:46:18.449+0000][7][gc,marking  ] GC(3) Concurrent Cleanup for Next Mark
[2022-09-08T09:46:18.469+0000][7][gc,marking  ] GC(3) Concurrent Cleanup for Next Mark 20.663ms
[2022-09-08T09:46:18.469+0000][7][gc          ] GC(3) Concurrent Mark Cycle 42.789ms
[2022-09-08T09:46:19.280+0000][7][safepoint   ] Safepoint "ICBufferFull", Time since last: 831292205 ns, Reaching safepoint: 146843 ns, At safepoint: 7214 ns, Total: 154057 ns
[2022-09-08T09:46:19.996+0000][7][safepoint   ] Safepoint "ICBufferFull", Time since last: 715904316 ns, Reaching safepoint: 636678 ns, At safepoint: 6260 ns, Total: 642938 ns
[2022-09-08T09:46:20.594+0000][7][gc,start    ] GC(4) Pause Young (Concurrent Start) (Metadata GC Threshold)
[2022-09-08T09:46:20.595+0000][7][gc,task     ] GC(4) Using 8 workers of 8 for evacuation
[2022-09-08T09:46:20.595+0000][7][gc,age      ] GC(4) Desired survivor size 109051904 bytes, new threshold 15 (max threshold 15)
[2022-09-08T09:46:20.617+0000][7][gc,phases   ] GC(4)   Pre Evacuate Collection Set: 0.3ms
[2022-09-08T09:46:20.617+0000][7][gc,phases   ] GC(4)   Merge Heap Roots: 0.1ms
[2022-09-08T09:46:20.617+0000][7][gc,phases   ] GC(4)   Evacuate Collection Set: 20.1ms
[2022-09-08T09:46:20.617+0000][7][gc,phases   ] GC(4)   Post Evacuate Collection Set: 1.4ms
[2022-09-08T09:46:20.617+0000][7][gc,phases   ] GC(4)   Other: 0.1ms
[2022-09-08T09:46:20.617+0000][7][gc,age      ] GC(4) Age table with threshold 15 (max threshold 15)
[2022-09-08T09:46:20.617+0000][7][gc,age      ] GC(4) - age   1:   10216264 bytes,   10216264 total
[2022-09-08T09:46:20.617+0000][7][gc,age      ] GC(4) - age   2:   27576504 bytes,   37792768 total
[2022-09-08T09:46:20.617+0000][7][gc,age      ] GC(4) - age   3:   17753080 bytes,   55545848 total
[2022-09-08T09:46:20.617+0000][7][gc,heap     ] GC(4) Eden regions: 25->0(95)
[2022-09-08T09:46:20.617+0000][7][gc,heap     ] GC(4) Survivor regions: 3->4(13)
[2022-09-08T09:46:20.617+0000][7][gc,heap     ] GC(4) Old regions: 0->0
[2022-09-08T09:46:20.617+0000][7][gc,heap     ] GC(4) Archive regions: 2->2
[2022-09-08T09:46:20.617+0000][7][gc,heap     ] GC(4) Humongous regions: 0->0
[2022-09-08T09:46:20.617+0000][7][gc,metaspace] GC(4) Metaspace: 59243K(60608K)->59243K(60608K) NonClass: 51461K(52288K)->51461K(52288K) Class: 7781K(8320K)->7781K(8320K)
[2022-09-08T09:46:20.617+0000][7][gc          ] GC(4) Pause Young (Concurrent Start) (Metadata GC Threshold) 460M->72M(31744M) 22.163ms
[2022-09-08T09:46:20.617+0000][7][gc,cpu      ] GC(4) User=0.16s Sys=0.00s Real=0.02s
[2022-09-08T09:46:20.617+0000][7][gc          ] GC(5) Concurrent Mark Cycle
[2022-09-08T09:46:20.617+0000][7][gc,marking  ] GC(5) Concurrent Clear Claimed Marks
[2022-09-08T09:46:20.617+0000][7][safepoint   ] Safepoint "CollectForMetadataAllocation", Time since last: 597797850 ns, Reaching safepoint: 171212 ns, At safepoint: 22264652 ns, Total: 22435864 ns
[2022-09-08T09:46:20.617+0000][7][gc,marking  ] GC(5) Concurrent Clear Claimed Marks 0.062ms
[2022-09-08T09:46:20.617+0000][7][gc,marking  ] GC(5) Concurrent Scan Root Regions
[2022-09-08T09:46:20.637+0000][7][gc,marking  ] GC(5) Concurrent Scan Root Regions 20.344ms
[2022-09-08T09:46:20.637+0000][7][gc,marking  ] GC(5) Concurrent Mark
[2022-09-08T09:46:20.637+0000][7][gc,marking  ] GC(5) Concurrent Mark From Roots
[2022-09-08T09:46:20.637+0000][7][gc,task     ] GC(5) Using 2 workers of 2 for marking
[2022-09-08T09:46:20.642+0000][7][gc,marking  ] GC(5) Concurrent Mark From Roots 4.662ms
[2022-09-08T09:46:20.642+0000][7][gc,marking  ] GC(5) Concurrent Preclean
[2022-09-08T09:46:20.642+0000][7][gc,marking  ] GC(5) Concurrent Preclean 0.013ms
[2022-09-08T09:46:20.642+0000][7][gc,start    ] GC(5) Pause Remark
[2022-09-08T09:46:20.645+0000][7][gc          ] GC(5) Pause Remark 80M->80M(31744M) 2.890ms
[2022-09-08T09:46:20.645+0000][7][gc,cpu      ] GC(5) User=0.01s Sys=0.00s Real=0.00s
[2022-09-08T09:46:20.645+0000][7][safepoint   ] Safepoint "G1Concurrent", Time since last: 25222266 ns, Reaching safepoint: 115398 ns, At safepoint: 2965789 ns, Total: 3081187 ns
[2022-09-08T09:46:20.645+0000][7][gc,marking  ] GC(5) Concurrent Mark 7.883ms
[2022-09-08T09:46:20.645+0000][7][gc,marking  ] GC(5) Concurrent Rebuild Remembered Sets
[2022-09-08T09:46:20.645+0000][7][gc,marking  ] GC(5) Concurrent Rebuild Remembered Sets 0.012ms
[2022-09-08T09:46:20.645+0000][7][gc,start    ] GC(5) Pause Cleanup
[2022-09-08T09:46:20.645+0000][7][gc          ] GC(5) Pause Cleanup 80M->80M(31744M) 0.015ms
[2022-09-08T09:46:20.645+0000][7][gc,cpu      ] GC(5) User=0.00s Sys=0.00s Real=0.00s
[2022-09-08T09:46:20.645+0000][7][safepoint   ] Safepoint "G1Concurrent", Time since last: 106441 ns, Reaching safepoint: 109879 ns, At safepoint: 47430 ns, Total: 157309 ns
[2022-09-08T09:46:20.645+0000][7][gc,marking  ] GC(5) Concurrent Cleanup for Next Mark
[2022-09-08T09:46:20.667+0000][7][gc,marking  ] GC(5) Concurrent Cleanup for Next Mark 21.228ms
[2022-09-08T09:46:20.667+0000][7][gc          ] GC(5) Concurrent Mark Cycle 49.935ms
[2022-09-08T09:46:21.099+0000][7][safepoint   ] Safepoint "ICBufferFull", Time since last: 453495265 ns, Reaching safepoint: 236955 ns, At safepoint: 7046 ns, Total: 244001 ns
[2022-09-08T09:46:21.856+0000][7][safepoint   ] Safepoint "ICBufferFull", Time since last: 756760130 ns, Reaching safepoint: 246465 ns, At safepoint: 5223 ns, Total: 251688 ns
[2022-09-08T09:46:22.569+0000][7][safepoint   ] Safepoint "ICBufferFull", Time since last: 712759724 ns, Reaching safepoint: 138685 ns, At safepoint: 4737 ns, Total: 143422 ns
[2022-09-08T09:46:22.932+0000][7][safepoint   ] Safepoint "ICBufferFull", Time since last: 363186400 ns, Reaching safepoint: 335544 ns, At safepoint: 7658 ns, Total: 343202 ns
[2022-09-08T09:46:24.004+0000][7][safepoint   ] Safepoint "Cleanup", Time since last: 1070923783 ns, Reaching safepoint: 162497 ns, At safepoint: 6327 ns, Total: 168824 ns
[2022-09-08T09:46:24.506+0000][7][safepoint   ] Safepoint "ICBufferFull", Time since last: 502396816 ns, Reaching safepoint: 181899 ns, At safepoint: 15057 ns, Total: 196956 ns
[2022-09-08T09:46:24.637+0000][7][gc,start    ] GC(6) Pause Young (Concurrent Start) (Metadata GC Threshold)
[2022-09-08T09:46:24.637+0000][7][gc,task     ] GC(6) Using 8 workers of 8 for evacuation
[2022-09-08T09:46:24.637+0000][7][gc,age      ] GC(6) Desired survivor size 109051904 bytes, new threshold 15 (max threshold 15)
[2022-09-08T09:46:24.669+0000][7][gc,phases   ] GC(6)   Pre Evacuate Collection Set: 0.4ms
[2022-09-08T09:46:24.669+0000][7][gc,phases   ] GC(6)   Merge Heap Roots: 0.1ms
[2022-09-08T09:46:24.669+0000][7][gc,phases   ] GC(6)   Evacuate Collection Set: 29.3ms
[2022-09-08T09:46:24.669+0000][7][gc,phases   ] GC(6)   Post Evacuate Collection Set: 1.8ms
[2022-09-08T09:46:24.669+0000][7][gc,phases   ] GC(6)   Other: 0.1ms
[2022-09-08T09:46:24.669+0000][7][gc,age      ] GC(6) Age table with threshold 15 (max threshold 15)
[2022-09-08T09:46:24.669+0000][7][gc,age      ] GC(6) - age   1:   23445488 bytes,   23445488 total
[2022-09-08T09:46:24.669+0000][7][gc,age      ] GC(6) - age   2:    9434024 bytes,   32879512 total
[2022-09-08T09:46:24.669+0000][7][gc,age      ] GC(6) - age   3:   27471016 bytes,   60350528 total
[2022-09-08T09:46:24.669+0000][7][gc,age      ] GC(6) - age   4:   17650984 bytes,   78001512 total
[2022-09-08T09:46:24.669+0000][7][gc,heap     ] GC(6) Eden regions: 31->0(94)
[2022-09-08T09:46:24.669+0000][7][gc,heap     ] GC(6) Survivor regions: 4->5(13)
[2022-09-08T09:46:24.669+0000][7][gc,heap     ] GC(6) Old regions: 0->0
[2022-09-08T09:46:24.669+0000][7][gc,heap     ] GC(6) Archive regions: 2->2
[2022-09-08T09:46:24.669+0000][7][gc,heap     ] GC(6) Humongous regions: 0->0
[2022-09-08T09:46:24.669+0000][7][gc,metaspace] GC(6) Metaspace: 98689K(101376K)->98689K(101376K) NonClass: 85034K(86464K)->85034K(86464K) Class: 13655K(14912K)->13655K(14912K)
[2022-09-08T09:46:24.669+0000][7][gc          ] GC(6) Pause Young (Concurrent Start) (Metadata GC Threshold) 568M->95M(31744M) 31.874ms
[2022-09-08T09:46:24.669+0000][7][gc,cpu      ] GC(6) User=0.23s Sys=0.00s Real=0.03s
[2022-09-08T09:46:24.669+0000][7][gc          ] GC(7) Concurrent Mark Cycle
[2022-09-08T09:46:24.669+0000][7][gc,marking  ] GC(7) Concurrent Clear Claimed Marks
[2022-09-08T09:46:24.669+0000][7][safepoint   ] Safepoint "CollectForMetadataAllocation", Time since last: 131061395 ns, Reaching safepoint: 79965 ns, At safepoint: 31987946 ns, Total: 32067911 ns
[2022-09-08T09:46:24.669+0000][7][gc,marking  ] GC(7) Concurrent Clear Claimed Marks 0.181ms
[2022-09-08T09:46:24.669+0000][7][gc,marking  ] GC(7) Concurrent Scan Root Regions
[2022-09-08T09:46:24.691+0000][7][gc,marking  ] GC(7) Concurrent Scan Root Regions 21.945ms
[2022-09-08T09:46:24.691+0000][7][gc,marking  ] GC(7) Concurrent Mark
[2022-09-08T09:46:24.691+0000][7][gc,marking  ] GC(7) Concurrent Mark From Roots
[2022-09-08T09:46:24.691+0000][7][gc,task     ] GC(7) Using 2 workers of 2 for marking
[2022-09-08T09:46:24.695+0000][7][gc,marking  ] GC(7) Concurrent Mark From Roots 3.245ms
[2022-09-08T09:46:24.695+0000][7][gc,marking  ] GC(7) Concurrent Preclean
[2022-09-08T09:46:24.695+0000][7][gc,marking  ] GC(7) Concurrent Preclean 0.008ms
[2022-09-08T09:46:24.695+0000][7][gc,start    ] GC(7) Pause Remark
[2022-09-08T09:46:24.698+0000][7][gc          ] GC(7) Pause Remark 111M->111M(31744M) 2.819ms
[2022-09-08T09:46:24.698+0000][7][gc,cpu      ] GC(7) User=0.01s Sys=0.00s Real=0.00s
[2022-09-08T09:46:24.698+0000][7][safepoint   ] Safepoint "G1Concurrent", Time since last: 25478152 ns, Reaching safepoint: 57531 ns, At safepoint: 2890568 ns, Total: 2948099 ns
[2022-09-08T09:46:24.698+0000][7][gc,marking  ] GC(7) Concurrent Mark 6.305ms
[2022-09-08T09:46:24.698+0000][7][gc,marking  ] GC(7) Concurrent Rebuild Remembered Sets
[2022-09-08T09:46:24.698+0000][7][gc,marking  ] GC(7) Concurrent Rebuild Remembered Sets 0.005ms
[2022-09-08T09:46:24.698+0000][7][gc,start    ] GC(7) Pause Cleanup
[2022-09-08T09:46:24.698+0000][7][gc          ] GC(7) Pause Cleanup 111M->111M(31744M) 0.010ms
[2022-09-08T09:46:24.698+0000][7][gc,cpu      ] GC(7) User=0.00s Sys=0.00s Real=0.00s
[2022-09-08T09:46:24.698+0000][7][safepoint   ] Safepoint "G1Concurrent", Time since last: 55096 ns, Reaching safepoint: 39770 ns, At safepoint: 32165 ns, Total: 71935 ns
[2022-09-08T09:46:24.698+0000][7][gc,marking  ] GC(7) Concurrent Cleanup for Next Mark
[2022-09-08T09:46:24.720+0000][7][gc,marking  ] GC(7) Concurrent Cleanup for Next Mark 21.754ms
[2022-09-08T09:46:24.720+0000][7][gc          ] GC(7) Concurrent Mark Cycle 50.448ms
[2022-09-08T09:46:25.698+0000][7][safepoint   ] Safepoint "Cleanup", Time since last: 1000085976 ns, Reaching safepoint: 209674 ns, At safepoint: 7337 ns, Total: 217011 ns
[2022-09-08T09:46:26.345+0000][7][safepoint   ] Safepoint "ICBufferFull", Time since last: 646652449 ns, Reaching safepoint: 180483 ns, At safepoint: 10109 ns, Total: 190592 ns
[2022-09-08T09:46:27.605+0000][7][safepoint   ] Safepoint "ICBufferFull", Time since last: 1259781419 ns, Reaching safepoint: 312273 ns, At safepoint: 22177 ns, Total: 334450 ns
[2022-09-08T09:46:28.608+0000][7][safepoint   ] Safepoint "ICBufferFull", Time since last: 1002219589 ns, Reaching safepoint: 164313 ns, At safepoint: 16809 ns, Total: 181122 ns
[2022-09-08T09:46:29.608+0000][7][safepoint   ] Safepoint "Cleanup", Time since last: 1000190630 ns, Reaching safepoint: 150292 ns, At safepoint: 14363 ns, Total: 164655 ns
[2022-09-08T09:46:30.608+0000][7][safepoint   ] Safepoint "Cleanup", Time since last: 1000152310 ns, Reaching safepoint: 134006 ns, At safepoint: 6743 ns, Total: 140749 ns
[2022-09-08T09:46:31.609+0000][7][safepoint   ] Safepoint "Cleanup", Time since last: 1000147077 ns, Reaching safepoint: 198569 ns, At safepoint: 14933 ns, Total: 213502 ns
[2022-09-08T09:46:33.191+0000][7][safepoint   ] Safepoint "Cleanup", Time since last: 1582114862 ns, Reaching safepoint: 194292 ns, At safepoint: 15687 ns, Total: 209979 ns
[2022-09-08T09:46:34.191+0000][7][safepoint   ] Safepoint "Cleanup", Time since last: 1000155535 ns, Reaching safepoint: 122561 ns, At safepoint: 14614 ns, Total: 137175 ns
[2022-09-08T09:46:35.380+0000][7][safepoint   ] Safepoint "ICBufferFull", Time since last: 1188377554 ns, Reaching safepoint: 222304 ns, At safepoint: 14170 ns, Total: 236474 ns
[2022-09-08T09:46:36.380+0000][7][safepoint   ] Safepoint "Cleanup", Time since last: 1000215767 ns, Reaching safepoint: 148328 ns, At safepoint: 14987 ns, Total: 163315 ns
[2022-09-08T09:46:37.381+0000][7][safepoint   ] Safepoint "Cleanup", Time since last: 1000187991 ns, Reaching safepoint: 207875 ns, At safepoint: 15837 ns, Total: 223712 ns
[2022-09-08T09:46:38.381+0000][7][safepoint   ] Safepoint "Cleanup", Time since last: 1000213559 ns, Reaching safepoint: 145079 ns, At safepoint: 14680 ns, Total: 159759 ns
[2022-09-08T09:46:39.381+0000][7][safepoint   ] Safepoint "Cleanup", Time since last: 1000194887 ns, Reaching safepoint: 117888 ns, At safepoint: 14814 ns, Total: 132702 ns
[2022-09-08T09:46:46.382+0000][7][safepoint   ] Safepoint "Cleanup", Time since last: 7000947912 ns, Reaching safepoint: 132305 ns, At safepoint: 13897 ns, Total: 146202 ns
[2022-09-08T09:46:49.383+0000][7][safepoint   ] Safepoint "Cleanup", Time since last: 3000438288 ns, Reaching safepoint: 117588 ns, At safepoint: 14103 ns, Total: 131691 ns
[2022-09-08T09:46:52.383+0000][7][safepoint   ] Safepoint "Cleanup", Time since last: 3000453384 ns, Reaching safepoint: 126678 ns, At safepoint: 14271 ns, Total: 140949 ns
[2022-09-08T09:46:54.384+0000][7][safepoint   ] Safepoint "Cleanup", Time since last: 2000319500 ns, Reaching safepoint: 128898 ns, At safepoint: 14764 ns, Total: 143662 ns
[2022-09-08T09:46:55.384+0000][7][safepoint   ] Safepoint "Cleanup", Time since last: 1000197188 ns, Reaching safepoint: 123338 ns, At safepoint: 14820 ns, Total: 138158 ns
[2022-09-08T09:46:57.385+0000][7][safepoint   ] Safepoint "Cleanup", Time since last: 2000301663 ns, Reaching safepoint: 119724 ns, At safepoint: 14937 ns, Total: 134661 ns
[2022-09-08T09:46:59.385+0000][7][safepoint   ] Safepoint "Cleanup", Time since last: 2000333910 ns, Reaching safepoint: 124298 ns, At safepoint: 15113 ns, Total: 139411 ns
[2022-09-08T09:47:02.386+0000][7][safepoint   ] Safepoint "Cleanup", Time since last: 3000406543 ns, Reaching safepoint: 126941 ns, At safepoint: 15107 ns, Total: 142048 ns
[2022-09-08T09:47:05.386+0000][7][safepoint   ] Safepoint "Cleanup", Time since last: 3000423648 ns, Reaching safepoint: 125092 ns, At safepoint: 14860 ns, Total: 139952 ns
[2022-09-08T09:47:10.387+0000][7][safepoint   ] Safepoint "Cleanup", Time since last: 5000669355 ns, Reaching safepoint: 129092 ns, At safepoint: 14747 ns, Total: 143839 ns
[2022-09-08T09:47:16.388+0000][7][safepoint   ] Safepoint "Cleanup", Time since last: 6000857359 ns, Reaching safepoint: 118308 ns, At safepoint: 14873 ns, Total: 133181 ns
[2022-09-08T09:47:17.388+0000][7][safepoint   ] Safepoint "Cleanup", Time since last: 1000177609 ns, Reaching safepoint: 136912 ns, At safepoint: 14766 ns, Total: 151678 ns
[2022-09-08T09:47:21.389+0000][7][safepoint   ] Safepoint "Cleanup", Time since last: 4000551954 ns, Reaching safepoint: 122761 ns, At safepoint: 14960 ns, Total: 137721 ns
[2022-09-08T09:47:23.390+0000][7][safepoint   ] Safepoint "Cleanup", Time since last: 2000302805 ns, Reaching safepoint: 154458 ns, At safepoint: 15824 ns, Total: 170282 ns
[2022-09-08T09:47:24.390+0000][7][safepoint   ] Safepoint "Cleanup", Time since last: 1000199434 ns, Reaching safepoint: 124455 ns, At safepoint: 14980 ns, Total: 139435 ns
[2022-09-08T09:47:25.390+0000][7][safepoint   ] Safepoint "Cleanup", Time since last: 1000194292 ns, Reaching safepoint: 122847 ns, At safepoint: 15464 ns, Total: 138311 ns
[2022-09-08T09:47:30.391+0000][7][safepoint   ] Safepoint "Cleanup", Time since last: 5000683036 ns, Reaching safepoint: 127638 ns, At safepoint: 14891 ns, Total: 142529 ns
[2022-09-08T09:47:42.393+0000][7][safepoint   ] Safepoint "Cleanup", Time since last: 12001512235 ns, Reaching safepoint: 126502 ns, At safepoint: 14907 ns, Total: 141409 ns
[2022-09-08T09:47:54.394+0000][7][safepoint   ] Safepoint "Cleanup", Time since last: 12001446406 ns, Reaching safepoint: 140485 ns, At safepoint: 15344 ns, Total: 155829 ns
[2022-09-08T09:47:55.395+0000][7][safepoint   ] Safepoint "Cleanup", Time since last: 1000197727 ns, Reaching safepoint: 120231 ns, At safepoint: 15083 ns, Total: 135314 ns
[2022-09-08T09:48:02.396+0000][7][safepoint   ] Safepoint "Cleanup", Time since last: 7000894370 ns, Reaching safepoint: 121309 ns, At safepoint: 15053 ns, Total: 136362 ns
[2022-09-08T09:48:25.399+0000][7][safepoint   ] Safepoint "Cleanup", Time since last: 23002791819 ns, Reaching safepoint: 151581 ns, At safepoint: 15607 ns, Total: 167188 ns
[2022-09-08T09:48:29.399+0000][7][safepoint   ] Safepoint "Cleanup", Time since last: 4000543708 ns, Reaching safepoint: 122912 ns, At safepoint: 15160 ns, Total: 138072 ns
[2022-09-08T09:48:30.400+0000][7][safepoint   ] Safepoint "Cleanup", Time since last: 1000189740 ns, Reaching safepoint: 125934 ns, At safepoint: 14737 ns, Total: 140671 ns
[2022-09-08T09:48:34.400+0000][7][safepoint   ] Safepoint "Cleanup", Time since last: 4000561479 ns, Reaching safepoint: 128315 ns, At safepoint: 14490 ns, Total: 142805 ns
[2022-09-08T09:48:54.403+0000][7][safepoint   ] Safepoint "Cleanup", Time since last: 20002393568 ns, Reaching safepoint: 144719 ns, At safepoint: 15143 ns, Total: 159862 ns
[2022-09-08T09:48:55.403+0000][7][safepoint   ] Safepoint "Cleanup", Time since last: 1000184181 ns, Reaching safepoint: 116604 ns, At safepoint: 13497 ns, Total: 130101 ns
[2022-09-08T09:48:57.404+0000][7][safepoint   ] Safepoint "Cleanup", Time since last: 2000312012 ns, Reaching safepoint: 118155 ns, At safepoint: 14497 ns, Total: 132652 ns
[2022-09-08T09:49:00.404+0000][7][safepoint   ] Safepoint "Cleanup", Time since last: 3000448406 ns, Reaching safepoint: 121705 ns, At safepoint: 14240 ns, Total: 135945 ns
[2022-09-08T09:49:03.405+0000][7][safepoint   ] Safepoint "Cleanup", Time since last: 3000488314 ns, Reaching safepoint: 116754 ns, At safepoint: 14604 ns, Total: 131358 ns
[2022-09-08T09:49:22.407+0000][7][safepoint   ] Safepoint "Cleanup", Time since last: 19002370266 ns, Reaching safepoint: 149895 ns, At safepoint: 15060 ns, Total: 164955 ns
[2022-09-08T09:49:23.408+0000][7][safepoint   ] Safepoint "Cleanup", Time since last: 1000195941 ns, Reaching safepoint: 120058 ns, At safepoint: 14117 ns, Total: 134175 ns
[2022-09-08T09:49:24.408+0000][7][safepoint   ] Safepoint "Cleanup", Time since last: 1000186458 ns, Reaching safepoint: 124608 ns, At safepoint: 13884 ns, Total: 138492 ns
[2022-09-08T09:49:25.408+0000][7][safepoint   ] Safepoint "Cleanup", Time since last: 1000207421 ns, Reaching safepoint: 122822 ns, At safepoint: 14827 ns, Total: 137649 ns
[2022-09-08T09:49:27.409+0000][7][safepoint   ] Safepoint "Cleanup", Time since last: 2000321846 ns, Reaching safepoint: 123961 ns, At safepoint: 15127 ns, Total: 139088 ns
[2022-09-08T09:49:51.412+0000][7][safepoint   ] Safepoint "Cleanup", Time since last: 24002937331 ns, Reaching safepoint: 135967 ns, At safepoint: 18024 ns, Total: 153991 ns
[2022-09-08T09:49:54.413+0000][7][safepoint   ] Safepoint "Cleanup", Time since last: 3000432701 ns, Reaching safepoint: 126369 ns, At safepoint: 15536 ns, Total: 141905 ns
[2022-09-08T09:50:27.417+0000][7][safepoint   ] Safepoint "Cleanup", Time since last: 33004125485 ns, Reaching safepoint: 143055 ns, At safepoint: 14957 ns, Total: 158012 ns
[2022-09-08T09:50:46.419+0000][7][safepoint   ] Safepoint "Cleanup", Time since last: 19002482287 ns, Reaching safepoint: 127705 ns, At safepoint: 13490 ns, Total: 141195 ns
[2022-09-08T09:50:54.421+0000][7][safepoint   ] Safepoint "Cleanup", Time since last: 8001077403 ns, Reaching safepoint: 139904 ns, At safepoint: 14750 ns, Total: 154654 ns
[2022-09-08T09:51:30.425+0000][7][safepoint   ] Safepoint "Cleanup", Time since last: 36004505522 ns, Reaching safepoint: 126018 ns, At safepoint: 15757 ns, Total: 141775 ns
[2022-09-08T09:51:31.426+0000][7][safepoint   ] Safepoint "Cleanup", Time since last: 1000206153 ns, Reaching safepoint: 125398 ns, At safepoint: 13880 ns, Total: 139278 ns
[2022-09-08T09:51:32.426+0000][7][safepoint   ] Safepoint "Cleanup", Time since last: 1000193856 ns, Reaching safepoint: 124934 ns, At safepoint: 14477 ns, Total: 139411 ns
[2022-09-08T09:51:40.427+0000][7][safepoint   ] Safepoint "Cleanup", Time since last: 8001048852 ns, Reaching safepoint: 129538 ns, At safepoint: 15253 ns, Total: 144791 ns
[2022-09-08T09:51:43.428+0000][7][safepoint   ] Safepoint "Cleanup", Time since last: 3000437682 ns, Reaching safepoint: 130341 ns, At safepoint: 15081 ns, Total: 145422 ns
[2022-09-08T09:51:54.429+0000][7][safepoint   ] Safepoint "Cleanup", Time since last: 11001365828 ns, Reaching safepoint: 151095 ns, At safepoint: 23397 ns, Total: 174492 ns
[2022-09-08T09:51:55.430+0000][7][safepoint   ] Safepoint "Cleanup", Time since last: 1000199776 ns, Reaching safepoint: 122534 ns, At safepoint: 14980 ns, Total: 137514 ns
[2022-09-08T09:52:12.432+0000][7][safepoint   ] Safepoint "Cleanup", Time since last: 17002200425 ns, Reaching safepoint: 126795 ns, At safepoint: 16247 ns, Total: 143042 ns
[2022-09-08T09:52:24.434+0000][7][safepoint   ] Safepoint "Cleanup", Time since last: 12001538709 ns, Reaching safepoint: 142318 ns, At safepoint: 15284 ns, Total: 157602 ns
[2022-09-08T09:52:55.438+0000][7][safepoint   ] Safepoint "Cleanup", Time since last: 31003746730 ns, Reaching safepoint: 162212 ns, At safepoint: 15733 ns, Total: 177945 ns
[2022-09-08T09:53:00.438+0000][7][safepoint   ] Safepoint "Cleanup", Time since last: 5000675246 ns, Reaching safepoint: 122915 ns, At safepoint: 14864 ns, Total: 137779 ns
[2022-09-08T09:53:25.442+0000][7][safepoint   ] Safepoint "Cleanup", Time since last: 25003116149 ns, Reaching safepoint: 147768 ns, At safepoint: 23154 ns, Total: 170922 ns
[2022-09-08T09:54:30.450+0000][7][safepoint   ] Safepoint "Cleanup", Time since last: 65007999197 ns, Reaching safepoint: 144764 ns, At safepoint: 22857 ns, Total: 167621 ns
[2022-09-08T09:54:55.453+0000][7][safepoint   ] Safepoint "Cleanup", Time since last: 25003097340 ns, Reaching safepoint: 128859 ns, At safepoint: 15083 ns, Total: 143942 ns
[2022-09-08T09:55:05.455+0000][7][safepoint   ] Safepoint "Cleanup", Time since last: 10001254330 ns, Reaching safepoint: 148741 ns, At safepoint: 15803 ns, Total: 164544 ns
[2022-09-08T09:55:12.456+0000][7][safepoint   ] Safepoint "Cleanup", Time since last: 7000933637 ns, Reaching safepoint: 115158 ns, At safepoint: 14737 ns, Total: 129895 ns
[2022-09-08T09:55:24.457+0000][7][safepoint   ] Safepoint "Cleanup", Time since last: 12001570484 ns, Reaching safepoint: 124414 ns, At safepoint: 15154 ns, Total: 139568 ns
[2022-09-08T09:56:01.462+0000][7][safepoint   ] Safepoint "Cleanup", Time since last: 37004409531 ns, Reaching safepoint: 144544 ns, At safepoint: 15454 ns, Total: 159998 ns
[2022-09-08T09:56:24.465+0000][7][safepoint   ] Safepoint "Cleanup", Time since last: 23002797598 ns, Reaching safepoint: 60829 ns, At safepoint: 7061 ns, Total: 67890 ns
[2022-09-08T09:56:45.468+0000][7][safepoint   ] Safepoint "Cleanup", Time since last: 21002561669 ns, Reaching safepoint: 122951 ns, At safepoint: 14731 ns, Total: 137682 ns
[2022-09-08T09:56:54.469+0000][7][safepoint   ] Safepoint "Cleanup", Time since last: 9001160485 ns, Reaching safepoint: 127064 ns, At safepoint: 13747 ns, Total: 140811 ns
[2022-09-08T09:57:10.471+0000][7][safepoint   ] Safepoint "Cleanup", Time since last: 16001960167 ns, Reaching safepoint: 152841 ns, At safepoint: 15547 ns, Total: 168388 ns
[2022-09-08T09:57:55.476+0000][7][safepoint   ] Safepoint "Cleanup", Time since last: 45005302687 ns, Reaching safepoint: 146612 ns, At safepoint: 13827 ns, Total: 160439 ns
[2022-09-08T09:58:43.482+0000][7][safepoint   ] Safepoint "Cleanup", Time since last: 48005444092 ns, Reaching safepoint: 148641 ns, At safepoint: 15400 ns, Total: 164041 ns
[2022-09-08T09:58:54.484+0000][7][safepoint   ] Safepoint "Cleanup", Time since last: 11001445695 ns, Reaching safepoint: 123234 ns, At safepoint: 14920 ns, Total: 138154 ns
[2022-09-08T09:58:55.484+0000][7][safepoint   ] Safepoint "Cleanup", Time since last: 1000193954 ns, Reaching safepoint: 117541 ns, At safepoint: 14593 ns, Total: 132134 ns
[2022-09-08T09:59:01.485+0000][7][safepoint   ] Safepoint "Cleanup", Time since last: 6000747600 ns, Reaching safepoint: 125128 ns, At safepoint: 14964 ns, Total: 140092 ns
[2022-09-08T09:59:25.488+0000][7][safepoint   ] Safepoint "Cleanup", Time since last: 24002802943 ns, Reaching safepoint: 144648 ns, At safepoint: 14737 ns, Total: 159385 ns
[2022-09-08T09:59:54.491+0000][7][safepoint   ] Safepoint "Cleanup", Time since last: 29003483355 ns, Reaching safepoint: 150842 ns, At safepoint: 15827 ns, Total: 166669 ns
[2022-09-08T10:00:01.492+0000][7][safepoint   ] Safepoint "Cleanup", Time since last: 7000913530 ns, Reaching safepoint: 128984 ns, At safepoint: 14010 ns, Total: 142994 ns
[2022-09-08T10:00:24.495+0000][7][safepoint   ] Safepoint "Cleanup", Time since last: 23002713486 ns, Reaching safepoint: 152142 ns, At safepoint: 14763 ns, Total: 166905 ns
[2022-09-08T10:00:25.496+0000][7][safepoint   ] Safepoint "Cleanup", Time since last: 1000190792 ns, Reaching safepoint: 121541 ns, At safepoint: 14640 ns, Total: 136181 ns
[2022-09-08T10:01:24.503+0000][7][safepoint   ] Safepoint "Cleanup", Time since last: 59006927899 ns, Reaching safepoint: 123141 ns, At safepoint: 13920 ns, Total: 137061 ns
[2022-09-08T10:02:01.507+0000][7][safepoint   ] Safepoint "Cleanup", Time since last: 37004242674 ns, Reaching safepoint: 151971 ns, At safepoint: 15657 ns, Total: 167628 ns
[2022-09-08T10:02:25.510+0000][7][safepoint   ] Safepoint "Cleanup", Time since last: 24002859756 ns, Reaching safepoint: 150139 ns, At safepoint: 15506 ns, Total: 165645 ns
[2022-09-08T10:02:35.512+0000][7][safepoint   ] Safepoint "Cleanup", Time since last: 10001210520 ns, Reaching safepoint: 117401 ns, At safepoint: 14506 ns, Total: 131907 ns
[2022-09-08T10:02:55.514+0000][7][safepoint   ] Safepoint "Cleanup", Time since last: 20002338063 ns, Reaching safepoint: 149778 ns, At safepoint: 15121 ns, Total: 164899 ns
[2022-09-08T10:03:55.521+0000][7][safepoint   ] Safepoint "Cleanup", Time since last: 60007217935 ns, Reaching safepoint: 148892 ns, At safepoint: 15173 ns, Total: 164065 ns
[2022-09-08T10:04:24.525+0000][7][safepoint   ] Safepoint "Cleanup", Time since last: 29003439660 ns, Reaching safepoint: 145908 ns, At safepoint: 15270 ns, Total: 161178 ns
[2022-09-08T10:05:21.532+0000][7][safepoint   ] Safepoint "Cleanup", Time since last: 57006704534 ns, Reaching safepoint: 145725 ns, At safepoint: 15657 ns, Total: 161382 ns
[2022-09-08T10:05:55.536+0000][7][safepoint   ] Safepoint "Cleanup", Time since last: 34004129344 ns, Reaching safepoint: 148198 ns, At safepoint: 14937 ns, Total: 163135 ns
[2022-09-08T10:06:24.540+0000][7][safepoint   ] Safepoint "Cleanup", Time since last: 29003445215 ns, Reaching safepoint: 152752 ns, At safepoint: 15433 ns, Total: 168185 ns
[2022-09-08T10:06:54.543+0000][7][safepoint   ] Safepoint "Cleanup", Time since last: 30003522290 ns, Reaching safepoint: 148262 ns, At safepoint: 15180 ns, Total: 163442 ns
[2022-09-08T10:07:23.547+0000][7][safepoint   ] Safepoint "Cleanup", Time since last: 29003376760 ns, Reaching safepoint: 137318 ns, At safepoint: 14740 ns, Total: 152058 ns
[2022-09-08T10:07:55.551+0000][7][safepoint   ] Safepoint "Cleanup", Time since last: 32003649587 ns, Reaching safepoint: 138702 ns, At safepoint: 14633 ns, Total: 153335 ns
[2022-09-08T10:08:24.554+0000][7][safepoint   ] Safepoint "Cleanup", Time since last: 29003339703 ns, Reaching safepoint: 134721 ns, At safepoint: 14600 ns, Total: 149321 ns
[2022-09-08T10:08:25.555+0000][7][safepoint   ] Safepoint "Cleanup", Time since last: 1000182313 ns, Reaching safepoint: 116801 ns, At safepoint: 14884 ns, Total: 131685 ns
[2022-09-08T10:08:33.556+0000][7][safepoint   ] Safepoint "Cleanup", Time since last: 8000990225 ns, Reaching safepoint: 128118 ns, At safepoint: 13143 ns, Total: 141261 ns
[2022-09-08T10:08:55.559+0000][7][safepoint   ] Safepoint "Cleanup", Time since last: 22002689784 ns, Reaching safepoint: 143071 ns, At safepoint: 15464 ns, Total: 158535 ns
[2022-09-08T10:09:25.562+0000][7][safepoint   ] Safepoint "Cleanup", Time since last: 30003445174 ns, Reaching safepoint: 147098 ns, At safepoint: 15810 ns, Total: 162908 ns
[2022-09-08T10:09:46.565+0000][7][safepoint   ] Safepoint "Cleanup", Time since last: 21002527648 ns, Reaching safepoint: 121871 ns, At safepoint: 14907 ns, Total: 136778 ns
[2022-09-08T10:09:55.566+0000][7][safepoint   ] Safepoint "Cleanup", Time since last: 9001167257 ns, Reaching safepoint: 150125 ns, At safepoint: 15000 ns, Total: 165125 ns
[2022-09-08T10:10:15.569+0000][7][safepoint   ] Safepoint "Cleanup", Time since last: 20002459959 ns, Reaching safepoint: 129604 ns, At safepoint: 14880 ns, Total: 144484 ns
[2022-09-08T10:10:24.570+0000][7][safepoint   ] Safepoint "Cleanup", Time since last: 9001203431 ns, Reaching safepoint: 165668 ns, At safepoint: 14127 ns, Total: 179795 ns
[2022-09-08T10:10:55.574+0000][7][safepoint   ] Safepoint "Cleanup", Time since last: 31003769730 ns, Reaching safepoint: 140095 ns, At safepoint: 15113 ns, Total: 155208 ns
[2022-09-08T10:11:15.577+0000][7][safepoint   ] Safepoint "Cleanup", Time since last: 20002371587 ns, Reaching safepoint: 125129 ns, At safepoint: 14900 ns, Total: 140029 ns
[2022-09-08T10:11:25.578+0000][7][safepoint   ] Safepoint "Cleanup", Time since last: 10001304058 ns, Reaching safepoint: 155331 ns, At safepoint: 13784 ns, Total: 169115 ns
[2022-09-08T10:11:54.582+0000][7][safepoint   ] Safepoint "Cleanup", Time since last: 29003425355 ns, Reaching safepoint: 164618 ns, At safepoint: 15443 ns, Total: 180061 ns
[2022-09-08T10:11:55.582+0000][7][safepoint   ] Safepoint "Cleanup", Time since last: 1000183793 ns, Reaching safepoint: 117238 ns, At safepoint: 14674 ns, Total: 131912 ns
[2022-09-08T10:12:24.586+0000][7][safepoint   ] Safepoint "Cleanup", Time since last: 29003507739 ns, Reaching safepoint: 173941 ns, At safepoint: 14557 ns, Total: 188498 ns
[2022-09-08T10:12:35.587+0000][7][safepoint   ] Safepoint "Cleanup", Time since last: 11001456347 ns, Reaching safepoint: 130245 ns, At safepoint: 14847 ns, Total: 145092 ns
[2022-09-08T10:12:51.589+0000][7][safepoint   ] Safepoint "Cleanup", Time since last: 16001967328 ns, Reaching safepoint: 121128 ns, At safepoint: 15223 ns, Total: 136351 ns
[2022-09-08T10:14:24.601+0000][7][safepoint   ] Safepoint "Cleanup", Time since last: 93011070506 ns, Reaching safepoint: 147738 ns, At safepoint: 15303 ns, Total: 163041 ns
[2022-09-08T10:15:17.607+0000][7][safepoint   ] Safepoint "Cleanup", Time since last: 53006293960 ns, Reaching safepoint: 146175 ns, At safepoint: 14724 ns, Total: 160899 ns
[2022-09-08T10:15:36.610+0000][7][safepoint   ] Safepoint "Cleanup", Time since last: 19002273780 ns, Reaching safepoint: 146178 ns, At safepoint: 38667 ns, Total: 184845 ns
[2022-09-08T10:15:55.612+0000][7][safepoint   ] Safepoint "Cleanup", Time since last: 19002324249 ns, Reaching safepoint: 123721 ns, At safepoint: 12930 ns, Total: 136651 ns
[2022-09-08T10:16:20.615+0000][7][safepoint   ] Safepoint "Cleanup", Time since last: 25003123475 ns, Reaching safepoint: 153889 ns, At safepoint: 14520 ns, Total: 168409 ns
[2022-09-08T10:16:24.616+0000][7][safepoint   ] Safepoint "Cleanup", Time since last: 4000563479 ns, Reaching safepoint: 195735 ns, At safepoint: 20737 ns, Total: 216472 ns
[2022-09-08T10:16:57.620+0000][7][safepoint   ] Safepoint "Cleanup", Time since last: 33003933804 ns, Reaching safepoint: 141445 ns, At safepoint: 14706 ns, Total: 156151 ns
[2022-09-08T10:17:18.623+0000][7][safepoint   ] Safepoint "Cleanup", Time since last: 21002620949 ns, Reaching safepoint: 144935 ns, At safepoint: 14607 ns, Total: 159542 ns
[2022-09-08T10:17:20.623+0000][7][safepoint   ] Safepoint "Cleanup", Time since last: 2000305071 ns, Reaching safepoint: 114415 ns, At safepoint: 14707 ns, Total: 129122 ns
[2022-09-08T10:19:21.638+0000][7][safepoint   ] Safepoint "Cleanup", Time since last: 121013994086 ns, Reaching safepoint: 168092 ns, At safepoint: 31310 ns, Total: 199402 ns
[2022-09-08T10:19:23.638+0000][7][safepoint   ] Safepoint "Cleanup", Time since last: 2000301965 ns, Reaching safepoint: 129815 ns, At safepoint: 15117 ns, Total: 144932 ns
[2022-09-08T10:20:24.645+0000][7][safepoint   ] Safepoint "Cleanup", Time since last: 61007041268 ns, Reaching safepoint: 144718 ns, At safepoint: 15954 ns, Total: 160672 ns
[2022-09-08T10:20:54.649+0000][7][safepoint   ] Safepoint "Cleanup", Time since last: 30003698735 ns, Reaching safepoint: 139425 ns, At safepoint: 15694 ns, Total: 155119 ns
[2022-09-08T10:21:24.653+0000][7][safepoint   ] Safepoint "Cleanup", Time since last: 30003527672 ns, Reaching safepoint: 136557 ns, At safepoint: 14097 ns, Total: 150654 ns
[2022-09-08T10:21:54.657+0000][7][safepoint   ] Safepoint "Cleanup", Time since last: 30003711398 ns, Reaching safepoint: 134732 ns, At safepoint: 13200 ns, Total: 147932 ns
[2022-09-08T10:22:03.658+0000][7][safepoint   ] Safepoint "Cleanup", Time since last: 9001055619 ns, Reaching safepoint: 154831 ns, At safepoint: 14500 ns, Total: 169331 ns
[2022-09-08T10:22:24.661+0000][7][safepoint   ] Safepoint "Cleanup", Time since last: 21002639035 ns, Reaching safepoint: 143825 ns, At safepoint: 15587 ns, Total: 159412 ns
[2022-09-08T10:22:39.663+0000][7][safepoint   ] Safepoint "Cleanup", Time since last: 15001799087 ns, Reaching safepoint: 140184 ns, At safepoint: 15054 ns, Total: 155238 ns
[2022-09-08T10:24:54.679+0000][7][safepoint   ] Safepoint "Cleanup", Time since last: 135016203027 ns, Reaching safepoint: 149932 ns, At safepoint: 15107 ns, Total: 165039 ns
[2022-09-08T10:25:24.683+0000][7][safepoint   ] Safepoint "Cleanup", Time since last: 30003650088 ns, Reaching safepoint: 134185 ns, At safepoint: 14820 ns, Total: 149005 ns
[2022-09-08T10:26:24.690+0000][7][safepoint   ] Safepoint "Cleanup", Time since last: 60006997928 ns, Reaching safepoint: 137906 ns, At safepoint: 14693 ns, Total: 152599 ns
[2022-09-08T10:26:44.693+0000][7][safepoint   ] Safepoint "Cleanup", Time since last: 20002480206 ns, Reaching safepoint: 140094 ns, At safepoint: 19577 ns, Total: 159671 ns
[2022-09-08T10:26:54.694+0000][7][safepoint   ] Safepoint "Cleanup", Time since last: 10001250289 ns, Reaching safepoint: 120272 ns, At safepoint: 13917 ns, Total: 134189 ns
[2022-09-08T10:27:13.696+0000][7][safepoint   ] Safepoint "Cleanup", Time since last: 19002283452 ns, Reaching safepoint: 135694 ns, At safepoint: 19450 ns, Total: 155144 ns
[2022-09-08T10:27:54.701+0000][7][safepoint   ] Safepoint "Cleanup", Time since last: 41004873088 ns, Reaching safepoint: 135582 ns, At safepoint: 13610 ns, Total: 149192 ns
[2022-09-08T10:28:24.705+0000][7][safepoint   ] Safepoint "Cleanup", Time since last: 30003693171 ns, Reaching safepoint: 143645 ns, At safepoint: 15133 ns, Total: 158778 ns
[2022-09-08T10:29:54.716+0000][7][safepoint   ] Safepoint "Cleanup", Time since last: 90011010419 ns, Reaching safepoint: 142317 ns, At safepoint: 14274 ns, Total: 156591 ns
[2022-09-08T10:31:09.726+0000][7][safepoint   ] Safepoint "Cleanup", Time since last: 75009225049 ns, Reaching safepoint: 145908 ns, At safepoint: 15177 ns, Total: 161085 ns
[2022-09-08T10:31:54.731+0000][7][safepoint   ] Safepoint "Cleanup", Time since last: 45005406488 ns, Reaching safepoint: 129145 ns, At safepoint: 14770 ns, Total: 143915 ns
[2022-09-08T10:33:54.746+0000][7][safepoint   ] Safepoint "Cleanup", Time since last: 120014277216 ns, Reaching safepoint: 149048 ns, At safepoint: 14143 ns, Total: 163191 ns
[2022-09-08T10:34:24.750+0000][7][safepoint   ] Safepoint "Cleanup", Time since last: 30003605188 ns, Reaching safepoint: 203839 ns, At safepoint: 14407 ns, Total: 218246 ns
[2022-09-08T10:34:54.753+0000][7][safepoint   ] Safepoint "Cleanup", Time since last: 30003595572 ns, Reaching safepoint: 148628 ns, At safepoint: 13623 ns, Total: 162251 ns
[2022-09-08T10:36:24.764+0000][7][safepoint   ] Safepoint "Cleanup", Time since last: 90010691895 ns, Reaching safepoint: 146805 ns, At safepoint: 14064 ns, Total: 160869 ns
[2022-09-08T10:36:41.766+0000][7][safepoint   ] Safepoint "Cleanup", Time since last: 17002032245 ns, Reaching safepoint: 149551 ns, At safepoint: 15401 ns, Total: 164952 ns
[2022-09-08T10:37:54.775+0000][7][safepoint   ] Safepoint "Cleanup", Time since last: 73008799501 ns, Reaching safepoint: 139831 ns, At safepoint: 18727 ns, Total: 158558 ns
[2022-09-08T10:38:54.783+0000][7][safepoint   ] Safepoint "Cleanup", Time since last: 60007095075 ns, Reaching safepoint: 136368 ns, At safepoint: 15190 ns, Total: 151558 ns
[2022-09-08T10:39:24.786+0000][7][safepoint   ] Safepoint "Cleanup", Time since last: 30003588297 ns, Reaching safepoint: 165439 ns, At safepoint: 15687 ns, Total: 181126 ns
[2022-09-08T10:39:54.790+0000][7][safepoint   ] Safepoint "Cleanup", Time since last: 30003633905 ns, Reaching safepoint: 140221 ns, At safepoint: 15480 ns, Total: 155701 ns
[2022-09-08T10:41:24.801+0000][7][safepoint   ] Safepoint "Cleanup", Time since last: 90010581474 ns, Reaching safepoint: 138045 ns, At safepoint: 14223 ns, Total: 152268 ns
[2022-09-08T10:44:24.822+0000][7][safepoint   ] Safepoint "Cleanup", Time since last: 180021355556 ns, Reaching safepoint: 138684 ns, At safepoint: 15120 ns, Total: 153804 ns
[2022-09-08T10:44:50.826+0000][7][safepoint   ] Safepoint "Cleanup", Time since last: 26003187361 ns, Reaching safepoint: 145348 ns, At safepoint: 15547 ns, Total: 160895 ns
[2022-09-08T10:44:54.826+0000][7][safepoint   ] Safepoint "Cleanup", Time since last: 4000554480 ns, Reaching safepoint: 120511 ns, At safepoint: 13563 ns, Total: 134074 ns
[2022-09-08T10:45:24.830+0000][7][safepoint   ] Safepoint "Cleanup", Time since last: 30003401698 ns, Reaching safepoint: 140391 ns, At safepoint: 14684 ns, Total: 155075 ns
[2022-09-08T10:45:34.925+0000][7][gc,start    ] GC(8) Pause Young (Normal) (G1 Evacuation Pause)
[2022-09-08T10:45:34.925+0000][7][gc,task     ] GC(8) Using 8 workers of 8 for evacuation
[2022-09-08T10:45:34.925+0000][7][gc,age      ] GC(8) Desired survivor size 109051904 bytes, new threshold 15 (max threshold 15)
[2022-09-08T10:45:34.962+0000][7][gc,phases   ] GC(8)   Pre Evacuate Collection Set: 0.3ms
[2022-09-08T10:45:34.962+0000][7][gc,phases   ] GC(8)   Merge Heap Roots: 0.2ms
[2022-09-08T10:45:34.962+0000][7][gc,phases   ] GC(8)   Evacuate Collection Set: 33.6ms
[2022-09-08T10:45:34.962+0000][7][gc,phases   ] GC(8)   Post Evacuate Collection Set: 2.6ms
[2022-09-08T10:45:34.962+0000][7][gc,phases   ] GC(8)   Other: 0.2ms
[2022-09-08T10:45:34.962+0000][7][gc,age      ] GC(8) Age table with threshold 15 (max threshold 15)
[2022-09-08T10:45:34.962+0000][7][gc,age      ] GC(8) - age   1:   12433240 bytes,   12433240 total
[2022-09-08T10:45:34.962+0000][7][gc,age      ] GC(8) - age   2:   22758288 bytes,   35191528 total
[2022-09-08T10:45:34.962+0000][7][gc,age      ] GC(8) - age   3:    9338912 bytes,   44530440 total
[2022-09-08T10:45:34.962+0000][7][gc,age      ] GC(8) - age   4:   27453344 bytes,   71983784 total
[2022-09-08T10:45:34.962+0000][7][gc,age      ] GC(8) - age   5:   17638136 bytes,   89621920 total
[2022-09-08T10:45:34.962+0000][7][gc,heap     ] GC(8) Eden regions: 94->0(93)
[2022-09-08T10:45:34.962+0000][7][gc,heap     ] GC(8) Survivor regions: 5->6(13)
[2022-09-08T10:45:34.962+0000][7][gc,heap     ] GC(8) Old regions: 0->0
[2022-09-08T10:45:34.962+0000][7][gc,heap     ] GC(8) Archive regions: 2->2
[2022-09-08T10:45:34.962+0000][7][gc,heap     ] GC(8) Humongous regions: 0->0
[2022-09-08T10:45:34.962+0000][7][gc,metaspace] GC(8) Metaspace: 109289K(112064K)->109289K(112064K) NonClass: 94283K(95744K)->94283K(95744K) Class: 15006K(16320K)->15006K(16320K)
[2022-09-08T10:45:34.962+0000][7][gc          ] GC(8) Pause Young (Normal) (G1 Evacuation Pause) 1599M->108M(31744M) 37.177ms
[2022-09-08T10:45:34.962+0000][7][gc,cpu      ] GC(8) User=0.27s Sys=0.02s Real=0.04s
[2022-09-08T10:45:34.962+0000][7][safepoint   ] Safepoint "G1CollectForAllocation", Time since last: 10094732949 ns, Reaching safepoint: 115021 ns, At safepoint: 37261505 ns, Total: 37376526 ns
[2022-09-08T10:47:54.979+0000][7][safepoint   ] Safepoint "Cleanup", Time since last: 140016802665 ns, Reaching safepoint: 143038 ns, At safepoint: 14740 ns, Total: 157778 ns
[2022-09-08T10:48:52.986+0000][7][safepoint   ] Safepoint "Cleanup", Time since last: 58006960991 ns, Reaching safepoint: 136751 ns, At safepoint: 20024 ns, Total: 156775 ns
[2022-09-08T10:49:20.990+0000][7][safepoint   ] Safepoint "Cleanup", Time since last: 28003438857 ns, Reaching safepoint: 144709 ns, At safepoint: 15523 ns, Total: 160232 ns
[2022-09-08T10:49:24.991+0000][7][safepoint   ] Safepoint "Cleanup", Time since last: 4000554627 ns, Reaching safepoint: 120771 ns, At safepoint: 14073 ns, Total: 134844 ns
[2022-09-08T10:49:40.993+0000][7][safepoint   ] Safepoint "Cleanup", Time since last: 16001871601 ns, Reaching safepoint: 125481 ns, At safepoint: 12733 ns, Total: 138214 ns
[2022-09-08T10:49:54.994+0000][7][safepoint   ] Safepoint "Cleanup", Time since last: 14001768157 ns, Reaching safepoint: 145361 ns, At safepoint: 14974 ns, Total: 160335 ns
[2022-09-08T10:50:24.998+0000][7][safepoint   ] Safepoint "Cleanup", Time since last: 30003458699 ns, Reaching safepoint: 152637 ns, At safepoint: 15154 ns, Total: 167791 ns
[2022-09-08T10:50:55.002+0000][7][safepoint   ] Safepoint "Cleanup", Time since last: 30003500753 ns, Reaching safepoint: 131761 ns, At safepoint: 14750 ns, Total: 146511 ns
[2022-09-08T10:50:58.002+0000][7][safepoint   ] Safepoint "Cleanup", Time since last: 3000450559 ns, Reaching safepoint: 120531 ns, At safepoint: 14380 ns, Total: 134911 ns
[2022-09-08T10:52:01.010+0000][7][safepoint   ] Safepoint "Cleanup", Time since last: 63007226031 ns, Reaching safepoint: 148324 ns, At safepoint: 15057 ns, Total: 163381 ns
[2022-09-08T10:52:15.012+0000][7][safepoint   ] Safepoint "Cleanup", Time since last: 14001730857 ns, Reaching safepoint: 120438 ns, At safepoint: 15100 ns, Total: 135538 ns
[2022-09-08T10:52:25.013+0000][7][safepoint   ] Safepoint "Cleanup", Time since last: 10001231671 ns, Reaching safepoint: 138834 ns, At safepoint: 14933 ns, Total: 153767 ns
[2022-09-08T10:52:55.017+0000][7][safepoint   ] Safepoint "Cleanup", Time since last: 30003566679 ns, Reaching safepoint: 144801 ns, At safepoint: 15187 ns, Total: 159988 ns
[2022-09-08T10:53:10.019+0000][7][safepoint   ] Safepoint "Cleanup", Time since last: 15001847198 ns, Reaching safepoint: 126481 ns, At safepoint: 14994 ns, Total: 141475 ns
[2022-09-08T10:54:55.031+0000][7][safepoint   ] Safepoint "Cleanup", Time since last: 105012068097 ns, Reaching safepoint: 148791 ns, At safepoint: 14314 ns, Total: 163105 ns
[2022-09-08T10:56:25.042+0000][7][safepoint   ] Safepoint "Cleanup", Time since last: 90010794513 ns, Reaching safepoint: 130507 ns, At safepoint: 13130 ns, Total: 143637 ns
[2022-09-08T10:57:06.047+0000][7][safepoint   ] Safepoint "Cleanup", Time since last: 41005009338 ns, Reaching safepoint: 148547 ns, At safepoint: 15161 ns, Total: 163708 ns
[2022-09-08T10:58:19.056+0000][7][safepoint   ] Safepoint "Cleanup", Time since last: 73008261019 ns, Reaching safepoint: 224266 ns, At safepoint: 14510 ns, Total: 238776 ns
[2022-09-08T10:58:25.056+0000][7][safepoint   ] Safepoint "Cleanup", Time since last: 6000791905 ns, Reaching safepoint: 120751 ns, At safepoint: 14027 ns, Total: 134778 ns
[2022-09-08T11:00:41.073+0000][7][safepoint   ] Safepoint "Cleanup", Time since last: 136016250311 ns, Reaching safepoint: 143798 ns, At safepoint: 14787 ns, Total: 158585 ns
[2022-09-08T11:00:55.074+0000][7][safepoint   ] Safepoint "Cleanup", Time since last: 14001519582 ns, Reaching safepoint: 122278 ns, At safepoint: 14047 ns, Total: 136325 ns
[2022-09-08T11:01:24.078+0000][7][safepoint   ] Safepoint "Cleanup", Time since last: 29003490579 ns, Reaching safepoint: 139831 ns, At safepoint: 19917 ns, Total: 159748 ns
[2022-09-08T11:02:32.086+0000][7][safepoint   ] Safepoint "Cleanup", Time since last: 68008163819 ns, Reaching safepoint: 136842 ns, At safepoint: 15297 ns, Total: 152139 ns
[2022-09-08T11:02:35.087+0000][7][safepoint   ] Safepoint "Cleanup", Time since last: 3000423372 ns, Reaching safepoint: 135754 ns, At safepoint: 14887 ns, Total: 150641 ns
[2022-09-08T11:03:21.093+0000][7][safepoint   ] Safepoint "Cleanup", Time since last: 46005628042 ns, Reaching safepoint: 124741 ns, At safepoint: 15691 ns, Total: 140432 ns
[2022-09-08T11:03:22.093+0000][7][safepoint   ] Safepoint "Cleanup", Time since last: 1000192418 ns, Reaching safepoint: 114468 ns, At safepoint: 14247 ns, Total: 128715 ns
[2022-09-08T11:03:58.098+0000][7][safepoint   ] Safepoint "Cleanup", Time since last: 36004239008 ns, Reaching safepoint: 128571 ns, At safepoint: 15904 ns, Total: 144475 ns
[2022-09-08T11:05:25.108+0000][7][safepoint   ] Safepoint "Cleanup", Time since last: 87010228818 ns, Reaching safepoint: 145351 ns, At safepoint: 14737 ns, Total: 160088 ns
[2022-09-08T11:07:43.124+0000][7][safepoint   ] Safepoint "Cleanup", Time since last: 138015872550 ns, Reaching safepoint: 141525 ns, At safepoint: 15507 ns, Total: 157032 ns
[2022-09-08T11:14:54.173+0000][7][safepoint   ] Safepoint "Cleanup", Time since last: 431049200575 ns, Reaching safepoint: 125595 ns, At safepoint: 15433 ns, Total: 141028 ns
[2022-09-08T11:19:33.207+0000][7][safepoint   ] Safepoint "Cleanup", Time since last: 279033063418 ns, Reaching safepoint: 148335 ns, At safepoint: 21723 ns, Total: 170058 ns
[2022-09-08T11:20:54.216+0000][7][safepoint   ] Safepoint "Cleanup", Time since last: 81009691687 ns, Reaching safepoint: 142731 ns, At safepoint: 14627 ns, Total: 157358 ns
[2022-09-08T11:21:24.220+0000][7][safepoint   ] Safepoint "Cleanup", Time since last: 30003763272 ns, Reaching safepoint: 146495 ns, At safepoint: 21247 ns, Total: 167742 ns
[2022-09-08T11:22:24.228+0000][7][safepoint   ] Safepoint "Cleanup", Time since last: 60007266408 ns, Reaching safepoint: 142411 ns, At safepoint: 14150 ns, Total: 156561 ns
[2022-09-08T11:23:24.235+0000][7][safepoint   ] Safepoint "Cleanup", Time since last: 60007242099 ns, Reaching safepoint: 150092 ns, At safepoint: 24393 ns, Total: 174485 ns
[2022-09-08T11:23:42.238+0000][7][safepoint   ] Safepoint "Cleanup", Time since last: 18002297822 ns, Reaching safepoint: 165111 ns, At safepoint: 16354 ns, Total: 181465 ns
[2022-09-08T11:27:24.264+0000][7][safepoint   ] Safepoint "Cleanup", Time since last: 222026577648 ns, Reaching safepoint: 142058 ns, At safepoint: 20263 ns, Total: 162321 ns
[2022-09-08T11:30:21.285+0000][7][safepoint   ] Safepoint "Cleanup", Time since last: 177020712917 ns, Reaching safepoint: 161039 ns, At safepoint: 15630 ns, Total: 176669 ns
[2022-09-08T11:32:24.300+0000][7][safepoint   ] Safepoint "Cleanup", Time since last: 123014747062 ns, Reaching safepoint: 133538 ns, At safepoint: 15384 ns, Total: 148922 ns
[2022-09-08T11:36:24.329+0000][7][safepoint   ] Safepoint "Cleanup", Time since last: 240028477895 ns, Reaching safepoint: 143811 ns, At safepoint: 14900 ns, Total: 158711 ns
[2022-09-08T11:41:13.362+0000][7][safepoint   ] Safepoint "Cleanup", Time since last: 289032956048 ns, Reaching safepoint: 142189 ns, At safepoint: 15306 ns, Total: 157495 ns
[2022-09-08T11:41:24.363+0000][7][safepoint   ] Safepoint "Cleanup", Time since last: 11001383857 ns, Reaching safepoint: 117768 ns, At safepoint: 14583 ns, Total: 132351 ns
[2022-09-08T11:43:53.381+0000][7][safepoint   ] Safepoint "Cleanup", Time since last: 149017569149 ns, Reaching safepoint: 141918 ns, At safepoint: 14977 ns, Total: 156895 ns
[2022-09-08T11:43:54.381+0000][7][safepoint   ] Safepoint "Cleanup", Time since last: 1000185002 ns, Reaching safepoint: 110208 ns, At safepoint: 14396 ns, Total: 124604 ns
[2022-09-08T11:46:24.399+0000][7][safepoint   ] Safepoint "Cleanup", Time since last: 150017068022 ns, Reaching safepoint: 148404 ns, At safepoint: 13600 ns, Total: 162004 ns
[2022-09-08T11:46:55.402+0000][7][safepoint   ] Safepoint "Cleanup", Time since last: 31003487816 ns, Reaching safepoint: 137288 ns, At safepoint: 16040 ns, Total: 153328 ns
[2022-09-08T11:48:24.413+0000][7][safepoint   ] Safepoint "Cleanup", Time since last: 89010452845 ns, Reaching safepoint: 144575 ns, At safepoint: 20830 ns, Total: 165405 ns
[2022-09-08T11:52:24.441+0000][7][safepoint   ] Safepoint "Cleanup", Time since last: 240028118775 ns, Reaching safepoint: 135941 ns, At safepoint: 13976 ns, Total: 149917 ns
[2022-09-08T11:52:29.442+0000][7][safepoint   ] Safepoint "Cleanup", Time since last: 5000649880 ns, Reaching safepoint: 120047 ns, At safepoint: 12637 ns, Total: 132684 ns
[2022-09-08T11:52:54.445+0000][7][safepoint   ] Safepoint "Cleanup", Time since last: 25002805571 ns, Reaching safepoint: 139791 ns, At safepoint: 14613 ns, Total: 154404 ns
[2022-09-08T11:53:24.449+0000][7][safepoint   ] Safepoint "Cleanup", Time since last: 30003510484 ns, Reaching safepoint: 142504 ns, At safepoint: 15224 ns, Total: 157728 ns
[2022-09-08T11:54:55.459+0000][7][safepoint   ] Safepoint "Cleanup", Time since last: 91010617547 ns, Reaching safepoint: 147225 ns, At safepoint: 14863 ns, Total: 162088 ns
[2022-09-08T12:00:26.498+0000][7][safepoint   ] Safepoint "Cleanup", Time since last: 331037967903 ns, Reaching safepoint: 138945 ns, At safepoint: 20904 ns, Total: 159849 ns
[2022-09-08T12:01:24.504+0000][7][safepoint   ] Safepoint "Cleanup", Time since last: 58006677305 ns, Reaching safepoint: 139944 ns, At safepoint: 14993 ns, Total: 154937 ns
[2022-09-08T12:04:26.525+0000][7][safepoint   ] Safepoint "Cleanup", Time since last: 182020902612 ns, Reaching safepoint: 153805 ns, At safepoint: 21920 ns, Total: 175725 ns
[2022-09-08T12:06:24.539+0000][7][safepoint   ] Safepoint "Cleanup", Time since last: 118013824009 ns, Reaching safepoint: 129375 ns, At safepoint: 16000 ns, Total: 145375 ns
[2022-09-08T12:07:54.550+0000][7][safepoint   ] Safepoint "Cleanup", Time since last: 90010235715 ns, Reaching safepoint: 151338 ns, At safepoint: 22174 ns, Total: 173512 ns
[2022-09-08T12:20:55.641+0000][7][safepoint   ] Safepoint "Cleanup", Time since last: 781090942755 ns, Reaching safepoint: 142308 ns, At safepoint: 13754 ns, Total: 156062 ns
[2022-09-08T12:26:54.683+0000][7][safepoint   ] Safepoint "Cleanup", Time since last: 359041582010 ns, Reaching safepoint: 141011 ns, At safepoint: 19750 ns, Total: 160761 ns
[2022-09-08T12:31:24.713+0000][7][safepoint   ] Safepoint "Cleanup", Time since last: 270030690446 ns, Reaching safepoint: 139302 ns, At safepoint: 18410 ns, Total: 157712 ns
[2022-09-08T12:36:24.748+0000][7][safepoint   ] Safepoint "Cleanup", Time since last: 300034501171 ns, Reaching safepoint: 140321 ns, At safepoint: 14794 ns, Total: 155115 ns
[2022-09-08T12:37:24.755+0000][7][safepoint   ] Safepoint "Cleanup", Time since last: 60006878478 ns, Reaching safepoint: 146175 ns, At safepoint: 20320 ns, Total: 166495 ns
[2022-09-08T12:41:54.787+0000][7][safepoint   ] Safepoint "Cleanup", Time since last: 270031321289 ns, Reaching safepoint: 137971 ns, At safepoint: 18293 ns, Total: 156264 ns
[2022-09-08T12:48:50.834+0000][7][safepoint   ] Safepoint "Cleanup", Time since last: 416047260199 ns, Reaching safepoint: 142719 ns, At safepoint: 18190 ns, Total: 160909 ns
[2022-09-08T12:53:46.294+0000][7][gc,start    ] GC(9) Pause Young (Normal) (G1 Evacuation Pause)
[2022-09-08T12:53:46.294+0000][7][gc,task     ] GC(9) Using 8 workers of 8 for evacuation
[2022-09-08T12:53:46.294+0000][7][gc,age      ] GC(9) Desired survivor size 109051904 bytes, new threshold 15 (max threshold 15)
[2022-09-08T12:53:46.329+0000][7][gc,phases   ] GC(9)   Pre Evacuate Collection Set: 0.3ms
[2022-09-08T12:53:46.329+0000][7][gc,phases   ] GC(9)   Merge Heap Roots: 0.2ms
[2022-09-08T12:53:46.329+0000][7][gc,phases   ] GC(9)   Evacuate Collection Set: 31.6ms
[2022-09-08T12:53:46.329+0000][7][gc,phases   ] GC(9)   Post Evacuate Collection Set: 2.5ms
[2022-09-08T12:53:46.329+0000][7][gc,phases   ] GC(9)   Other: 0.1ms
[2022-09-08T12:53:46.329+0000][7][gc,age      ] GC(9) Age table with threshold 15 (max threshold 15)
[2022-09-08T12:53:46.329+0000][7][gc,age      ] GC(9) - age   1:    2482896 bytes,    2482896 total
[2022-09-08T12:53:46.329+0000][7][gc,age      ] GC(9) - age   2:   12141640 bytes,   14624536 total
[2022-09-08T12:53:46.329+0000][7][gc,age      ] GC(9) - age   3:   22758288 bytes,   37382824 total
[2022-09-08T12:53:46.329+0000][7][gc,age      ] GC(9) - age   4:    9338728 bytes,   46721552 total
[2022-09-08T12:53:46.329+0000][7][gc,age      ] GC(9) - age   5:   27453344 bytes,   74174896 total
[2022-09-08T12:53:46.329+0000][7][gc,age      ] GC(9) - age   6:   17638136 bytes,   91813032 total
[2022-09-08T12:53:46.329+0000][7][gc,heap     ] GC(9) Eden regions: 93->0(93)
[2022-09-08T12:53:46.329+0000][7][gc,heap     ] GC(9) Survivor regions: 6->6(13)
[2022-09-08T12:53:46.329+0000][7][gc,heap     ] GC(9) Old regions: 0->0
[2022-09-08T12:53:46.329+0000][7][gc,heap     ] GC(9) Archive regions: 2->2
[2022-09-08T12:53:46.329+0000][7][gc,heap     ] GC(9) Humongous regions: 0->0
[2022-09-08T12:53:46.329+0000][7][gc,metaspace] GC(9) Metaspace: 109531K(112320K)->109531K(112320K) NonClass: 94523K(96000K)->94523K(96000K) Class: 15007K(16320K)->15007K(16320K)
[2022-09-08T12:53:46.329+0000][7][gc          ] GC(9) Pause Young (Normal) (G1 Evacuation Pause) 1596M->109M(31744M) 34.987ms
[2022-09-08T12:53:46.329+0000][7][gc,cpu      ] GC(9) User=0.26s Sys=0.00s Real=0.03s
[2022-09-08T12:53:46.329+0000][7][safepoint   ] Safepoint "G1CollectForAllocation", Time since last: 295459968959 ns, Reaching safepoint: 136971 ns, At safepoint: 35072817 ns, Total: 35209788 ns
[2022-09-08T12:56:24.347+0000][7][safepoint   ] Safepoint "Cleanup", Time since last: 158017866958 ns, Reaching safepoint: 131671 ns, At safepoint: 14477 ns, Total: 146148 ns
[2022-09-08T12:56:25.348+0000][7][safepoint   ] Safepoint "Cleanup", Time since last: 1000209240 ns, Reaching safepoint: 114941 ns, At safepoint: 14900 ns, Total: 129841 ns
[2022-09-08T12:56:55.351+0000][7][safepoint   ] Safepoint "Cleanup", Time since last: 30003574863 ns, Reaching safepoint: 136722 ns, At safepoint: 15050 ns, Total: 151772 ns
[2022-09-08T12:57:25.355+0000][7][safepoint   ] Safepoint "Cleanup", Time since last: 30003491567 ns, Reaching safepoint: 138012 ns, At safepoint: 14017 ns, Total: 152029 ns
[2022-09-08T12:58:55.366+0000][7][safepoint   ] Safepoint "Cleanup", Time since last: 90010861779 ns, Reaching safepoint: 138851 ns, At safepoint: 18733 ns, Total: 157584 ns
[2022-09-08T12:59:25.370+0000][7][safepoint   ] Safepoint "Cleanup", Time since last: 30003549814 ns, Reaching safepoint: 135095 ns, At safepoint: 15267 ns, Total: 150362 ns
[2022-09-08T13:04:55.408+0000][7][safepoint   ] Safepoint "Cleanup", Time since last: 330038268789 ns, Reaching safepoint: 148599 ns, At safepoint: 21027 ns, Total: 169626 ns
[2022-09-08T13:06:24.419+0000][7][safepoint   ] Safepoint "Cleanup", Time since last: 89010735942 ns, Reaching safepoint: 150968 ns, At safepoint: 24353 ns, Total: 175321 ns
[2022-09-08T13:07:55.430+0000][7][safepoint   ] Safepoint "Cleanup", Time since last: 91010961989 ns, Reaching safepoint: 161104 ns, At safepoint: 14697 ns, Total: 175801 ns
[2022-09-08T13:11:55.459+0000][7][safepoint   ] Safepoint "Cleanup", Time since last: 240028453167 ns, Reaching safepoint: 141931 ns, At safepoint: 18117 ns, Total: 160048 ns
[2022-09-08T13:15:55.488+0000][7][safepoint   ] Safepoint "Cleanup", Time since last: 240028616572 ns, Reaching safepoint: 139981 ns, At safepoint: 14967 ns, Total: 154948 ns
[2022-09-08T13:16:55.495+0000][7][safepoint   ] Safepoint "Cleanup", Time since last: 60006973015 ns, Reaching safepoint: 142738 ns, At safepoint: 15010 ns, Total: 157748 ns
[2022-09-08T13:21:55.530+0000][7][safepoint   ] Safepoint "Cleanup", Time since last: 300035535619 ns, Reaching safepoint: 154881 ns, At safepoint: 23684 ns, Total: 178565 ns
[2022-09-08T13:26:24.562+0000][7][safepoint   ] Safepoint "Cleanup", Time since last: 269031254710 ns, Reaching safepoint: 150289 ns, At safepoint: 15873 ns, Total: 166162 ns
[2022-09-08T13:26:25.562+0000][7][safepoint   ] Safepoint "Cleanup", Time since last: 1000195788 ns, Reaching safepoint: 136005 ns, At safepoint: 20386 ns, Total: 156391 ns
[2022-09-08T13:31:24.597+0000][7][safepoint   ] Safepoint "Cleanup", Time since last: 299035035686 ns, Reaching safepoint: 159552 ns, At safepoint: 16340 ns, Total: 175892 ns
[2022-09-08T13:39:24.653+0000][7][safepoint   ] Safepoint "Cleanup", Time since last: 480055761778 ns, Reaching safepoint: 149387 ns, At safepoint: 13771 ns, Total: 163158 ns
[2022-09-08T13:39:25.654+0000][7][safepoint   ] Safepoint "Cleanup", Time since last: 1000246670 ns, Reaching safepoint: 110064 ns, At safepoint: 14740 ns, Total: 124804 ns
[2022-09-08T13:43:55.685+0000][7][safepoint   ] Safepoint "Cleanup", Time since last: 270031451727 ns, Reaching safepoint: 144651 ns, At safepoint: 20174 ns, Total: 164825 ns
[2022-09-08T13:46:24.703+0000][7][safepoint   ] Safepoint "Cleanup", Time since last: 149017702221 ns, Reaching safepoint: 144292 ns, At safepoint: 14903 ns, Total: 159195 ns
[2022-09-08T13:47:55.714+0000][7][safepoint   ] Safepoint "Cleanup", Time since last: 91010914551 ns, Reaching safepoint: 139578 ns, At safepoint: 19884 ns, Total: 159462 ns
[2022-09-08T13:49:25.725+0000][7][safepoint   ] Safepoint "Cleanup", Time since last: 90010848598 ns, Reaching safepoint: 137418 ns, At safepoint: 14310 ns, Total: 151728 ns
[2022-09-08T13:49:55.729+0000][7][safepoint   ] Safepoint "Cleanup", Time since last: 30003663890 ns, Reaching safepoint: 145978 ns, At safepoint: 20340 ns, Total: 166318 ns
[2022-09-08T13:51:25.635+0000][7][safepoint   ] Safepoint "Cleanup", Time since last: 89906033964 ns, Reaching safepoint: 177185 ns, At safepoint: 15764 ns, Total: 192949 ns
[2022-09-08T13:56:24.644+0000][7][safepoint   ] Safepoint "Cleanup", Time since last: 299008169805 ns, Reaching safepoint: 147684 ns, At safepoint: 15091 ns, Total: 162775 ns
[2022-09-08T14:00:24.672+0000][7][safepoint   ] Safepoint "Cleanup", Time since last: 240028226975 ns, Reaching safepoint: 134284 ns, At safepoint: 19507 ns, Total: 153791 ns
[2022-09-08T14:02:24.686+0000][7][safepoint   ] Safepoint "Cleanup", Time since last: 120013915343 ns, Reaching safepoint: 135851 ns, At safepoint: 14804 ns, Total: 150655 ns
[2022-09-08T14:02:54.690+0000][7][safepoint   ] Safepoint "Cleanup", Time since last: 30003605327 ns, Reaching safepoint: 131641 ns, At safepoint: 19010 ns, Total: 150651 ns
[2022-09-08T14:06:24.715+0000][7][safepoint   ] Safepoint "Cleanup", Time since last: 210024936685 ns, Reaching safepoint: 144762 ns, At safepoint: 16133 ns, Total: 160895 ns
[2022-09-08T14:06:54.719+0000][7][safepoint   ] Safepoint "Cleanup", Time since last: 30003697078 ns, Reaching safepoint: 151348 ns, At safepoint: 23904 ns, Total: 175252 ns
[2022-09-08T14:06:55.719+0000][7][safepoint   ] Safepoint "Cleanup", Time since last: 1000212643 ns, Reaching safepoint: 121817 ns, At safepoint: 15324 ns, Total: 137141 ns
[2022-09-08T14:24:29.877+0000][7][safepoint   ] Safepoint "Cleanup", Time since last: 1054157577147 ns, Reaching safepoint: 153385 ns, At safepoint: 13743 ns, Total: 167128 ns
[2022-09-08T14:34:24.948+0000][7][safepoint   ] Safepoint "Cleanup", Time since last: 595070565888 ns, Reaching safepoint: 146481 ns, At safepoint: 14807 ns, Total: 161288 ns
[2022-09-08T14:38:54.980+0000][7][safepoint   ] Safepoint "Cleanup", Time since last: 270032653502 ns, Reaching safepoint: 138878 ns, At safepoint: 19113 ns, Total: 157991 ns
[2022-09-08T14:44:55.023+0000][7][safepoint   ] Safepoint "Cleanup", Time since last: 360042771580 ns, Reaching safepoint: 138854 ns, At safepoint: 14933 ns, Total: 153787 ns
[2022-09-08T14:46:24.034+0000][7][safepoint   ] Safepoint "Cleanup", Time since last: 89010615540 ns, Reaching safepoint: 152811 ns, At safepoint: 23544 ns, Total: 176355 ns
[2022-09-08T14:46:25.035+0000][7][safepoint   ] Safepoint "Cleanup", Time since last: 1000206441 ns, Reaching safepoint: 124941 ns, At safepoint: 14847 ns, Total: 139788 ns
[2022-09-08T14:48:25.049+0000][7][safepoint   ] Safepoint "Cleanup", Time since last: 120013980270 ns, Reaching safepoint: 180662 ns, At safepoint: 22464 ns, Total: 203126 ns
[2022-09-08T15:04:25.163+0000][7][safepoint   ] Safepoint "Cleanup", Time since last: 960113695711 ns, Reaching safepoint: 144711 ns, At safepoint: 20677 ns, Total: 165388 ns
[2022-09-08T15:04:47.798+0000][7][gc,start    ] GC(10) Pause Young (Normal) (G1 Evacuation Pause)
[2022-09-08T15:04:47.798+0000][7][gc,task     ] GC(10) Using 8 workers of 8 for evacuation
[2022-09-08T15:04:47.798+0000][7][gc,age      ] GC(10) Desired survivor size 109051904 bytes, new threshold 15 (max threshold 15)
[2022-09-08T15:04:47.834+0000][7][gc,phases   ] GC(10)   Pre Evacuate Collection Set: 0.3ms
[2022-09-08T15:04:47.834+0000][7][gc,phases   ] GC(10)   Merge Heap Roots: 0.2ms
[2022-09-08T15:04:47.834+0000][7][gc,phases   ] GC(10)   Evacuate Collection Set: 32.8ms
[2022-09-08T15:04:47.834+0000][7][gc,phases   ] GC(10)   Post Evacuate Collection Set: 2.4ms
[2022-09-08T15:04:47.834+0000][7][gc,phases   ] GC(10)   Other: 0.1ms
[2022-09-08T15:04:47.834+0000][7][gc,age      ] GC(10) Age table with threshold 15 (max threshold 15)
[2022-09-08T15:04:47.834+0000][7][gc,age      ] GC(10) - age   1:      16856 bytes,      16856 total
[2022-09-08T15:04:47.834+0000][7][gc,age      ] GC(10) - age   2:    2468936 bytes,    2485792 total
[2022-09-08T15:04:47.834+0000][7][gc,age      ] GC(10) - age   3:   12141640 bytes,   14627432 total
[2022-09-08T15:04:47.834+0000][7][gc,age      ] GC(10) - age   4:   22758288 bytes,   37385720 total
[2022-09-08T15:04:47.834+0000][7][gc,age      ] GC(10) - age   5:    9338728 bytes,   46724448 total
[2022-09-08T15:04:47.834+0000][7][gc,age      ] GC(10) - age   6:   27453344 bytes,   74177792 total
[2022-09-08T15:04:47.834+0000][7][gc,age      ] GC(10) - age   7:   17638136 bytes,   91815928 total
[2022-09-08T15:04:47.834+0000][7][gc,heap     ] GC(10) Eden regions: 93->0(93)
[2022-09-08T15:04:47.834+0000][7][gc,heap     ] GC(10) Survivor regions: 6->6(13)
[2022-09-08T15:04:47.834+0000][7][gc,heap     ] GC(10) Old regions: 0->0
[2022-09-08T15:04:47.834+0000][7][gc,heap     ] GC(10) Archive regions: 2->2
[2022-09-08T15:04:47.834+0000][7][gc,heap     ] GC(10) Humongous regions: 0->0
[2022-09-08T15:04:47.834+0000][7][gc,metaspace] GC(10) Metaspace: 109619K(112384K)->109619K(112384K) NonClass: 94611K(96064K)->94611K(96064K) Class: 15007K(16320K)->15007K(16320K)
[2022-09-08T15:04:47.834+0000][7][gc          ] GC(10) Pause Young (Normal) (G1 Evacuation Pause) 1597M->111M(31744M) 36.154ms
[2022-09-08T15:04:47.834+0000][7][gc,cpu      ] GC(10) User=0.27s Sys=0.00s Real=0.04s
[2022-09-08T15:04:47.834+0000][7][safepoint   ] Safepoint "G1CollectForAllocation", Time since last: 22635167419 ns, Reaching safepoint: 124911 ns, At safepoint: 36238119 ns, Total: 36363030 ns
[2022-09-08T15:06:24.845+0000][7][safepoint   ] Safepoint "Cleanup", Time since last: 97011015626 ns, Reaching safepoint: 142158 ns, At safepoint: 14237 ns, Total: 156395 ns
[2022-09-08T15:07:33.854+0000][7][safepoint   ] Safepoint "Cleanup", Time since last: 69008125988 ns, Reaching safepoint: 158805 ns, At safepoint: 15854 ns, Total: 174659 ns
[2022-09-08T15:07:54.856+0000][7][safepoint   ] Safepoint "Cleanup", Time since last: 21002515813 ns, Reaching safepoint: 132701 ns, At safepoint: 14683 ns, Total: 147384 ns
[2022-09-08T15:10:54.877+0000][7][safepoint   ] Safepoint "Cleanup", Time since last: 180020930443 ns, Reaching safepoint: 143125 ns, At safepoint: 19680 ns, Total: 162805 ns
[2022-09-08T15:11:22.881+0000][7][safepoint   ] Safepoint "Cleanup", Time since last: 28003285112 ns, Reaching safepoint: 142889 ns, At safepoint: 23440 ns, Total: 166329 ns
[2022-09-08T15:11:59.885+0000][7][safepoint   ] Safepoint "Cleanup", Time since last: 37004395839 ns, Reaching safepoint: 141645 ns, At safepoint: 15190 ns, Total: 156835 ns
[2022-09-08T15:18:54.934+0000][7][safepoint   ] Safepoint "Cleanup", Time since last: 415048639172 ns, Reaching safepoint: 140425 ns, At safepoint: 15670 ns, Total: 156095 ns
[2022-09-08T15:30:25.014+0000][7][safepoint   ] Safepoint "Cleanup", Time since last: 690079684883 ns, Reaching safepoint: 135718 ns, At safepoint: 20124 ns, Total: 155842 ns
[2022-09-08T15:34:55.045+0000][7][safepoint   ] Safepoint "Cleanup", Time since last: 270031080166 ns, Reaching safepoint: 151339 ns, At safepoint: 14903 ns, Total: 166242 ns
[2022-09-08T15:46:24.126+0000][7][safepoint   ] Safepoint "Cleanup", Time since last: 689080394797 ns, Reaching safepoint: 135011 ns, At safepoint: 13880 ns, Total: 148891 ns
[2022-09-08T15:46:55.130+0000][7][safepoint   ] Safepoint "Cleanup", Time since last: 31003664367 ns, Reaching safepoint: 158385 ns, At safepoint: 18980 ns, Total: 177365 ns
[2022-09-08T15:59:25.217+0000][7][safepoint   ] Safepoint "Cleanup", Time since last: 750087438245 ns, Reaching safepoint: 147641 ns, At safepoint: 14140 ns, Total: 161781 ns
[2022-09-08T16:00:25.224+0000][7][safepoint   ] Safepoint "Cleanup", Time since last: 60007002189 ns, Reaching safepoint: 144892 ns, At safepoint: 14436 ns, Total: 159328 ns
[2022-09-08T16:10:25.294+0000][7][safepoint   ] Safepoint "Cleanup", Time since last: 600069736314 ns, Reaching safepoint: 148302 ns, At safepoint: 15380 ns, Total: 163682 ns
[2022-09-08T16:11:21.301+0000][7][safepoint   ] Safepoint "Cleanup", Time since last: 56006495099 ns, Reaching safepoint: 149515 ns, At safepoint: 18187 ns, Total: 167702 ns
[2022-09-08T16:13:25.316+0000][7][safepoint   ] Safepoint "Cleanup", Time since last: 124014601316 ns, Reaching safepoint: 134484 ns, At safepoint: 14180 ns, Total: 148664 ns
[2022-09-08T16:24:22.392+0000][7][safepoint   ] Safepoint "Cleanup", Time since last: 657075755518 ns, Reaching safepoint: 123168 ns, At safepoint: 35256 ns, Total: 158424 ns
[2022-09-08T16:26:24.406+0000][7][safepoint   ] Safepoint "Cleanup", Time since last: 122013972965 ns, Reaching safepoint: 127388 ns, At safepoint: 40500 ns, Total: 167888 ns
[2022-09-08T16:42:55.521+0000][7][safepoint   ] Safepoint "Cleanup", Time since last: 991115224743 ns, Reaching safepoint: 154575 ns, At safepoint: 21523 ns, Total: 176098 ns
[2022-09-08T17:04:25.672+0000][7][safepoint   ] Safepoint "Cleanup", Time since last: 1290150434994 ns, Reaching safepoint: 147536 ns, At safepoint: 21213 ns, Total: 168749 ns
[2022-09-08T17:11:55.725+0000][7][safepoint   ] Safepoint "Cleanup", Time since last: 450052786369 ns, Reaching safepoint: 144597 ns, At safepoint: 13424 ns, Total: 158021 ns
[2022-09-08T17:12:25.728+0000][7][safepoint   ] Safepoint "Cleanup", Time since last: 30003508236 ns, Reaching safepoint: 141247 ns, At safepoint: 13990 ns, Total: 155237 ns
[2022-09-08T17:13:33.737+0000][7][safepoint   ] Safepoint "Cleanup", Time since last: 68008137571 ns, Reaching safepoint: 136975 ns, At safepoint: 15063 ns, Total: 152038 ns
[2022-09-08T17:13:55.740+0000][7][safepoint   ] Safepoint "Cleanup", Time since last: 22002807070 ns, Reaching safepoint: 135454 ns, At safepoint: 15030 ns, Total: 150484 ns
[2022-09-08T17:14:12.742+0000][7][safepoint   ] Safepoint "Cleanup", Time since last: 17002120375 ns, Reaching safepoint: 133508 ns, At safepoint: 16113 ns, Total: 149621 ns
[2022-09-08T17:14:25.744+0000][7][safepoint   ] Safepoint "Cleanup", Time since last: 13001724396 ns, Reaching safepoint: 141082 ns, At safepoint: 14907 ns, Total: 155989 ns
[2022-09-08T17:15:25.751+0000][7][safepoint   ] Safepoint "Cleanup", Time since last: 60007495941 ns, Reaching safepoint: 138278 ns, At safepoint: 20017 ns, Total: 158295 ns
[2022-09-08T17:16:00.326+0000][7][gc,start    ] GC(11) Pause Young (Normal) (G1 Evacuation Pause)
[2022-09-08T17:16:00.326+0000][7][gc,task     ] GC(11) Using 8 workers of 8 for evacuation
[2022-09-08T17:16:00.326+0000][7][gc,age      ] GC(11) Desired survivor size 109051904 bytes, new threshold 15 (max threshold 15)
[2022-09-08T17:16:00.362+0000][7][gc,phases   ] GC(11)   Pre Evacuate Collection Set: 0.3ms
[2022-09-08T17:16:00.363+0000][7][gc,phases   ] GC(11)   Merge Heap Roots: 0.2ms
[2022-09-08T17:16:00.363+0000][7][gc,phases   ] GC(11)   Evacuate Collection Set: 33.3ms
[2022-09-08T17:16:00.363+0000][7][gc,phases   ] GC(11)   Post Evacuate Collection Set: 2.4ms
[2022-09-08T17:16:00.363+0000][7][gc,phases   ] GC(11)   Other: 0.1ms
[2022-09-08T17:16:00.363+0000][7][gc,age      ] GC(11) Age table with threshold 15 (max threshold 15)
[2022-09-08T17:16:00.363+0000][7][gc,age      ] GC(11) - age   1:      31568 bytes,      31568 total
[2022-09-08T17:16:00.363+0000][7][gc,age      ] GC(11) - age   2:       3104 bytes,      34672 total
[2022-09-08T17:16:00.363+0000][7][gc,age      ] GC(11) - age   3:    2468248 bytes,    2502920 total
[2022-09-08T17:16:00.363+0000][7][gc,age      ] GC(11) - age   4:   12140168 bytes,   14643088 total
[2022-09-08T17:16:00.363+0000][7][gc,age      ] GC(11) - age   5:   22758288 bytes,   37401376 total
[2022-09-08T17:16:00.363+0000][7][gc,age      ] GC(11) - age   6:    9338728 bytes,   46740104 total
[2022-09-08T17:16:00.363+0000][7][gc,age      ] GC(11) - age   7:   27453344 bytes,   74193448 total
[2022-09-08T17:16:00.363+0000][7][gc,age      ] GC(11) - age   8:   17638136 bytes,   91831584 total
[2022-09-08T17:16:00.363+0000][7][gc,heap     ] GC(11) Eden regions: 93->0(93)
[2022-09-08T17:16:00.363+0000][7][gc,heap     ] GC(11) Survivor regions: 6->6(13)
[2022-09-08T17:16:00.363+0000][7][gc,heap     ] GC(11) Old regions: 0->0
[2022-09-08T17:16:00.363+0000][7][gc,heap     ] GC(11) Archive regions: 2->2
[2022-09-08T17:16:00.363+0000][7][gc,heap     ] GC(11) Humongous regions: 0->0
[2022-09-08T17:16:00.363+0000][7][gc,metaspace] GC(11) Metaspace: 109738K(112512K)->109738K(112512K) NonClass: 94730K(96192K)->94730K(96192K) Class: 15007K(16320K)->15007K(16320K)
[2022-09-08T17:16:00.363+0000][7][gc          ] GC(11) Pause Young (Normal) (G1 Evacuation Pause) 1599M->109M(31744M) 36.561ms
[2022-09-08T17:16:00.363+0000][7][gc,cpu      ] GC(11) User=0.27s Sys=0.00s Real=0.04s
[2022-09-08T17:16:00.363+0000][7][safepoint   ] Safepoint "G1CollectForAllocation", Time since last: 34574479826 ns, Reaching safepoint: 216755 ns, At safepoint: 36646804 ns, Total: 36863559 ns
[2022-09-08T17:16:24.366+0000][7][safepoint   ] Safepoint "Cleanup", Time since last: 24002745906 ns, Reaching safepoint: 156676 ns, At safepoint: 14526 ns, Total: 171202 ns
[2022-09-08T17:21:25.402+0000][7][safepoint   ] Safepoint "Cleanup", Time since last: 301036165895 ns, Reaching safepoint: 167168 ns, At safepoint: 16120 ns, Total: 183288 ns
[2022-09-08T17:21:55.406+0000][7][safepoint   ] Safepoint "Cleanup", Time since last: 30003806940 ns, Reaching safepoint: 114618 ns, At safepoint: 14684 ns, Total: 129302 ns
[2022-09-08T17:22:55.413+0000][7][safepoint   ] Safepoint "Cleanup", Time since last: 60007241219 ns, Reaching safepoint: 137621 ns, At safepoint: 14564 ns, Total: 152185 ns
[2022-09-08T17:23:55.421+0000][7][safepoint   ] Safepoint "Cleanup", Time since last: 60007211576 ns, Reaching safepoint: 146668 ns, At safepoint: 21257 ns, Total: 167925 ns
[2022-09-08T17:34:25.496+0000][7][safepoint   ] Safepoint "Cleanup", Time since last: 630074821198 ns, Reaching safepoint: 155005 ns, At safepoint: 15030 ns, Total: 170035 ns
[2022-09-08T17:36:25.510+0000][7][safepoint   ] Safepoint "Cleanup", Time since last: 120014409422 ns, Reaching safepoint: 120901 ns, At safepoint: 14041 ns, Total: 134942 ns
[2022-09-08T17:37:55.521+0000][7][safepoint   ] Safepoint "Cleanup", Time since last: 90010661801 ns, Reaching safepoint: 139135 ns, At safepoint: 13847 ns, Total: 152982 ns
[2022-09-08T17:38:25.525+0000][7][safepoint   ] Safepoint "Cleanup", Time since last: 30003729340 ns, Reaching safepoint: 138502 ns, At safepoint: 18227 ns, Total: 156729 ns
[2022-09-08T17:41:25.546+0000][7][safepoint   ] Safepoint "Cleanup", Time since last: 180020926530 ns, Reaching safepoint: 139117 ns, At safepoint: 20434 ns, Total: 159551 ns
[2022-09-08T17:46:25.582+0000][7][safepoint   ] Safepoint "Cleanup", Time since last: 300035923800 ns, Reaching safepoint: 147255 ns, At safepoint: 15007 ns, Total: 162262 ns
[2022-09-08T17:48:55.600+0000][7][safepoint   ] Safepoint "Cleanup", Time since last: 150018072170 ns, Reaching safepoint: 148794 ns, At safepoint: 23624 ns, Total: 172418 ns
[2022-09-08T17:49:25.604+0000][7][safepoint   ] Safepoint "Cleanup", Time since last: 30003814529 ns, Reaching safepoint: 143148 ns, At safepoint: 23884 ns, Total: 167032 ns
[2022-09-08T18:06:24.726+0000][7][safepoint   ] Safepoint "Cleanup", Time since last: 1019121531843 ns, Reaching safepoint: 129771 ns, At safepoint: 37647 ns, Total: 167418 ns
[2022-09-08T18:34:25.926+0000][7][safepoint   ] Safepoint "Cleanup", Time since last: 1681199750977 ns, Reaching safepoint: 146826 ns, At safepoint: 20153 ns, Total: 166979 ns
[2022-09-08T18:36:24.940+0000][7][safepoint   ] Safepoint "Cleanup", Time since last: 119014323664 ns, Reaching safepoint: 146718 ns, At safepoint: 15240 ns, Total: 161958 ns
[2022-09-08T18:44:25.998+0000][7][safepoint   ] Safepoint "Cleanup", Time since last: 481057323527 ns, Reaching safepoint: 151758 ns, At safepoint: 19610 ns, Total: 171368 ns
[2022-09-08T18:59:26.103+0000][7][safepoint   ] Safepoint "Cleanup", Time since last: 900105092003 ns, Reaching safepoint: 132538 ns, At safepoint: 13737 ns, Total: 146275 ns
[2022-09-08T19:28:30.815+0000][7][gc,start    ] GC(12) Pause Young (Normal) (G1 Evacuation Pause)
[2022-09-08T19:28:30.816+0000][7][gc,task     ] GC(12) Using 8 workers of 8 for evacuation
[2022-09-08T19:28:30.816+0000][7][gc,age      ] GC(12) Desired survivor size 109051904 bytes, new threshold 15 (max threshold 15)
[2022-09-08T19:28:30.850+0000][7][gc,phases   ] GC(12)   Pre Evacuate Collection Set: 0.3ms
[2022-09-08T19:28:30.850+0000][7][gc,phases   ] GC(12)   Merge Heap Roots: 0.2ms
[2022-09-08T19:28:30.850+0000][7][gc,phases   ] GC(12)   Evacuate Collection Set: 31.3ms
[2022-09-08T19:28:30.850+0000][7][gc,phases   ] GC(12)   Post Evacuate Collection Set: 2.1ms
[2022-09-08T19:28:30.850+0000][7][gc,phases   ] GC(12)   Other: 0.1ms
[2022-09-08T19:28:30.850+0000][7][gc,age      ] GC(12) Age table with threshold 15 (max threshold 15)
[2022-09-08T19:28:30.850+0000][7][gc,age      ] GC(12) - age   1:      20712 bytes,      20712 total
[2022-09-08T19:28:30.850+0000][7][gc,age      ] GC(12) - age   2:      19280 bytes,      39992 total
[2022-09-08T19:28:30.850+0000][7][gc,age      ] GC(12) - age   3:       3104 bytes,      43096 total
[2022-09-08T19:28:30.850+0000][7][gc,age      ] GC(12) - age   4:    2468248 bytes,    2511344 total
[2022-09-08T19:28:30.850+0000][7][gc,age      ] GC(12) - age   5:   12140168 bytes,   14651512 total
[2022-09-08T19:28:30.850+0000][7][gc,age      ] GC(12) - age   6:   22758288 bytes,   37409800 total
[2022-09-08T19:28:30.850+0000][7][gc,age      ] GC(12) - age   7:    9338728 bytes,   46748528 total
[2022-09-08T19:28:30.850+0000][7][gc,age      ] GC(12) - age   8:   27453344 bytes,   74201872 total
[2022-09-08T19:28:30.850+0000][7][gc,age      ] GC(12) - age   9:   17638136 bytes,   91840008 total
[2022-09-08T19:28:30.850+0000][7][gc,heap     ] GC(12) Eden regions: 93->0(415)
[2022-09-08T19:28:30.850+0000][7][gc,heap     ] GC(12) Survivor regions: 6->6(13)
[2022-09-08T19:28:30.850+0000][7][gc,heap     ] GC(12) Old regions: 0->0
[2022-09-08T19:28:30.850+0000][7][gc,heap     ] GC(12) Archive regions: 2->2
[2022-09-08T19:28:30.850+0000][7][gc,heap     ] GC(12) Humongous regions: 0->0
[2022-09-08T19:28:30.850+0000][7][gc,metaspace] GC(12) Metaspace: 109771K(112512K)->109771K(112512K) NonClass: 94763K(96192K)->94763K(96192K) Class: 15007K(16320K)->15007K(16320K)
[2022-09-08T19:28:30.850+0000][7][gc          ] GC(12) Pause Young (Normal) (G1 Evacuation Pause) 1597M->109M(31744M) 34.304ms
[2022-09-08T19:28:30.850+0000][7][gc,cpu      ] GC(12) User=0.26s Sys=0.00s Real=0.04s
[2022-09-08T19:28:30.850+0000][7][safepoint   ] Safepoint "G1CollectForAllocation", Time since last: 1744712068779 ns, Reaching safepoint: 139198 ns, At safepoint: 34379106 ns, Total: 34518304 ns
[2022-09-08T21:05:56.528+0000][7][safepoint   ] Safepoint "Cleanup", Time since last: 5845678299313 ns, Reaching safepoint: 136821 ns, At safepoint: 20180 ns, Total: 157001 ns
[2022-09-08T21:06:26.532+0000][7][safepoint   ] Safepoint "Cleanup", Time since last: 30003620784 ns, Reaching safepoint: 130608 ns, At safepoint: 14880 ns, Total: 145488 ns
[2022-09-08T21:13:55.585+0000][7][safepoint   ] Safepoint "Cleanup", Time since last: 449053326724 ns, Reaching safepoint: 138975 ns, At safepoint: 13350 ns, Total: 152325 ns
[2022-09-08T21:28:25.686+0000][7][safepoint   ] Safepoint "Cleanup", Time since last: 870100658127 ns, Reaching safepoint: 151922 ns, At safepoint: 23260 ns, Total: 175182 ns
[2022-09-08T21:29:55.697+0000][7][safepoint   ] Safepoint "Cleanup", Time since last: 90010385940 ns, Reaching safepoint: 143842 ns, At safepoint: 23744 ns, Total: 167586 ns
[2022-09-08T21:30:55.704+0000][7][safepoint   ] Safepoint "Cleanup", Time since last: 60006972813 ns, Reaching safepoint: 139732 ns, At safepoint: 20150 ns, Total: 159882 ns
[2022-09-08T21:51:25.845+0000][7][safepoint   ] Safepoint "Cleanup", Time since last: 1230140687334 ns, Reaching safepoint: 140094 ns, At safepoint: 18987 ns, Total: 159081 ns
[2022-09-08T22:08:55.968+0000][7][safepoint   ] Safepoint "Cleanup", Time since last: 1050122784987 ns, Reaching safepoint: 156314 ns, At safepoint: 21987 ns, Total: 178301 ns
[2022-09-08T22:16:25.020+0000][7][safepoint   ] Safepoint "Cleanup", Time since last: 449051869791 ns, Reaching safepoint: 141068 ns, At safepoint: 14677 ns, Total: 155745 ns
[2022-09-08T22:22:56.065+0000][7][safepoint   ] Safepoint "Cleanup", Time since last: 391045000001 ns, Reaching safepoint: 152158 ns, At safepoint: 20853 ns, Total: 173011 ns
[2022-09-08T22:36:55.164+0000][7][safepoint   ] Safepoint "Cleanup", Time since last: 839098445543 ns, Reaching safepoint: 142397 ns, At safepoint: 17724 ns, Total: 160121 ns
[2022-09-08T22:39:55.185+0000][7][safepoint   ] Safepoint "Cleanup", Time since last: 180020761106 ns, Reaching safepoint: 142995 ns, At safepoint: 17700 ns, Total: 160695 ns
[2022-09-08T22:39:56.185+0000][7][safepoint   ] Safepoint "Cleanup", Time since last: 1000177113 ns, Reaching safepoint: 111248 ns, At safepoint: 14173 ns, Total: 125421 ns
[2022-09-08T23:05:25.361+0000][7][safepoint   ] Safepoint "Cleanup", Time since last: 1529176380255 ns, Reaching safepoint: 138294 ns, At safepoint: 19970 ns, Total: 158264 ns
[2022-09-08T23:06:24.369+0000][7][safepoint   ] Safepoint "Cleanup", Time since last: 59007326363 ns, Reaching safepoint: 118885 ns, At safepoint: 37170 ns, Total: 156055 ns
[2022-09-08T23:11:26.404+0000][7][safepoint   ] Safepoint "Cleanup", Time since last: 302035107207 ns, Reaching safepoint: 138274 ns, At safepoint: 19280 ns, Total: 157554 ns
[2022-09-08T23:30:55.539+0000][7][safepoint   ] Safepoint "Cleanup", Time since last: 1169135156575 ns, Reaching safepoint: 151888 ns, At safepoint: 23010 ns, Total: 174898 ns
[2022-09-08T23:34:55.567+0000][7][safepoint   ] Safepoint "Cleanup", Time since last: 240027688904 ns, Reaching safepoint: 148129 ns, At safepoint: 22250 ns, Total: 170379 ns
[2022-09-09T00:11:26.819+0000][7][safepoint   ] Safepoint "Cleanup", Time since last: 2191251768482 ns, Reaching safepoint: 142665 ns, At safepoint: 20293 ns, Total: 162958 ns
[2022-09-09T00:16:24.854+0000][7][safepoint   ] Safepoint "Cleanup", Time since last: 298034639544 ns, Reaching safepoint: 133721 ns, At safepoint: 14900 ns, Total: 148621 ns
[2022-09-09T00:25:25.919+0000][7][safepoint   ] Safepoint "Cleanup", Time since last: 541064803892 ns, Reaching safepoint: 153099 ns, At safepoint: 21066 ns, Total: 174165 ns
[2022-09-09T00:35:25.989+0000][7][safepoint   ] Safepoint "Cleanup", Time since last: 600070227558 ns, Reaching safepoint: 155838 ns, At safepoint: 23388 ns, Total: 179226 ns
[2022-09-09T00:52:56.115+0000][7][safepoint   ] Safepoint "Cleanup", Time since last: 1050125169102 ns, Reaching safepoint: 153324 ns, At safepoint: 12477 ns, Total: 165801 ns
[2022-09-09T01:22:56.326+0000][7][safepoint   ] Safepoint "Cleanup", Time since last: 1800210623360 ns, Reaching safepoint: 140415 ns, At safepoint: 14333 ns, Total: 154748 ns
[2022-09-09T01:24:46.338+0000][7][safepoint   ] Safepoint "Cleanup", Time since last: 110012742090 ns, Reaching safepoint: 138131 ns, At safepoint: 19984 ns, Total: 158115 ns
[2022-09-09T01:30:00.375+0000][7][safepoint   ] Safepoint "Cleanup", Time since last: 314036151120 ns, Reaching safepoint: 120704 ns, At safepoint: 15357 ns, Total: 136061 ns
[2022-09-09T01:46:24.486+0000][7][safepoint   ] Safepoint "Cleanup", Time since last: 984111566485 ns, Reaching safepoint: 133769 ns, At safepoint: 15203 ns, Total: 148972 ns
[2022-09-09T02:01:24.591+0000][7][safepoint   ] Safepoint "Cleanup", Time since last: 900104701687 ns, Reaching safepoint: 147305 ns, At safepoint: 21313 ns, Total: 168618 ns
[2022-09-09T02:05:00.617+0000][7][safepoint   ] Safepoint "Cleanup", Time since last: 216025678958 ns, Reaching safepoint: 120478 ns, At safepoint: 14473 ns, Total: 134951 ns
[2022-09-09T02:05:06.618+0000][7][safepoint   ] Safepoint "Cleanup", Time since last: 6000712070 ns, Reaching safepoint: 120388 ns, At safepoint: 13157 ns, Total: 133545 ns
[2022-09-09T02:07:26.634+0000][7][safepoint   ] Safepoint "Cleanup", Time since last: 140015793701 ns, Reaching safepoint: 133598 ns, At safepoint: 15441 ns, Total: 149039 ns
[2022-09-09T02:16:24.695+0000][7][safepoint   ] Safepoint "Cleanup", Time since last: 538060580067 ns, Reaching safepoint: 147768 ns, At safepoint: 14124 ns, Total: 161892 ns
[2022-09-09T02:46:24.902+0000][7][safepoint   ] Safepoint "Cleanup", Time since last: 1800206960776 ns, Reaching safepoint: 142041 ns, At safepoint: 14197 ns, Total: 156238 ns
[2022-09-09T03:00:26.998+0000][7][safepoint   ] Safepoint "Cleanup", Time since last: 842095677499 ns, Reaching safepoint: 153657 ns, At safepoint: 21101 ns, Total: 174758 ns
[2022-09-09T03:06:25.039+0000][7][safepoint   ] Safepoint "Cleanup", Time since last: 358040808336 ns, Reaching safepoint: 142398 ns, At safepoint: 14477 ns, Total: 156875 ns
[2022-09-09T03:16:25.108+0000][7][safepoint   ] Safepoint "Cleanup", Time since last: 600069722838 ns, Reaching safepoint: 144151 ns, At safepoint: 14970 ns, Total: 159121 ns
[2022-09-09T03:26:24.178+0000][7][safepoint   ] Safepoint "Cleanup", Time since last: 599069287415 ns, Reaching safepoint: 128846 ns, At safepoint: 12530 ns, Total: 141376 ns
[2022-09-09T03:31:27.214+0000][7][safepoint   ] Safepoint "Cleanup", Time since last: 303036398408 ns, Reaching safepoint: 160046 ns, At safepoint: 15603 ns, Total: 175649 ns
[2022-09-09T03:36:24.250+0000][7][safepoint   ] Safepoint "Cleanup", Time since last: 297035773656 ns, Reaching safepoint: 118441 ns, At safepoint: 15017 ns, Total: 133458 ns
[2022-09-09T03:46:24.321+0000][7][safepoint   ] Safepoint "Cleanup", Time since last: 600070582922 ns, Reaching safepoint: 142458 ns, At safepoint: 14796 ns, Total: 157254 ns
[2022-09-09T03:46:55.325+0000][7][safepoint   ] Safepoint "Cleanup", Time since last: 31003686531 ns, Reaching safepoint: 137035 ns, At safepoint: 19406 ns, Total: 156441 ns
[2022-09-09T04:09:56.488+0000][7][safepoint   ] Safepoint "Cleanup", Time since last: 1381162404170 ns, Reaching safepoint: 153198 ns, At safepoint: 17751 ns, Total: 170949 ns
[2022-09-09T04:26:56.605+0000][7][safepoint   ] Safepoint "Cleanup", Time since last: 1020117809556 ns, Reaching safepoint: 142525 ns, At safepoint: 18096 ns, Total: 160621 ns
[2022-09-09T04:46:24.739+0000][7][safepoint   ] Safepoint "Cleanup", Time since last: 1168133455756 ns, Reaching safepoint: 138559 ns, At safepoint: 15227 ns, Total: 153786 ns
[2022-09-09T04:49:26.760+0000][7][safepoint   ] Safepoint "Cleanup", Time since last: 182020922291 ns, Reaching safepoint: 135898 ns, At safepoint: 20373 ns, Total: 156271 ns
[2022-09-09T04:51:56.778+0000][7][safepoint   ] Safepoint "Cleanup", Time since last: 150017730491 ns, Reaching safepoint: 147107 ns, At safepoint: 15447 ns, Total: 162554 ns
[2022-09-09T04:56:24.810+0000][7][safepoint   ] Safepoint "Cleanup", Time since last: 268031628869 ns, Reaching safepoint: 134528 ns, At safepoint: 19330 ns, Total: 153858 ns
[2022-09-09T05:01:23.844+0000][7][safepoint   ] Safepoint "Cleanup", Time since last: 299033994457 ns, Reaching safepoint: 142655 ns, At safepoint: 19010 ns, Total: 161665 ns
[2022-09-09T05:05:26.872+0000][7][safepoint   ] Safepoint "Cleanup", Time since last: 243027468615 ns, Reaching safepoint: 139989 ns, At safepoint: 23960 ns, Total: 163949 ns
[2022-09-09T05:22:24.804+0000][7][gc,start    ] GC(13) Pause Young (Normal) (G1 Evacuation Pause)
[2022-09-09T05:22:24.804+0000][7][gc,task     ] GC(13) Using 8 workers of 8 for evacuation
[2022-09-09T05:22:24.804+0000][7][gc,age      ] GC(13) Desired survivor size 444596224 bytes, new threshold 15 (max threshold 15)
[2022-09-09T05:22:24.841+0000][7][gc,phases   ] GC(13)   Pre Evacuate Collection Set: 0.4ms
[2022-09-09T05:22:24.841+0000][7][gc,phases   ] GC(13)   Merge Heap Roots: 0.2ms
[2022-09-09T05:22:24.841+0000][7][gc,phases   ] GC(13)   Evacuate Collection Set: 32.6ms
[2022-09-09T05:22:24.841+0000][7][gc,phases   ] GC(13)   Post Evacuate Collection Set: 3.0ms
[2022-09-09T05:22:24.841+0000][7][gc,phases   ] GC(13)   Other: 0.5ms
[2022-09-09T05:22:24.841+0000][7][gc,age      ] GC(13) Age table with threshold 15 (max threshold 15)
[2022-09-09T05:22:24.841+0000][7][gc,age      ] GC(13) - age   1:     214960 bytes,     214960 total
[2022-09-09T05:22:24.841+0000][7][gc,age      ] GC(13) - age   2:       7096 bytes,     222056 total
[2022-09-09T05:22:24.841+0000][7][gc,age      ] GC(13) - age   3:      17416 bytes,     239472 total
[2022-09-09T05:22:24.841+0000][7][gc,age      ] GC(13) - age   4:       3104 bytes,     242576 total
[2022-09-09T05:22:24.841+0000][7][gc,age      ] GC(13) - age   5:    2467824 bytes,    2710400 total
[2022-09-09T05:22:24.841+0000][7][gc,age      ] GC(13) - age   6:   11881712 bytes,   14592112 total
[2022-09-09T05:22:24.841+0000][7][gc,age      ] GC(13) - age   7:   21665688 bytes,   36257800 total
[2022-09-09T05:22:24.841+0000][7][gc,age      ] GC(13) - age   8:    9141864 bytes,   45399664 total
[2022-09-09T05:22:24.841+0000][7][gc,age      ] GC(13) - age   9:   26845928 bytes,   72245592 total
[2022-09-09T05:22:24.841+0000][7][gc,age      ] GC(13) - age  10:   16983008 bytes,   89228600 total
[2022-09-09T05:22:24.841+0000][7][gc,heap     ] GC(13) Eden regions: 415->0(1184)
[2022-09-09T05:22:24.841+0000][7][gc,heap     ] GC(13) Survivor regions: 6->6(53)
[2022-09-09T05:22:24.841+0000][7][gc,heap     ] GC(13) Old regions: 0->0
[2022-09-09T05:22:24.841+0000][7][gc,heap     ] GC(13) Archive regions: 2->2
[2022-09-09T05:22:24.841+0000][7][gc,heap     ] GC(13) Humongous regions: 0->0
[2022-09-09T05:22:24.841+0000][7][gc,metaspace] GC(13) Metaspace: 110283K(113088K)->110283K(113088K) NonClass: 95198K(96640K)->95198K(96640K) Class: 15085K(16448K)->15085K(16448K)
[2022-09-09T05:22:24.841+0000][7][gc          ] GC(13) Pause Young (Normal) (G1 Evacuation Pause) 6749M->109M(31744M) 36.872ms
[2022-09-09T05:22:24.841+0000][7][gc,cpu      ] GC(13) User=0.26s Sys=0.01s Real=0.03s
[2022-09-09T05:22:24.841+0000][7][safepoint   ] Safepoint "G1CollectForAllocation", Time since last: 1017932338779 ns, Reaching safepoint: 132147 ns, At safepoint: 36950177 ns, Total: 37082324 ns
[2022-09-09T05:45:57.006+0000][7][safepoint   ] Safepoint "Cleanup", Time since last: 1412164285900 ns, Reaching safepoint: 143255 ns, At safepoint: 18120 ns, Total: 161375 ns
[2022-09-09T05:46:25.009+0000][7][safepoint   ] Safepoint "Cleanup", Time since last: 28003372629 ns, Reaching safepoint: 137058 ns, At safepoint: 14893 ns, Total: 151951 ns
[2022-09-09T06:02:57.125+0000][7][safepoint   ] Safepoint "Cleanup", Time since last: 992115424379 ns, Reaching safepoint: 140315 ns, At safepoint: 20073 ns, Total: 160388 ns
[2022-09-09T06:06:27.149+0000][7][safepoint   ] Safepoint "Cleanup", Time since last: 210024396470 ns, Reaching safepoint: 143922 ns, At safepoint: 14877 ns, Total: 158799 ns
[2022-09-09T06:06:57.153+0000][7][safepoint   ] Safepoint "Cleanup", Time since last: 30003392501 ns, Reaching safepoint: 146232 ns, At safepoint: 20156 ns, Total: 166388 ns
[2022-09-09T06:08:27.163+0000][7][safepoint   ] Safepoint "Cleanup", Time since last: 90010261654 ns, Reaching safepoint: 136035 ns, At safepoint: 19510 ns, Total: 155545 ns
[2022-09-09T06:37:57.371+0000][7][safepoint   ] Safepoint "Cleanup", Time since last: 1770207496457 ns, Reaching safepoint: 149244 ns, At safepoint: 18591 ns, Total: 167835 ns
[2022-09-09T06:56:24.501+0000][7][safepoint   ] Safepoint "Cleanup", Time since last: 1107130055797 ns, Reaching safepoint: 135571 ns, At safepoint: 14920 ns, Total: 150491 ns
[2022-09-09T06:59:57.526+0000][7][safepoint   ] Safepoint "Cleanup", Time since last: 213024631758 ns, Reaching safepoint: 141691 ns, At safepoint: 20444 ns, Total: 162135 ns
[2022-09-09T07:01:57.540+0000][7][safepoint   ] Safepoint "Cleanup", Time since last: 120014133131 ns, Reaching safepoint: 142441 ns, At safepoint: 20333 ns, Total: 162774 ns
[2022-09-09T07:02:27.544+0000][7][safepoint   ] Safepoint "Cleanup", Time since last: 30003679579 ns, Reaching safepoint: 143075 ns, At safepoint: 19961 ns, Total: 163036 ns
[2022-09-09T07:04:27.558+0000][7][safepoint   ] Safepoint "Cleanup", Time since last: 120014259437 ns, Reaching safepoint: 146021 ns, At safepoint: 20047 ns, Total: 166068 ns
[2022-09-09T07:06:24.573+0000][7][safepoint   ] Safepoint "Cleanup", Time since last: 117014004614 ns, Reaching safepoint: 135812 ns, At safepoint: 14743 ns, Total: 150555 ns
[2022-09-09T07:16:24.644+0000][7][safepoint   ] Safepoint "Cleanup", Time since last: 600071044307 ns, Reaching safepoint: 132255 ns, At safepoint: 15053 ns, Total: 147308 ns
[2022-09-09T07:41:56.823+0000][7][safepoint   ] Safepoint "Cleanup", Time since last: 1532179459074 ns, Reaching safepoint: 146682 ns, At safepoint: 19850 ns, Total: 166532 ns
[2022-09-09T07:55:56.921+0000][7][safepoint   ] Safepoint "Cleanup", Time since last: 840097129477 ns, Reaching safepoint: 135988 ns, At safepoint: 17760 ns, Total: 153748 ns
[2022-09-09T07:56:24.924+0000][7][safepoint   ] Safepoint "Cleanup", Time since last: 28003277783 ns, Reaching safepoint: 121544 ns, At safepoint: 15253 ns, Total: 136797 ns
[2022-09-09T07:56:26.925+0000][7][safepoint   ] Safepoint "Cleanup", Time since last: 2000328479 ns, Reaching safepoint: 130168 ns, At safepoint: 19750 ns, Total: 149918 ns
[2022-09-09T07:57:26.932+0000][7][safepoint   ] Safepoint "Cleanup", Time since last: 60007161461 ns, Reaching safepoint: 142995 ns, At safepoint: 13223 ns, Total: 156218 ns
[2022-09-09T08:06:24.994+0000][7][safepoint   ] Safepoint "Cleanup", Time since last: 538062446770 ns, Reaching safepoint: 120768 ns, At safepoint: 14997 ns, Total: 135765 ns
[2022-09-09T08:40:27.228+0000][7][safepoint   ] Safepoint "Cleanup", Time since last: 2042233742226 ns, Reaching safepoint: 142714 ns, At safepoint: 15367 ns, Total: 158081 ns
[2022-09-09T08:49:57.295+0000][7][safepoint   ] Safepoint "Cleanup", Time since last: 570066325835 ns, Reaching safepoint: 152745 ns, At safepoint: 22003 ns, Total: 174748 ns
[2022-09-09T09:36:24.622+0000][7][safepoint   ] Safepoint "Cleanup", Time since last: 2787326993059 ns, Reaching safepoint: 161029 ns, At safepoint: 14860 ns, Total: 175889 ns
[2022-09-09T09:36:57.626+0000][7][safepoint   ] Safepoint "Cleanup", Time since last: 33004037400 ns, Reaching safepoint: 147325 ns, At safepoint: 20507 ns, Total: 167832 ns
[2022-09-09T09:46:24.692+0000][7][safepoint   ] Safepoint "Cleanup", Time since last: 567065195396 ns, Reaching safepoint: 130402 ns, At safepoint: 14753 ns, Total: 145155 ns
[2022-09-09T09:47:25.699+0000][7][safepoint   ] Safepoint "Cleanup", Time since last: 61007083228 ns, Reaching safepoint: 144729 ns, At safepoint: 23466 ns, Total: 168195 ns
[2022-09-09T10:01:24.797+0000][7][safepoint   ] Safepoint "Cleanup", Time since last: 839097693062 ns, Reaching safepoint: 132558 ns, At safepoint: 19760 ns, Total: 152318 ns
