[2022-09-07T15:27:33.882+0000][7][gc,init] CardTable entry size: 512
[2022-09-07T15:27:33.882+0000][7][gc     ] Using G1
[2022-09-07T15:27:35.022+0000][7][gc,init] Version: 18.0.2+9-61 (release)
[2022-09-07T15:27:35.022+0000][7][gc,init] CPUs: 8 total, 8 available
[2022-09-07T15:27:35.022+0000][7][gc,init] Memory: 64312M
[2022-09-07T15:27:35.022+0000][7][gc,init] Large Page Support: Disabled
[2022-09-07T15:27:35.022+0000][7][gc,init] NUMA Support: Disabled
[2022-09-07T15:27:35.022+0000][7][gc,init] Compressed Oops: Enabled (Non-zero disjoint base)
[2022-09-07T15:27:35.022+0000][7][gc,init] Heap Region Size: 16M
[2022-09-07T15:27:35.022+0000][7][gc,init] Heap Min Capacity: 31G
[2022-09-07T15:27:35.022+0000][7][gc,init] Heap Initial Capacity: 31G
[2022-09-07T15:27:35.022+0000][7][gc,init] Heap Max Capacity: 31G
[2022-09-07T15:27:35.022+0000][7][gc,init] Pre-touch: Enabled
[2022-09-07T15:27:35.022+0000][7][gc,init] Parallel Workers: 8
[2022-09-07T15:27:35.022+0000][7][gc,init] Concurrent Workers: 2
[2022-09-07T15:27:35.023+0000][7][gc,init] Concurrent Refinement Workers: 8
[2022-09-07T15:27:35.023+0000][7][gc,init] Periodic GC: Disabled
[2022-09-07T15:27:35.023+0000][7][gc,metaspace] CDS archive(s) mapped at: [0x0000000800000000-0x0000000800bae000-0x0000000800bae000), size 12247040, SharedBaseAddress: 0x0000000800000000, ArchiveRelocationMode: 0.
[2022-09-07T15:27:35.023+0000][7][gc,metaspace] Compressed class space mapped at: 0x0000000800c00000-0x0000000840c00000, reserved size: 1073741824
[2022-09-07T15:27:35.023+0000][7][gc,metaspace] Narrow klass base: 0x0000000800000000, Narrow klass shift: 0, Narrow klass range: 0x100000000
[2022-09-07T15:27:35.560+0000][7][safepoint   ] Safepoint "ICBufferFull", Time since last: 531859376 ns, Reaching safepoint: 103281 ns, At safepoint: 5297 ns, Total: 108578 ns
[2022-09-07T15:27:35.900+0000][7][safepoint   ] Safepoint "ICBufferFull", Time since last: 339483754 ns, Reaching safepoint: 175292 ns, At safepoint: 6711 ns, Total: 182003 ns
[2022-09-07T15:27:36.324+0000][7][safepoint   ] Safepoint "ICBufferFull", Time since last: 424173150 ns, Reaching safepoint: 118684 ns, At safepoint: 5425 ns, Total: 124109 ns
[2022-09-07T15:27:36.809+0000][7][safepoint   ] Safepoint "ICBufferFull", Time since last: 484782266 ns, Reaching safepoint: 198196 ns, At safepoint: 9539 ns, Total: 207735 ns
[2022-09-07T15:27:37.576+0000][7][safepoint   ] Safepoint "ICBufferFull", Time since last: 767000955 ns, Reaching safepoint: 102132 ns, At safepoint: 4564 ns, Total: 106696 ns
[2022-09-07T15:27:37.766+0000][7][gc,start    ] GC(0) Pause Young (Concurrent Start) (Metadata GC Threshold)
[2022-09-07T15:27:37.766+0000][7][gc,task     ] GC(0) Using 8 workers of 8 for evacuation
[2022-09-07T15:27:37.766+0000][7][gc,age      ] GC(0) Desired survivor size 109051904 bytes, new threshold 15 (max threshold 15)
[2022-09-07T15:27:37.775+0000][7][gc,phases   ] GC(0)   Pre Evacuate Collection Set: 0.5ms
[2022-09-07T15:27:37.775+0000][7][gc,phases   ] GC(0)   Merge Heap Roots: 0.5ms
[2022-09-07T15:27:37.775+0000][7][gc,phases   ] GC(0)   Evacuate Collection Set: 7.0ms
[2022-09-07T15:27:37.775+0000][7][gc,phases   ] GC(0)   Post Evacuate Collection Set: 0.9ms
[2022-09-07T15:27:37.775+0000][7][gc,phases   ] GC(0)   Other: 0.1ms
[2022-09-07T15:27:37.775+0000][7][gc,age      ] GC(0) Age table with threshold 15 (max threshold 15)
[2022-09-07T15:27:37.775+0000][7][gc,age      ] GC(0) - age   1:   18087104 bytes,   18087104 total
[2022-09-07T15:27:37.775+0000][7][gc,heap     ] GC(0) Eden regions: 69->0(97)
[2022-09-07T15:27:37.775+0000][7][gc,heap     ] GC(0) Survivor regions: 0->2(13)
[2022-09-07T15:27:37.775+0000][7][gc,heap     ] GC(0) Old regions: 0->0
[2022-09-07T15:27:37.775+0000][7][gc,heap     ] GC(0) Archive regions: 2->2
[2022-09-07T15:27:37.775+0000][7][gc,heap     ] GC(0) Humongous regions: 0->0
[2022-09-07T15:27:37.775+0000][7][gc,metaspace] GC(0) Metaspace: 20969K(21504K)->20969K(21504K) NonClass: 18469K(18816K)->18469K(18816K) Class: 2499K(2688K)->2499K(2688K)
[2022-09-07T15:27:37.775+0000][7][gc          ] GC(0) Pause Young (Concurrent Start) (Metadata GC Threshold) 1119M->33M(31744M) 9.313ms
[2022-09-07T15:27:37.775+0000][7][gc,cpu      ] GC(0) User=0.06s Sys=0.01s Real=0.01s
[2022-09-07T15:27:37.775+0000][7][gc          ] GC(1) Concurrent Mark Cycle
[2022-09-07T15:27:37.775+0000][7][gc,marking  ] GC(1) Concurrent Clear Claimed Marks
[2022-09-07T15:27:37.775+0000][7][gc,marking  ] GC(1) Concurrent Clear Claimed Marks 0.032ms
[2022-09-07T15:27:37.775+0000][7][gc,marking  ] GC(1) Concurrent Scan Root Regions
[2022-09-07T15:27:37.775+0000][7][safepoint   ] Safepoint "CollectForMetadataAllocation", Time since last: 189199516 ns, Reaching safepoint: 142038 ns, At safepoint: 9458223 ns, Total: 9600261 ns
[2022-09-07T15:27:37.781+0000][7][gc,marking  ] GC(1) Concurrent Scan Root Regions 6.310ms
[2022-09-07T15:27:37.781+0000][7][gc,marking  ] GC(1) Concurrent Mark
[2022-09-07T15:27:37.781+0000][7][gc,marking  ] GC(1) Concurrent Mark From Roots
[2022-09-07T15:27:37.781+0000][7][gc,task     ] GC(1) Using 2 workers of 2 for marking
[2022-09-07T15:27:37.784+0000][7][gc,marking  ] GC(1) Concurrent Mark From Roots 2.913ms
[2022-09-07T15:27:37.784+0000][7][gc,marking  ] GC(1) Concurrent Preclean
[2022-09-07T15:27:37.784+0000][7][gc,marking  ] GC(1) Concurrent Preclean 0.008ms
[2022-09-07T15:27:37.785+0000][7][gc,start    ] GC(1) Pause Remark
[2022-09-07T15:27:37.787+0000][7][gc          ] GC(1) Pause Remark 45M->45M(31744M) 2.191ms
[2022-09-07T15:27:37.787+0000][7][gc,cpu      ] GC(1) User=0.02s Sys=0.00s Real=0.00s
[2022-09-07T15:27:37.787+0000][7][safepoint   ] Safepoint "G1Concurrent", Time since last: 9338029 ns, Reaching safepoint: 114770 ns, At safepoint: 2257775 ns, Total: 2372545 ns
[2022-09-07T15:27:37.787+0000][7][gc,marking  ] GC(1) Concurrent Mark 5.388ms
[2022-09-07T15:27:37.787+0000][7][gc,marking  ] GC(1) Concurrent Rebuild Remembered Sets
[2022-09-07T15:27:37.787+0000][7][gc,marking  ] GC(1) Concurrent Rebuild Remembered Sets 0.005ms
[2022-09-07T15:27:37.787+0000][7][gc,start    ] GC(1) Pause Cleanup
[2022-09-07T15:27:37.787+0000][7][gc          ] GC(1) Pause Cleanup 45M->45M(31744M) 0.010ms
[2022-09-07T15:27:37.787+0000][7][gc,cpu      ] GC(1) User=0.00s Sys=0.00s Real=0.00s
[2022-09-07T15:27:37.787+0000][7][safepoint   ] Safepoint "G1Concurrent", Time since last: 54307 ns, Reaching safepoint: 105303 ns, At safepoint: 31833 ns, Total: 137136 ns
[2022-09-07T15:27:37.787+0000][7][gc,marking  ] GC(1) Concurrent Cleanup for Next Mark
[2022-09-07T15:27:37.807+0000][7][gc,marking  ] GC(1) Concurrent Cleanup for Next Mark 19.709ms
[2022-09-07T15:27:37.807+0000][7][gc          ] GC(1) Concurrent Mark Cycle 31.751ms
[2022-09-07T15:27:38.403+0000][7][safepoint   ] Safepoint "ICBufferFull", Time since last: 616333645 ns, Reaching safepoint: 159705 ns, At safepoint: 8631 ns, Total: 168336 ns
[2022-09-07T15:27:38.815+0000][7][safepoint   ] Safepoint "ICBufferFull", Time since last: 411438721 ns, Reaching safepoint: 186622 ns, At safepoint: 9033 ns, Total: 195655 ns
[2022-09-07T15:27:39.816+0000][7][safepoint   ] Safepoint "Cleanup", Time since last: 1000147194 ns, Reaching safepoint: 244778 ns, At safepoint: 9727 ns, Total: 254505 ns
[2022-09-07T15:27:39.983+0000][7][gc,start    ] GC(2) Pause Young (Concurrent Start) (Metadata GC Threshold)
[2022-09-07T15:27:39.983+0000][7][gc,task     ] GC(2) Using 8 workers of 8 for evacuation
[2022-09-07T15:27:39.983+0000][7][gc,age      ] GC(2) Desired survivor size 109051904 bytes, new threshold 15 (max threshold 15)
[2022-09-07T15:27:40.000+0000][7][gc,phases   ] GC(2)   Pre Evacuate Collection Set: 0.3ms
[2022-09-07T15:27:40.000+0000][7][gc,phases   ] GC(2)   Merge Heap Roots: 0.1ms
[2022-09-07T15:27:40.000+0000][7][gc,phases   ] GC(2)   Evacuate Collection Set: 15.9ms
[2022-09-07T15:27:40.000+0000][7][gc,phases   ] GC(2)   Post Evacuate Collection Set: 1.2ms
[2022-09-07T15:27:40.000+0000][7][gc,phases   ] GC(2)   Other: 0.0ms
[2022-09-07T15:27:40.000+0000][7][gc,age      ] GC(2) Age table with threshold 15 (max threshold 15)
[2022-09-07T15:27:40.000+0000][7][gc,age      ] GC(2) - age   1:   28202592 bytes,   28202592 total
[2022-09-07T15:27:40.000+0000][7][gc,age      ] GC(2) - age   2:   17707472 bytes,   45910064 total
[2022-09-07T15:27:40.000+0000][7][gc,heap     ] GC(2) Eden regions: 33->0(96)
[2022-09-07T15:27:40.000+0000][7][gc,heap     ] GC(2) Survivor regions: 2->3(13)
[2022-09-07T15:27:40.000+0000][7][gc,heap     ] GC(2) Old regions: 0->0
[2022-09-07T15:27:40.000+0000][7][gc,heap     ] GC(2) Archive regions: 2->2
[2022-09-07T15:27:40.000+0000][7][gc,heap     ] GC(2) Humongous regions: 0->0
[2022-09-07T15:27:40.000+0000][7][gc,metaspace] GC(2) Metaspace: 34909K(35968K)->34909K(35968K) NonClass: 30433K(31040K)->30433K(31040K) Class: 4476K(4928K)->4476K(4928K)
[2022-09-07T15:27:40.000+0000][7][gc          ] GC(2) Pause Young (Concurrent Start) (Metadata GC Threshold) 553M->60M(31744M) 17.659ms
[2022-09-07T15:27:40.000+0000][7][gc,cpu      ] GC(2) User=0.13s Sys=0.00s Real=0.01s
[2022-09-07T15:27:40.000+0000][7][gc          ] GC(3) Concurrent Mark Cycle
[2022-09-07T15:27:40.000+0000][7][gc,marking  ] GC(3) Concurrent Clear Claimed Marks
[2022-09-07T15:27:40.000+0000][7][safepoint   ] Safepoint "CollectForMetadataAllocation", Time since last: 167021373 ns, Reaching safepoint: 82707 ns, At safepoint: 17754658 ns, Total: 17837365 ns
[2022-09-07T15:27:40.000+0000][7][gc,marking  ] GC(3) Concurrent Clear Claimed Marks 0.049ms
[2022-09-07T15:27:40.000+0000][7][gc,marking  ] GC(3) Concurrent Scan Root Regions
[2022-09-07T15:27:40.013+0000][7][gc,marking  ] GC(3) Concurrent Scan Root Regions 12.900ms
[2022-09-07T15:27:40.013+0000][7][gc,marking  ] GC(3) Concurrent Mark
[2022-09-07T15:27:40.013+0000][7][gc,marking  ] GC(3) Concurrent Mark From Roots
[2022-09-07T15:27:40.013+0000][7][gc,task     ] GC(3) Using 2 workers of 2 for marking
[2022-09-07T15:27:40.015+0000][7][safepoint   ] Safepoint "CollectForMetadataAllocation", Time since last: 14125127 ns, Reaching safepoint: 46038 ns, At safepoint: 47728 ns, Total: 93766 ns
[2022-09-07T15:27:40.017+0000][7][gc,marking  ] GC(3) Concurrent Mark From Roots 3.386ms
[2022-09-07T15:27:40.017+0000][7][gc,marking  ] GC(3) Concurrent Preclean
[2022-09-07T15:27:40.017+0000][7][gc,marking  ] GC(3) Concurrent Preclean 0.024ms
[2022-09-07T15:27:40.017+0000][7][gc,start    ] GC(3) Pause Remark
[2022-09-07T15:27:40.019+0000][7][gc          ] GC(3) Pause Remark 68M->68M(31744M) 1.632ms
[2022-09-07T15:27:40.019+0000][7][gc,cpu      ] GC(3) User=0.01s Sys=0.00s Real=0.00s
[2022-09-07T15:27:40.019+0000][7][safepoint   ] Safepoint "G1Concurrent", Time since last: 2234963 ns, Reaching safepoint: 112446 ns, At safepoint: 1676603 ns, Total: 1789049 ns
[2022-09-07T15:27:40.019+0000][7][gc,marking  ] GC(3) Concurrent Mark 5.308ms
[2022-09-07T15:27:40.019+0000][7][gc,marking  ] GC(3) Concurrent Rebuild Remembered Sets
[2022-09-07T15:27:40.019+0000][7][gc,marking  ] GC(3) Concurrent Rebuild Remembered Sets 0.005ms
[2022-09-07T15:27:40.022+0000][7][gc,start    ] GC(3) Pause Cleanup
[2022-09-07T15:27:40.022+0000][7][gc          ] GC(3) Pause Cleanup 68M->68M(31744M) 0.020ms
[2022-09-07T15:27:40.022+0000][7][gc,cpu      ] GC(3) User=0.00s Sys=0.00s Real=0.00s
[2022-09-07T15:27:40.022+0000][7][safepoint   ] Safepoint "G1Concurrent", Time since last: 64972 ns, Reaching safepoint: 3189728 ns, At safepoint: 63601 ns, Total: 3253329 ns
[2022-09-07T15:27:40.022+0000][7][gc,marking  ] GC(3) Concurrent Cleanup for Next Mark
[2022-09-07T15:27:40.042+0000][7][gc,marking  ] GC(3) Concurrent Cleanup for Next Mark 20.320ms
[2022-09-07T15:27:40.042+0000][7][gc          ] GC(3) Concurrent Mark Cycle 42.013ms
[2022-09-07T15:27:40.905+0000][7][safepoint   ] Safepoint "ICBufferFull", Time since last: 883050151 ns, Reaching safepoint: 125529 ns, At safepoint: 10389 ns, Total: 135918 ns
[2022-09-07T15:27:41.550+0000][7][safepoint   ] Safepoint "ICBufferFull", Time since last: 644881187 ns, Reaching safepoint: 192197 ns, At safepoint: 7231 ns, Total: 199428 ns
[2022-09-07T15:27:42.161+0000][7][gc,start    ] GC(4) Pause Young (Concurrent Start) (Metadata GC Threshold)
[2022-09-07T15:27:42.161+0000][7][gc,task     ] GC(4) Using 8 workers of 8 for evacuation
[2022-09-07T15:27:42.161+0000][7][gc,age      ] GC(4) Desired survivor size 109051904 bytes, new threshold 15 (max threshold 15)
[2022-09-07T15:27:42.181+0000][7][gc,phases   ] GC(4)   Pre Evacuate Collection Set: 0.3ms
[2022-09-07T15:27:42.181+0000][7][gc,phases   ] GC(4)   Merge Heap Roots: 0.1ms
[2022-09-07T15:27:42.181+0000][7][gc,phases   ] GC(4)   Evacuate Collection Set: 18.4ms
[2022-09-07T15:27:42.181+0000][7][gc,phases   ] GC(4)   Post Evacuate Collection Set: 1.4ms
[2022-09-07T15:27:42.181+0000][7][gc,phases   ] GC(4)   Other: 0.1ms
[2022-09-07T15:27:42.181+0000][7][gc,age      ] GC(4) Age table with threshold 15 (max threshold 15)
[2022-09-07T15:27:42.181+0000][7][gc,age      ] GC(4) - age   1:   10094896 bytes,   10094896 total
[2022-09-07T15:27:42.181+0000][7][gc,age      ] GC(4) - age   2:   27756992 bytes,   37851888 total
[2022-09-07T15:27:42.181+0000][7][gc,age      ] GC(4) - age   3:   17621504 bytes,   55473392 total
[2022-09-07T15:27:42.181+0000][7][gc,heap     ] GC(4) Eden regions: 25->0(95)
[2022-09-07T15:27:42.181+0000][7][gc,heap     ] GC(4) Survivor regions: 3->4(13)
[2022-09-07T15:27:42.181+0000][7][gc,heap     ] GC(4) Old regions: 0->0
[2022-09-07T15:27:42.181+0000][7][gc,heap     ] GC(4) Archive regions: 2->2
[2022-09-07T15:27:42.181+0000][7][gc,heap     ] GC(4) Humongous regions: 0->0
[2022-09-07T15:27:42.181+0000][7][gc,metaspace] GC(4) Metaspace: 59247K(60608K)->59247K(60608K) NonClass: 51465K(52224K)->51465K(52224K) Class: 7782K(8384K)->7782K(8384K)
[2022-09-07T15:27:42.181+0000][7][gc          ] GC(4) Pause Young (Concurrent Start) (Metadata GC Threshold) 460M->72M(31744M) 20.412ms
[2022-09-07T15:27:42.181+0000][7][gc,cpu      ] GC(4) User=0.15s Sys=0.00s Real=0.02s
[2022-09-07T15:27:42.181+0000][7][gc          ] GC(5) Concurrent Mark Cycle
[2022-09-07T15:27:42.181+0000][7][gc,marking  ] GC(5) Concurrent Clear Claimed Marks
[2022-09-07T15:27:42.181+0000][7][safepoint   ] Safepoint "CollectForMetadataAllocation", Time since last: 609863936 ns, Reaching safepoint: 646485 ns, At safepoint: 20523837 ns, Total: 21170322 ns
[2022-09-07T15:27:42.181+0000][7][gc,marking  ] GC(5) Concurrent Clear Claimed Marks 0.063ms
[2022-09-07T15:27:42.181+0000][7][gc,marking  ] GC(5) Concurrent Scan Root Regions
[2022-09-07T15:27:42.198+0000][7][gc,marking  ] GC(5) Concurrent Scan Root Regions 17.183ms
[2022-09-07T15:27:42.198+0000][7][gc,marking  ] GC(5) Concurrent Mark
[2022-09-07T15:27:42.199+0000][7][gc,marking  ] GC(5) Concurrent Mark From Roots
[2022-09-07T15:27:42.199+0000][7][gc,task     ] GC(5) Using 2 workers of 2 for marking
[2022-09-07T15:27:42.202+0000][7][gc,marking  ] GC(5) Concurrent Mark From Roots 3.741ms
[2022-09-07T15:27:42.202+0000][7][gc,marking  ] GC(5) Concurrent Preclean
[2022-09-07T15:27:42.202+0000][7][gc,marking  ] GC(5) Concurrent Preclean 0.010ms
[2022-09-07T15:27:42.202+0000][7][gc,start    ] GC(5) Pause Remark
[2022-09-07T15:27:42.205+0000][7][gc          ] GC(5) Pause Remark 80M->80M(31744M) 2.947ms
[2022-09-07T15:27:42.205+0000][7][gc,cpu      ] GC(5) User=0.02s Sys=0.00s Real=0.00s
[2022-09-07T15:27:42.206+0000][7][safepoint   ] Safepoint "G1Concurrent", Time since last: 21093393 ns, Reaching safepoint: 124153 ns, At safepoint: 3082873 ns, Total: 3207026 ns
[2022-09-07T15:27:42.206+0000][7][gc,marking  ] GC(5) Concurrent Mark 7.064ms
[2022-09-07T15:27:42.206+0000][7][gc,marking  ] GC(5) Concurrent Rebuild Remembered Sets
[2022-09-07T15:27:42.206+0000][7][gc,marking  ] GC(5) Concurrent Rebuild Remembered Sets 0.012ms
[2022-09-07T15:27:42.206+0000][7][gc,start    ] GC(5) Pause Cleanup
[2022-09-07T15:27:42.206+0000][7][gc          ] GC(5) Pause Cleanup 80M->80M(31744M) 0.015ms
[2022-09-07T15:27:42.206+0000][7][gc,cpu      ] GC(5) User=0.00s Sys=0.00s Real=0.00s
[2022-09-07T15:27:42.206+0000][7][safepoint   ] Safepoint "G1Concurrent", Time since last: 99126 ns, Reaching safepoint: 117361 ns, At safepoint: 45650 ns, Total: 163011 ns
[2022-09-07T15:27:42.206+0000][7][gc,marking  ] GC(5) Concurrent Cleanup for Next Mark
[2022-09-07T15:27:42.228+0000][7][gc,marking  ] GC(5) Concurrent Cleanup for Next Mark 21.844ms
[2022-09-07T15:27:42.228+0000][7][gc          ] GC(5) Concurrent Mark Cycle 46.583ms
[2022-09-07T15:27:43.281+0000][7][safepoint   ] Safepoint "ICBufferFull", Time since last: 1075296431 ns, Reaching safepoint: 246263 ns, At safepoint: 7141 ns, Total: 253404 ns
[2022-09-07T15:27:43.556+0000][7][safepoint   ] Safepoint "ICBufferFull", Time since last: 274649975 ns, Reaching safepoint: 110806 ns, At safepoint: 5452 ns, Total: 116258 ns
[2022-09-07T15:27:44.190+0000][7][safepoint   ] Safepoint "ICBufferFull", Time since last: 633601433 ns, Reaching safepoint: 376692 ns, At safepoint: 9524 ns, Total: 386216 ns
[2022-09-07T15:27:45.067+0000][7][safepoint   ] Safepoint "ICBufferFull", Time since last: 876221838 ns, Reaching safepoint: 253184 ns, At safepoint: 5851 ns, Total: 259035 ns
[2022-09-07T15:27:45.675+0000][7][safepoint   ] Safepoint "ICBufferFull", Time since last: 608102961 ns, Reaching safepoint: 134082 ns, At safepoint: 7880 ns, Total: 141962 ns
[2022-09-07T15:27:46.153+0000][7][gc,start    ] GC(6) Pause Young (Concurrent Start) (Metadata GC Threshold)
[2022-09-07T15:27:46.153+0000][7][gc,task     ] GC(6) Using 8 workers of 8 for evacuation
[2022-09-07T15:27:46.153+0000][7][gc,age      ] GC(6) Desired survivor size 109051904 bytes, new threshold 15 (max threshold 15)
[2022-09-07T15:27:46.180+0000][7][gc,phases   ] GC(6)   Pre Evacuate Collection Set: 0.4ms
[2022-09-07T15:27:46.180+0000][7][gc,phases   ] GC(6)   Merge Heap Roots: 0.1ms
[2022-09-07T15:27:46.180+0000][7][gc,phases   ] GC(6)   Evacuate Collection Set: 24.5ms
[2022-09-07T15:27:46.180+0000][7][gc,phases   ] GC(6)   Post Evacuate Collection Set: 1.8ms
[2022-09-07T15:27:46.180+0000][7][gc,phases   ] GC(6)   Other: 0.0ms
[2022-09-07T15:27:46.180+0000][7][gc,age      ] GC(6) Age table with threshold 15 (max threshold 15)
[2022-09-07T15:27:46.180+0000][7][gc,age      ] GC(6) - age   1:   23442744 bytes,   23442744 total
[2022-09-07T15:27:46.180+0000][7][gc,age      ] GC(6) - age   2:    9375160 bytes,   32817904 total
[2022-09-07T15:27:46.180+0000][7][gc,age      ] GC(6) - age   3:   27650184 bytes,   60468088 total
[2022-09-07T15:27:46.180+0000][7][gc,age      ] GC(6) - age   4:   17520584 bytes,   77988672 total
[2022-09-07T15:27:46.180+0000][7][gc,heap     ] GC(6) Eden regions: 33->0(93)
[2022-09-07T15:27:46.180+0000][7][gc,heap     ] GC(6) Survivor regions: 4->6(13)
[2022-09-07T15:27:46.180+0000][7][gc,heap     ] GC(6) Old regions: 0->0
[2022-09-07T15:27:46.180+0000][7][gc,heap     ] GC(6) Archive regions: 2->2
[2022-09-07T15:27:46.180+0000][7][gc,heap     ] GC(6) Humongous regions: 0->0
[2022-09-07T15:27:46.180+0000][7][gc,metaspace] GC(6) Metaspace: 98612K(101376K)->98612K(101376K) NonClass: 84955K(86400K)->84955K(86400K) Class: 13656K(14976K)->13656K(14976K)
[2022-09-07T15:27:46.180+0000][7][gc          ] GC(6) Pause Young (Concurrent Start) (Metadata GC Threshold) 600M->97M(31744M) 27.033ms
[2022-09-07T15:27:46.180+0000][7][gc,cpu      ] GC(6) User=0.21s Sys=0.00s Real=0.02s
[2022-09-07T15:27:46.180+0000][7][gc          ] GC(7) Concurrent Mark Cycle
[2022-09-07T15:27:46.180+0000][7][gc,marking  ] GC(7) Concurrent Clear Claimed Marks
[2022-09-07T15:27:46.180+0000][7][safepoint   ] Safepoint "CollectForMetadataAllocation", Time since last: 478130415 ns, Reaching safepoint: 115008 ns, At safepoint: 27147353 ns, Total: 27262361 ns
[2022-09-07T15:27:46.180+0000][7][gc,marking  ] GC(7) Concurrent Clear Claimed Marks 0.185ms
[2022-09-07T15:27:46.180+0000][7][gc,marking  ] GC(7) Concurrent Scan Root Regions
[2022-09-07T15:27:46.203+0000][7][gc,marking  ] GC(7) Concurrent Scan Root Regions 22.810ms
[2022-09-07T15:27:46.203+0000][7][gc,marking  ] GC(7) Concurrent Mark
[2022-09-07T15:27:46.203+0000][7][gc,marking  ] GC(7) Concurrent Mark From Roots
[2022-09-07T15:27:46.203+0000][7][gc,task     ] GC(7) Using 2 workers of 2 for marking
[2022-09-07T15:27:46.207+0000][7][gc,marking  ] GC(7) Concurrent Mark From Roots 3.461ms
[2022-09-07T15:27:46.207+0000][7][gc,marking  ] GC(7) Concurrent Preclean
[2022-09-07T15:27:46.207+0000][7][gc,marking  ] GC(7) Concurrent Preclean 0.010ms
[2022-09-07T15:27:46.207+0000][7][gc,start    ] GC(7) Pause Remark
[2022-09-07T15:27:46.210+0000][7][gc          ] GC(7) Pause Remark 129M->129M(31744M) 2.980ms
[2022-09-07T15:27:46.210+0000][7][gc,cpu      ] GC(7) User=0.01s Sys=0.00s Real=0.01s
[2022-09-07T15:27:46.210+0000][7][safepoint   ] Safepoint "G1Concurrent", Time since last: 26566893 ns, Reaching safepoint: 47277 ns, At safepoint: 3053410 ns, Total: 3100687 ns
[2022-09-07T15:27:46.210+0000][7][gc,marking  ] GC(7) Concurrent Mark 6.673ms
[2022-09-07T15:27:46.210+0000][7][gc,marking  ] GC(7) Concurrent Rebuild Remembered Sets
[2022-09-07T15:27:46.210+0000][7][gc,marking  ] GC(7) Concurrent Rebuild Remembered Sets 0.012ms
[2022-09-07T15:27:46.210+0000][7][gc,start    ] GC(7) Pause Cleanup
[2022-09-07T15:27:46.210+0000][7][gc          ] GC(7) Pause Cleanup 129M->129M(31744M) 0.011ms
[2022-09-07T15:27:46.210+0000][7][gc,cpu      ] GC(7) User=0.00s Sys=0.00s Real=0.00s
[2022-09-07T15:27:46.210+0000][7][safepoint   ] Safepoint "G1Concurrent", Time since last: 96619 ns, Reaching safepoint: 42901 ns, At safepoint: 34124 ns, Total: 77025 ns
[2022-09-07T15:27:46.210+0000][7][gc,marking  ] GC(7) Concurrent Cleanup for Next Mark
[2022-09-07T15:27:46.229+0000][7][gc,marking  ] GC(7) Concurrent Cleanup for Next Mark 19.113ms
[2022-09-07T15:27:46.229+0000][7][gc          ] GC(7) Concurrent Mark Cycle 49.128ms
[2022-09-07T15:27:47.264+0000][7][safepoint   ] Safepoint "Cleanup", Time since last: 1053702156 ns, Reaching safepoint: 196378 ns, At safepoint: 18169 ns, Total: 214547 ns
[2022-09-07T15:27:48.080+0000][7][safepoint   ] Safepoint "ICBufferFull", Time since last: 816020786 ns, Reaching safepoint: 125240 ns, At safepoint: 8543 ns, Total: 133783 ns
[2022-09-07T15:27:48.889+0000][7][safepoint   ] Safepoint "ICBufferFull", Time since last: 808292942 ns, Reaching safepoint: 258660 ns, At safepoint: 13126 ns, Total: 271786 ns
[2022-09-07T15:27:49.889+0000][7][safepoint   ] Safepoint "Cleanup", Time since last: 1000227350 ns, Reaching safepoint: 120535 ns, At safepoint: 13587 ns, Total: 134122 ns
[2022-09-07T15:27:50.889+0000][7][safepoint   ] Safepoint "Cleanup", Time since last: 1000196102 ns, Reaching safepoint: 126874 ns, At safepoint: 12387 ns, Total: 139261 ns
[2022-09-07T15:27:51.890+0000][7][safepoint   ] Safepoint "Cleanup", Time since last: 1000183120 ns, Reaching safepoint: 119144 ns, At safepoint: 13777 ns, Total: 132921 ns
[2022-09-07T15:28:00.891+0000][7][safepoint   ] Safepoint "Cleanup", Time since last: 9001115393 ns, Reaching safepoint: 114965 ns, At safepoint: 13133 ns, Total: 128098 ns
[2022-09-07T15:28:03.891+0000][7][safepoint   ] Safepoint "Cleanup", Time since last: 3000400911 ns, Reaching safepoint: 113161 ns, At safepoint: 13787 ns, Total: 126948 ns
[2022-09-07T15:28:06.892+0000][7][safepoint   ] Safepoint "Cleanup", Time since last: 3000397772 ns, Reaching safepoint: 136458 ns, At safepoint: 13827 ns, Total: 150285 ns
[2022-09-07T15:28:07.892+0000][7][safepoint   ] Safepoint "Cleanup", Time since last: 1000175471 ns, Reaching safepoint: 120327 ns, At safepoint: 13840 ns, Total: 134167 ns
[2022-09-07T15:28:08.893+0000][7][safepoint   ] Safepoint "Cleanup", Time since last: 1000182767 ns, Reaching safepoint: 119801 ns, At safepoint: 14111 ns, Total: 133912 ns
[2022-09-07T15:28:09.893+0000][7][safepoint   ] Safepoint "Cleanup", Time since last: 1000188339 ns, Reaching safepoint: 112754 ns, At safepoint: 13650 ns, Total: 126404 ns
[2022-09-07T15:28:11.893+0000][7][safepoint   ] Safepoint "Cleanup", Time since last: 2000308310 ns, Reaching safepoint: 109711 ns, At safepoint: 14020 ns, Total: 123731 ns
[2022-09-07T15:28:12.894+0000][7][safepoint   ] Safepoint "Cleanup", Time since last: 1000187518 ns, Reaching safepoint: 167089 ns, At safepoint: 12877 ns, Total: 179966 ns
[2022-09-07T15:28:13.894+0000][7][safepoint   ] Safepoint "Cleanup", Time since last: 1000182848 ns, Reaching safepoint: 115235 ns, At safepoint: 12496 ns, Total: 127731 ns
[2022-09-07T15:28:15.895+0000][7][safepoint   ] Safepoint "Cleanup", Time since last: 2000333112 ns, Reaching safepoint: 123788 ns, At safepoint: 14201 ns, Total: 137989 ns
[2022-09-07T15:28:16.895+0000][7][safepoint   ] Safepoint "Cleanup", Time since last: 1000213715 ns, Reaching safepoint: 121064 ns, At safepoint: 12950 ns, Total: 134014 ns
[2022-09-07T15:28:17.895+0000][7][safepoint   ] Safepoint "Cleanup", Time since last: 1000191940 ns, Reaching safepoint: 118395 ns, At safepoint: 14153 ns, Total: 132548 ns
[2022-09-07T15:28:21.896+0000][7][safepoint   ] Safepoint "Cleanup", Time since last: 4000533928 ns, Reaching safepoint: 121505 ns, At safepoint: 14730 ns, Total: 136235 ns
[2022-09-07T15:28:22.896+0000][7][safepoint   ] Safepoint "Cleanup", Time since last: 1000198264 ns, Reaching safepoint: 117767 ns, At safepoint: 13994 ns, Total: 131761 ns
[2022-09-07T15:28:23.897+0000][7][safepoint   ] Safepoint "Cleanup", Time since last: 1000218408 ns, Reaching safepoint: 117378 ns, At safepoint: 13087 ns, Total: 130465 ns
[2022-09-07T15:28:24.897+0000][7][safepoint   ] Safepoint "Cleanup", Time since last: 1000210307 ns, Reaching safepoint: 116118 ns, At safepoint: 13643 ns, Total: 129761 ns
[2022-09-07T15:28:27.897+0000][7][safepoint   ] Safepoint "Cleanup", Time since last: 3000404329 ns, Reaching safepoint: 117834 ns, At safepoint: 14134 ns, Total: 131968 ns
[2022-09-07T15:28:33.898+0000][7][safepoint   ] Safepoint "Cleanup", Time since last: 6000759187 ns, Reaching safepoint: 123668 ns, At safepoint: 14993 ns, Total: 138661 ns
[2022-09-07T15:28:34.899+0000][7][safepoint   ] Safepoint "Cleanup", Time since last: 1000182374 ns, Reaching safepoint: 115468 ns, At safepoint: 13880 ns, Total: 129348 ns
[2022-09-07T15:28:37.899+0000][7][safepoint   ] Safepoint "Cleanup", Time since last: 3000454699 ns, Reaching safepoint: 133534 ns, At safepoint: 14011 ns, Total: 147545 ns
[2022-09-07T15:28:38.900+0000][7][safepoint   ] Safepoint "Cleanup", Time since last: 1000182826 ns, Reaching safepoint: 119517 ns, At safepoint: 12090 ns, Total: 131607 ns
[2022-09-07T15:28:42.900+0000][7][safepoint   ] Safepoint "Cleanup", Time since last: 4000555691 ns, Reaching safepoint: 121228 ns, At safepoint: 13923 ns, Total: 135151 ns
[2022-09-07T15:28:44.901+0000][7][safepoint   ] Safepoint "Cleanup", Time since last: 2000297835 ns, Reaching safepoint: 121281 ns, At safepoint: 12137 ns, Total: 133418 ns
[2022-09-07T15:28:45.901+0000][7][safepoint   ] Safepoint "Cleanup", Time since last: 1000178688 ns, Reaching safepoint: 118731 ns, At safepoint: 13940 ns, Total: 132671 ns
[2022-09-07T15:28:46.901+0000][7][safepoint   ] Safepoint "Cleanup", Time since last: 1000180415 ns, Reaching safepoint: 120138 ns, At safepoint: 14296 ns, Total: 134434 ns
[2022-09-07T15:28:51.902+0000][7][safepoint   ] Safepoint "Cleanup", Time since last: 5000682993 ns, Reaching safepoint: 123214 ns, At safepoint: 14003 ns, Total: 137217 ns
[2022-09-07T15:28:52.902+0000][7][safepoint   ] Safepoint "Cleanup", Time since last: 1000187750 ns, Reaching safepoint: 110255 ns, At safepoint: 12633 ns, Total: 122888 ns
[2022-09-07T15:29:03.904+0000][7][safepoint   ] Safepoint "Cleanup", Time since last: 11001345446 ns, Reaching safepoint: 122437 ns, At safepoint: 14547 ns, Total: 136984 ns
[2022-09-07T15:29:06.363+0000][7][safepoint   ] Safepoint "Cleanup", Time since last: 2459107326 ns, Reaching safepoint: 109215 ns, At safepoint: 15738 ns, Total: 124953 ns
[2022-09-07T15:29:07.364+0000][7][safepoint   ] Safepoint "Cleanup", Time since last: 1000148450 ns, Reaching safepoint: 184318 ns, At safepoint: 15544 ns, Total: 199862 ns
[2022-09-07T15:29:08.364+0000][7][safepoint   ] Safepoint "Cleanup", Time since last: 1000193224 ns, Reaching safepoint: 140835 ns, At safepoint: 15320 ns, Total: 156155 ns
[2022-09-07T15:29:09.364+0000][7][safepoint   ] Safepoint "Cleanup", Time since last: 1000188202 ns, Reaching safepoint: 111677 ns, At safepoint: 14151 ns, Total: 125828 ns
[2022-09-07T15:29:12.365+0000][7][safepoint   ] Safepoint "Cleanup", Time since last: 3000457947 ns, Reaching safepoint: 123828 ns, At safepoint: 15297 ns, Total: 139125 ns
[2022-09-07T15:29:16.365+0000][7][safepoint   ] Safepoint "Cleanup", Time since last: 4000570264 ns, Reaching safepoint: 125871 ns, At safepoint: 15157 ns, Total: 141028 ns
[2022-09-07T15:29:17.366+0000][7][safepoint   ] Safepoint "Cleanup", Time since last: 1000211918 ns, Reaching safepoint: 110561 ns, At safepoint: 14800 ns, Total: 125361 ns
[2022-09-07T15:29:23.367+0000][7][safepoint   ] Safepoint "Cleanup", Time since last: 6000775462 ns, Reaching safepoint: 133134 ns, At safepoint: 13140 ns, Total: 146274 ns
[2022-09-07T15:29:28.368+0000][7][safepoint   ] Safepoint "Cleanup", Time since last: 5000665512 ns, Reaching safepoint: 131642 ns, At safepoint: 14894 ns, Total: 146536 ns
[2022-09-07T15:29:32.368+0000][7][safepoint   ] Safepoint "Cleanup", Time since last: 4000540778 ns, Reaching safepoint: 124201 ns, At safepoint: 14837 ns, Total: 139038 ns
[2022-09-07T15:29:39.369+0000][7][safepoint   ] Safepoint "Cleanup", Time since last: 7000909258 ns, Reaching safepoint: 132408 ns, At safepoint: 12770 ns, Total: 145178 ns
[2022-09-07T15:29:45.370+0000][7][safepoint   ] Safepoint "Cleanup", Time since last: 6000742650 ns, Reaching safepoint: 196229 ns, At safepoint: 20093 ns, Total: 216322 ns
[2022-09-07T15:29:46.371+0000][7][safepoint   ] Safepoint "Cleanup", Time since last: 1000188937 ns, Reaching safepoint: 116981 ns, At safepoint: 13036 ns, Total: 130017 ns
[2022-09-07T15:29:50.371+0000][7][safepoint   ] Safepoint "Cleanup", Time since last: 4000526622 ns, Reaching safepoint: 119851 ns, At safepoint: 14044 ns, Total: 133895 ns
[2022-09-07T15:29:51.372+0000][7][safepoint   ] Safepoint "Cleanup", Time since last: 1000183183 ns, Reaching safepoint: 113441 ns, At safepoint: 14683 ns, Total: 128124 ns
[2022-09-07T15:29:52.372+0000][7][safepoint   ] Safepoint "Cleanup", Time since last: 1000212433 ns, Reaching safepoint: 108395 ns, At safepoint: 14083 ns, Total: 122478 ns
[2022-09-07T15:29:55.372+0000][7][safepoint   ] Safepoint "Cleanup", Time since last: 3000408100 ns, Reaching safepoint: 134322 ns, At safepoint: 14090 ns, Total: 148412 ns
[2022-09-07T15:29:56.373+0000][7][safepoint   ] Safepoint "Cleanup", Time since last: 1000179059 ns, Reaching safepoint: 110958 ns, At safepoint: 14383 ns, Total: 125341 ns
[2022-09-07T15:30:17.375+0000][7][safepoint   ] Safepoint "Cleanup", Time since last: 21002468291 ns, Reaching safepoint: 146898 ns, At safepoint: 15260 ns, Total: 162158 ns
[2022-09-07T15:30:19.376+0000][7][safepoint   ] Safepoint "Cleanup", Time since last: 2000297367 ns, Reaching safepoint: 119035 ns, At safepoint: 15020 ns, Total: 134055 ns
[2022-09-07T15:30:21.376+0000][7][safepoint   ] Safepoint "Cleanup", Time since last: 2000318314 ns, Reaching safepoint: 121145 ns, At safepoint: 14493 ns, Total: 135638 ns
[2022-09-07T15:30:24.377+0000][7][safepoint   ] Safepoint "Cleanup", Time since last: 3000406722 ns, Reaching safepoint: 128875 ns, At safepoint: 14843 ns, Total: 143718 ns
[2022-09-07T15:30:44.379+0000][7][safepoint   ] Safepoint "Cleanup", Time since last: 20002528894 ns, Reaching safepoint: 139854 ns, At safepoint: 14600 ns, Total: 154454 ns
[2022-09-07T15:30:48.380+0000][7][safepoint   ] Safepoint "Cleanup", Time since last: 4000523935 ns, Reaching safepoint: 121008 ns, At safepoint: 15084 ns, Total: 136092 ns
[2022-09-07T15:30:49.380+0000][7][safepoint   ] Safepoint "Cleanup", Time since last: 1000193689 ns, Reaching safepoint: 112515 ns, At safepoint: 14133 ns, Total: 126648 ns
[2022-09-07T15:30:57.382+0000][7][safepoint   ] Safepoint "Cleanup", Time since last: 8001011588 ns, Reaching safepoint: 138017 ns, At safepoint: 13960 ns, Total: 151977 ns
[2022-09-07T15:31:09.383+0000][7][safepoint   ] Safepoint "Cleanup", Time since last: 12001524740 ns, Reaching safepoint: 125564 ns, At safepoint: 15077 ns, Total: 140641 ns
[2022-09-07T15:31:15.384+0000][7][safepoint   ] Safepoint "Cleanup", Time since last: 6000782737 ns, Reaching safepoint: 142194 ns, At safepoint: 14027 ns, Total: 156221 ns
[2022-09-07T15:31:45.388+0000][7][safepoint   ] Safepoint "Cleanup", Time since last: 30003479985 ns, Reaching safepoint: 144748 ns, At safepoint: 14760 ns, Total: 159508 ns
[2022-09-07T15:31:46.388+0000][7][safepoint   ] Safepoint "Cleanup", Time since last: 1000205922 ns, Reaching safepoint: 117308 ns, At safepoint: 13411 ns, Total: 130719 ns
[2022-09-07T15:32:07.391+0000][7][safepoint   ] Safepoint "Cleanup", Time since last: 21002443405 ns, Reaching safepoint: 121075 ns, At safepoint: 14687 ns, Total: 135762 ns
[2022-09-07T15:32:29.394+0000][7][safepoint   ] Safepoint "Cleanup", Time since last: 22002582251 ns, Reaching safepoint: 173775 ns, At safepoint: 16771 ns, Total: 190546 ns
[2022-09-07T15:32:38.395+0000][7][safepoint   ] Safepoint "Cleanup", Time since last: 9001097981 ns, Reaching safepoint: 128864 ns, At safepoint: 15277 ns, Total: 144141 ns
[2022-09-07T15:32:52.397+0000][7][safepoint   ] Safepoint "Cleanup", Time since last: 14001789679 ns, Reaching safepoint: 124878 ns, At safepoint: 13656 ns, Total: 138534 ns
[2022-09-07T15:32:54.397+0000][7][safepoint   ] Safepoint "Cleanup", Time since last: 2000319887 ns, Reaching safepoint: 134707 ns, At safepoint: 13754 ns, Total: 148461 ns
[2022-09-07T15:32:58.398+0000][7][safepoint   ] Safepoint "Cleanup", Time since last: 4000574769 ns, Reaching safepoint: 130327 ns, At safepoint: 13880 ns, Total: 144207 ns
[2022-09-07T15:32:59.398+0000][7][safepoint   ] Safepoint "Cleanup", Time since last: 1000210681 ns, Reaching safepoint: 127052 ns, At safepoint: 14973 ns, Total: 142025 ns
[2022-09-07T15:33:03.399+0000][7][safepoint   ] Safepoint "Cleanup", Time since last: 4000548666 ns, Reaching safepoint: 118278 ns, At safepoint: 14837 ns, Total: 133115 ns
[2022-09-07T15:33:08.400+0000][7][safepoint   ] Safepoint "Cleanup", Time since last: 5000663509 ns, Reaching safepoint: 128395 ns, At safepoint: 14563 ns, Total: 142958 ns
[2022-09-07T15:33:15.401+0000][7][safepoint   ] Safepoint "Cleanup", Time since last: 7000886742 ns, Reaching safepoint: 142325 ns, At safepoint: 20073 ns, Total: 162398 ns
[2022-09-07T15:33:33.403+0000][7][safepoint   ] Safepoint "Cleanup", Time since last: 18002083051 ns, Reaching safepoint: 133585 ns, At safepoint: 15223 ns, Total: 148808 ns
[2022-09-07T15:33:46.405+0000][7][safepoint   ] Safepoint "Cleanup", Time since last: 13001646915 ns, Reaching safepoint: 156128 ns, At safepoint: 14020 ns, Total: 170148 ns
[2022-09-07T15:33:54.406+0000][7][safepoint   ] Safepoint "Cleanup", Time since last: 8000974067 ns, Reaching safepoint: 124359 ns, At safepoint: 14320 ns, Total: 138679 ns
[2022-09-07T15:34:12.408+0000][7][safepoint   ] Safepoint "Cleanup", Time since last: 18002085672 ns, Reaching safepoint: 117148 ns, At safepoint: 14427 ns, Total: 131575 ns
[2022-09-07T15:34:13.409+0000][7][safepoint   ] Safepoint "Cleanup", Time since last: 1000183978 ns, Reaching safepoint: 122965 ns, At safepoint: 14564 ns, Total: 137529 ns
[2022-09-07T15:34:15.409+0000][7][safepoint   ] Safepoint "Cleanup", Time since last: 2000302443 ns, Reaching safepoint: 144744 ns, At safepoint: 13514 ns, Total: 158258 ns
[2022-09-07T15:34:16.409+0000][7][safepoint   ] Safepoint "Cleanup", Time since last: 1000199815 ns, Reaching safepoint: 114927 ns, At safepoint: 14391 ns, Total: 129318 ns
[2022-09-07T15:34:44.413+0000][7][safepoint   ] Safepoint "Cleanup", Time since last: 28003510140 ns, Reaching safepoint: 124088 ns, At safepoint: 13837 ns, Total: 137925 ns
[2022-09-07T15:35:45.420+0000][7][safepoint   ] Safepoint "Cleanup", Time since last: 61007341909 ns, Reaching safepoint: 148024 ns, At safepoint: 14307 ns, Total: 162331 ns
[2022-09-07T15:35:52.421+0000][7][safepoint   ] Safepoint "Cleanup", Time since last: 7000794840 ns, Reaching safepoint: 148831 ns, At safepoint: 21367 ns, Total: 170198 ns
[2022-09-07T15:35:54.770+0000][7][safepoint   ] Safepoint "Cleanup", Time since last: 2348150296 ns, Reaching safepoint: 126838 ns, At safepoint: 14344 ns, Total: 141182 ns
[2022-09-07T15:36:16.772+0000][7][safepoint   ] Safepoint "Cleanup", Time since last: 22002598013 ns, Reaching safepoint: 122441 ns, At safepoint: 15097 ns, Total: 137538 ns
[2022-09-07T15:36:27.774+0000][7][safepoint   ] Safepoint "Cleanup", Time since last: 11001296123 ns, Reaching safepoint: 152918 ns, At safepoint: 15143 ns, Total: 168061 ns
[2022-09-07T15:36:33.775+0000][7][safepoint   ] Safepoint "Cleanup", Time since last: 6000839634 ns, Reaching safepoint: 126754 ns, At safepoint: 12684 ns, Total: 139438 ns
[2022-09-07T15:36:45.777+0000][7][safepoint   ] Safepoint "Cleanup", Time since last: 12001480267 ns, Reaching safepoint: 130701 ns, At safepoint: 13433 ns, Total: 144134 ns
[2022-09-07T15:36:56.778+0000][7][safepoint   ] Safepoint "Cleanup", Time since last: 11001301191 ns, Reaching safepoint: 144571 ns, At safepoint: 15577 ns, Total: 160148 ns
[2022-09-07T15:37:22.781+0000][7][safepoint   ] Safepoint "Cleanup", Time since last: 26003117471 ns, Reaching safepoint: 148719 ns, At safepoint: 14893 ns, Total: 163612 ns
[2022-09-07T15:37:45.784+0000][7][safepoint   ] Safepoint "Cleanup", Time since last: 23002764207 ns, Reaching safepoint: 121345 ns, At safepoint: 14357 ns, Total: 135702 ns
[2022-09-07T15:37:46.784+0000][7][safepoint   ] Safepoint "Cleanup", Time since last: 1000202180 ns, Reaching safepoint: 118144 ns, At safepoint: 14087 ns, Total: 132231 ns
[2022-09-07T15:38:31.790+0000][7][safepoint   ] Safepoint "Cleanup", Time since last: 45005376968 ns, Reaching safepoint: 139464 ns, At safepoint: 14664 ns, Total: 154128 ns
[2022-09-07T15:38:46.792+0000][7][safepoint   ] Safepoint "Cleanup", Time since last: 15001881793 ns, Reaching safepoint: 121468 ns, At safepoint: 14834 ns, Total: 136302 ns
[2022-09-07T15:38:48.792+0000][7][safepoint   ] Safepoint "Cleanup", Time since last: 2000311346 ns, Reaching safepoint: 119401 ns, At safepoint: 14823 ns, Total: 134224 ns
[2022-09-07T15:39:12.795+0000][7][safepoint   ] Safepoint "Cleanup", Time since last: 24002849037 ns, Reaching safepoint: 117814 ns, At safepoint: 15104 ns, Total: 132918 ns
[2022-09-07T15:39:21.797+0000][7][safepoint   ] Safepoint "Cleanup", Time since last: 9001150660 ns, Reaching safepoint: 119241 ns, At safepoint: 14554 ns, Total: 133795 ns
[2022-09-07T15:39:45.800+0000][7][safepoint   ] Safepoint "Cleanup", Time since last: 24002962278 ns, Reaching safepoint: 140986 ns, At safepoint: 15076 ns, Total: 156062 ns
[2022-09-07T15:40:06.802+0000][7][safepoint   ] Safepoint "Cleanup", Time since last: 21002446988 ns, Reaching safepoint: 151169 ns, At safepoint: 14676 ns, Total: 165845 ns
[2022-09-07T15:40:39.807+0000][7][safepoint   ] Safepoint "Cleanup", Time since last: 33003917658 ns, Reaching safepoint: 144215 ns, At safepoint: 14723 ns, Total: 158938 ns
[2022-09-07T15:40:46.808+0000][7][safepoint   ] Safepoint "Cleanup", Time since last: 7000910909 ns, Reaching safepoint: 116172 ns, At safepoint: 14620 ns, Total: 130792 ns
[2022-09-07T15:41:02.810+0000][7][safepoint   ] Safepoint "Cleanup", Time since last: 16001890368 ns, Reaching safepoint: 148721 ns, At safepoint: 14967 ns, Total: 163688 ns
[2022-09-07T15:41:03.960+0000][7][gc,heap,exit] Heap
[2022-09-07T15:41:03.960+0000][7][gc,heap,exit]  garbage-first heap   total 32505856K, used 672852K [0x0000001001000000, 0x00000017c1000000)
[2022-09-07T15:41:03.960+0000][7][gc,heap,exit]   region size 16384K, 42 young (688128K), 6 survivors (98304K)
[2022-09-07T15:41:03.960+0000][7][gc,heap,exit]  Metaspace       used 107703K, committed 110592K, reserved 1179648K
[2022-09-07T15:41:03.960+0000][7][gc,heap,exit]   class space    used 14930K, committed 16320K, reserved 1048576K
